2026-07-23 00:36:06,107 [trainer.py] => config: ./exps/adapter_cub.json
2026-07-23 00:36:06,108 [trainer.py] => prefix: all
2026-07-23 00:36:06,108 [trainer.py] => dataset: cub
2026-07-23 00:36:06,108 [trainer.py] => shuffle: True
2026-07-23 00:36:06,108 [trainer.py] => ssca: True
2026-07-23 00:36:06,109 [trainer.py] => ca: True
2026-07-23 00:36:06,109 [trainer.py] => init_cls: 10
2026-07-23 00:36:06,109 [trainer.py] => increment: 10
2026-07-23 00:36:06,109 [trainer.py] => model_name: adapter
2026-07-23 00:36:06,109 [trainer.py] => convnet_type: pretrained_vit_b16_224_in21k_adapter
2026-07-23 00:36:06,109 [trainer.py] => device: [device(type='cuda', index=0)]
2026-07-23 00:36:06,109 [trainer.py] => seed: 1993
2026-07-23 00:36:06,109 [trainer.py] => init_epochs: 20
2026-07-23 00:36:06,110 [trainer.py] => warmup_epoch: 9
2026-07-23 00:36:06,110 [trainer.py] => inc_epochs: 30
2026-07-23 00:36:06,110 [trainer.py] => ca_epochs: 10
2026-07-23 00:36:06,110 [trainer.py] => init_lr: 0.03773856474362839
2026-07-23 00:36:06,110 [trainer.py] => batch_size: 128
2026-07-23 00:36:06,110 [trainer.py] => weight_decay: 3.425582163491081e-06
2026-07-23 00:36:06,110 [trainer.py] => min_lr: 0
2026-07-23 00:36:06,111 [trainer.py] => ffn_num: 64
2026-07-23 00:36:06,111 [trainer.py] => optimizer: sgd
2026-07-23 00:36:06,111 [trainer.py] => scale: 20.0
2026-07-23 00:36:06,111 [trainer.py] => margin: 0.1
2026-07-23 00:36:06,111 [trainer.py] => alpha: 1.0
2026-07-23 00:36:06,111 [trainer.py] => rs_margin: 0.5
2026-07-23 00:36:06,111 [trainer.py] => lambda_rs: 0.2
2026-07-23 00:36:06,112 [trainer.py] => beta: 1.5
2026-07-23 00:36:06,112 [trainer.py] => gamma: 0.75
2026-07-23 00:36:06,112 [trainer.py] => ae_code_dims: 768
2026-07-23 00:36:06,112 [trainer.py] => ae_init_lr: 0.09988605662355629
2026-07-23 00:36:06,112 [trainer.py] => ae_weight_decay: 9.418584598386518e-05
2026-07-23 00:36:06,112 [trainer.py] => resume: True
2026-07-23 00:36:06,112 [trainer.py] => resume_path: 
2026-07-23 00:36:06,113 [trainer.py] => Output root: /content/RSIAT
2026-07-23 00:36:06,113 [trainer.py] => Checkpoint directory: /content/RSIAT/checkpoints/all/cub/10_10/seed_1993
2026-07-23 00:43:04,554 [trainer.py] => config: ./exps/adapter_cub.json
2026-07-23 00:43:04,562 [trainer.py] => prefix: all
2026-07-23 00:43:04,562 [trainer.py] => dataset: cub
2026-07-23 00:43:04,562 [trainer.py] => shuffle: True
2026-07-23 00:43:04,562 [trainer.py] => ssca: True
2026-07-23 00:43:04,563 [trainer.py] => ca: True
2026-07-23 00:43:04,563 [trainer.py] => init_cls: 10
2026-07-23 00:43:04,563 [trainer.py] => increment: 10
2026-07-23 00:43:04,563 [trainer.py] => model_name: adapter
2026-07-23 00:43:04,563 [trainer.py] => convnet_type: pretrained_vit_b16_224_in21k_adapter
2026-07-23 00:43:04,563 [trainer.py] => device: [device(type='cuda', index=0)]
2026-07-23 00:43:04,563 [trainer.py] => seed: 1993
2026-07-23 00:43:04,564 [trainer.py] => init_epochs: 20
2026-07-23 00:43:04,564 [trainer.py] => warmup_epoch: 9
2026-07-23 00:43:04,564 [trainer.py] => inc_epochs: 30
2026-07-23 00:43:04,564 [trainer.py] => ca_epochs: 10
2026-07-23 00:43:04,564 [trainer.py] => init_lr: 0.03773856474362839
2026-07-23 00:43:04,564 [trainer.py] => batch_size: 128
2026-07-23 00:43:04,564 [trainer.py] => weight_decay: 3.425582163491081e-06
2026-07-23 00:43:04,565 [trainer.py] => min_lr: 0
2026-07-23 00:43:04,565 [trainer.py] => ffn_num: 64
2026-07-23 00:43:04,565 [trainer.py] => optimizer: sgd
2026-07-23 00:43:04,565 [trainer.py] => scale: 20.0
2026-07-23 00:43:04,565 [trainer.py] => margin: 0.1
2026-07-23 00:43:04,565 [trainer.py] => alpha: 1.0
2026-07-23 00:43:04,565 [trainer.py] => rs_margin: 0.5
2026-07-23 00:43:04,566 [trainer.py] => lambda_rs: 0.2
2026-07-23 00:43:04,566 [trainer.py] => beta: 1.5
2026-07-23 00:43:04,566 [trainer.py] => gamma: 0.75
2026-07-23 00:43:04,566 [trainer.py] => ae_code_dims: 768
2026-07-23 00:43:04,566 [trainer.py] => ae_init_lr: 0.09988605662355629
2026-07-23 00:43:04,566 [trainer.py] => ae_weight_decay: 9.418584598386518e-05
2026-07-23 00:43:04,566 [trainer.py] => resume: True
2026-07-23 00:43:04,566 [trainer.py] => resume_path: 
2026-07-23 00:43:04,567 [trainer.py] => Output root: /content/RSIAT
2026-07-23 00:43:04,567 [trainer.py] => Checkpoint directory: /content/RSIAT/checkpoints/all/cub/10_10/seed_1993
2026-07-23 00:43:04,610 [data_manager.py] => [168, 136, 51, 9, 183, 101, 171, 99, 42, 159, 191, 70, 16, 188, 27, 10, 175, 26, 68, 187, 98, 6, 85, 35, 112, 43, 100, 0, 103, 181, 88, 59, 4, 2, 116, 174, 94, 80, 106, 1, 147, 17, 141, 131, 72, 23, 173, 54, 197, 118, 87, 32, 79, 104, 91, 19, 135, 107, 178, 36, 11, 199, 142, 8, 122, 3, 28, 57, 153, 172, 190, 56, 49, 44, 97, 62, 151, 169, 194, 55, 192, 12, 189, 78, 66, 180, 15, 137, 109, 134, 92, 119, 126, 52, 170, 40, 148, 65, 144, 64, 138, 45, 77, 89, 154, 90, 71, 193, 74, 30, 113, 143, 96, 84, 67, 50, 186, 156, 69, 21, 18, 111, 108, 58, 125, 157, 150, 110, 182, 129, 166, 83, 81, 60, 13, 165, 14, 176, 63, 117, 5, 22, 145, 121, 38, 41, 82, 127, 114, 20, 31, 53, 37, 163, 196, 130, 152, 162, 86, 76, 24, 34, 184, 149, 33, 128, 198, 155, 146, 167, 139, 120, 140, 102, 47, 25, 158, 123, 46, 164, 61, 7, 115, 75, 133, 160, 105, 132, 179, 124, 48, 73, 93, 39, 95, 195, 29, 177, 185, 161]
2026-07-23 00:43:09,202 [hub.py] => Downloading: "https://storage.googleapis.com/vit_models/augreg/B_16-i21k-300ep-lr_0.001-aug_medium1-wd_0.1-do_0.0-sd_0.0.npz" to /root/.cache/torch/hub/checkpoints/B_16-i21k-300ep-lr_0.001-aug_medium1-wd_0.1-do_0.0-sd_0.0.npz

2026-07-23 00:43:29,659 [trainer.py] => Starting task 0/19
2026-07-23 00:43:29,660 [trainer.py] => All params: 86988288
2026-07-23 00:43:29,661 [trainer.py] => Trainable params: 1189632
2026-07-23 00:43:29,663 [RSIAT_adapter.py] => Learning on 0-10
2026-07-23 00:43:30,086 [toolkit.py] => All params: 86251776
2026-07-23 00:43:30,086 [toolkit.py] => Trainable params: 1197312
2026-07-23 00:48:33,985 [RSIAT_adapter.py] => Task 0, Epoch 20/20 => Loss 0.373, Loss_c 0.282, Losses_rt 0.090, Train_accy 98.33, Test_accy 98.32
2026-07-23 00:48:48,686 [trainer.py] => CNN: {'total': 98.32, '00-09': 98.32, 'old': 0.0, 'new': 98.32}
2026-07-23 00:48:48,686 [trainer.py] => CNN top1 curve: [98.32]
2026-07-23 00:48:48,687 [trainer.py] => CNN top5 curve: [100.0]
2026-07-23 00:48:56,768 [trainer.py] => Saved checkpoint: /content/RSIAT/checkpoints/all/cub/10_10/seed_1993/task_0.pth
2026-07-23 00:48:56,769 [trainer.py] => Average Accuracy (CNN): 98.32
2026-07-23 00:48:56,770 [trainer.py] => Starting task 1/19
2026-07-23 00:48:56,771 [trainer.py] => All params: 86995968
2026-07-23 00:48:56,775 [trainer.py] => Trainable params: 1197312
2026-07-23 00:48:56,780 [RSIAT_adapter.py] => Learning on 10-20
2026-07-23 00:49:03,108 [toolkit.py] => All params: 87201920
2026-07-23 00:49:03,109 [toolkit.py] => Trainable params: 1403264
2026-07-23 01:01:54,738 [RSIAT_adapter.py] => Task 1, Epoch 30/30 => Loss 0.485, Loss_c 0.256, Losses_rt 0.229, Train_accy 96.00, Test_accy 92.75
2026-07-23 01:02:20,884 [base.py] => CA Task 1 => Loss 0.046, Test_accy 97.300
2026-07-23 01:02:34,009 [base.py] => CA Task 1 => Loss 0.021, Test_accy 97.470
2026-07-23 01:02:47,598 [base.py] => CA Task 1 => Loss 0.016, Test_accy 97.640
2026-07-23 01:03:00,049 [base.py] => CA Task 1 => Loss 0.015, Test_accy 97.640
2026-07-23 01:03:11,506 [base.py] => CA Task 1 => Loss 0.014, Test_accy 97.640
2026-07-23 01:03:22,935 [base.py] => CA Task 1 => Loss 0.014, Test_accy 97.640
2026-07-23 01:03:34,258 [base.py] => CA Task 1 => Loss 0.014, Test_accy 97.640
2026-07-23 01:03:46,609 [base.py] => CA Task 1 => Loss 0.013, Test_accy 97.640
2026-07-23 01:03:59,819 [base.py] => CA Task 1 => Loss 0.012, Test_accy 97.640
2026-07-23 01:04:12,362 [base.py] => CA Task 1 => Loss 0.013, Test_accy 97.640
2026-07-23 01:04:23,753 [trainer.py] => CNN: {'total': 97.64, '00-09': 98.32, '10-19': 96.96, 'old': 98.32, 'new': 96.96}
2026-07-23 01:04:23,754 [trainer.py] => CNN top1 curve: [98.32, 97.64]
2026-07-23 01:04:23,754 [trainer.py] => CNN top5 curve: [100.0, 99.83]
2026-07-23 01:04:30,760 [trainer.py] => Saved checkpoint: /content/RSIAT/checkpoints/all/cub/10_10/seed_1993/task_1.pth
2026-07-23 01:04:30,761 [trainer.py] => Average Accuracy (CNN): 97.97999999999999
2026-07-23 01:04:30,761 [trainer.py] => Starting task 2/19
2026-07-23 01:04:30,762 [trainer.py] => All params: 87003648
2026-07-23 01:04:30,763 [trainer.py] => Trainable params: 1204992
2026-07-23 01:04:30,764 [RSIAT_adapter.py] => Learning on 20-30
2026-07-23 01:04:37,598 [toolkit.py] => All params: 87209600
2026-07-23 01:04:37,599 [toolkit.py] => Trainable params: 1410944
2026-07-23 01:19:45,909 [RSIAT_adapter.py] => Task 2, Epoch 30/30 => Loss 0.259, Loss_c 0.081, Losses_rt 0.178, Train_accy 97.33, Test_accy 97.00
2026-07-23 01:20:16,657 [base.py] => CA Task 2 => Loss 0.033, Test_accy 97.580
2026-07-23 01:20:33,398 [base.py] => CA Task 2 => Loss 0.023, Test_accy 97.580
2026-07-23 01:20:52,129 [base.py] => CA Task 2 => Loss 0.020, Test_accy 97.690
2026-07-23 01:21:09,849 [base.py] => CA Task 2 => Loss 0.017, Test_accy 97.580
2026-07-23 01:21:26,350 [base.py] => CA Task 2 => Loss 0.015, Test_accy 97.580
2026-07-23 01:21:42,968 [base.py] => CA Task 2 => Loss 0.016, Test_accy 97.690
2026-07-23 01:21:59,469 [base.py] => CA Task 2 => Loss 0.015, Test_accy 97.690
2026-07-23 01:22:17,880 [base.py] => CA Task 2 => Loss 0.014, Test_accy 97.690
2026-07-23 01:22:36,057 [base.py] => CA Task 2 => Loss 0.015, Test_accy 97.690
2026-07-23 01:22:52,841 [base.py] => CA Task 2 => Loss 0.014, Test_accy 97.690
2026-07-23 01:23:09,217 [trainer.py] => CNN: {'total': 97.69, '00-09': 97.98, '10-19': 96.28, '20-29': 98.9, 'old': 97.13, 'new': 98.9}
2026-07-23 01:23:09,218 [trainer.py] => CNN top1 curve: [98.32, 97.64, 97.69]
2026-07-23 01:23:09,218 [trainer.py] => CNN top5 curve: [100.0, 99.83, 99.77]
2026-07-23 01:23:18,575 [trainer.py] => Saved checkpoint: /content/RSIAT/checkpoints/all/cub/10_10/seed_1993/task_2.pth
2026-07-23 01:23:18,575 [trainer.py] => Average Accuracy (CNN): 97.88333333333333
2026-07-23 01:23:18,576 [trainer.py] => Starting task 3/19
2026-07-23 01:23:18,577 [trainer.py] => All params: 87011328
2026-07-23 01:23:18,579 [trainer.py] => Trainable params: 1212672
2026-07-23 01:23:18,580 [RSIAT_adapter.py] => Learning on 30-40
2026-07-23 01:23:24,451 [toolkit.py] => All params: 87217280
2026-07-23 01:23:24,452 [toolkit.py] => Trainable params: 1418624
2026-07-23 01:41:06,932 [RSIAT_adapter.py] => Task 3, Epoch 30/30 => Loss 0.322, Loss_c 0.174, Losses_rt 0.148, Train_accy 84.62, Test_accy 92.32
2026-07-23 01:41:43,967 [base.py] => CA Task 3 => Loss 0.059, Test_accy 96.860
2026-07-23 01:42:05,384 [base.py] => CA Task 3 => Loss 0.034, Test_accy 96.950
2026-07-23 01:42:27,910 [base.py] => CA Task 3 => Loss 0.032, Test_accy 97.030
2026-07-23 01:42:49,154 [base.py] => CA Task 3 => Loss 0.027, Test_accy 96.950
2026-07-23 01:43:11,457 [base.py] => CA Task 3 => Loss 0.024, Test_accy 96.950
2026-07-23 01:43:32,697 [base.py] => CA Task 3 => Loss 0.024, Test_accy 96.950
2026-07-23 01:43:55,540 [base.py] => CA Task 3 => Loss 0.023, Test_accy 96.950
2026-07-23 01:44:16,886 [base.py] => CA Task 3 => Loss 0.023, Test_accy 96.950
2026-07-23 01:44:39,258 [base.py] => CA Task 3 => Loss 0.023, Test_accy 96.950
2026-07-23 01:45:00,873 [base.py] => CA Task 3 => Loss 0.024, Test_accy 96.950
2026-07-23 01:45:22,708 [trainer.py] => CNN: {'total': 96.95, '00-09': 97.64, '10-19': 95.95, '20-29': 97.44, '30-39': 96.79, 'old': 97.0, 'new': 96.79}
2026-07-23 01:45:22,709 [trainer.py] => CNN top1 curve: [98.32, 97.64, 97.69, 96.95]
2026-07-23 01:45:22,709 [trainer.py] => CNN top5 curve: [100.0, 99.83, 99.77, 99.56]
2026-07-23 01:45:31,420 [trainer.py] => Saved checkpoint: /content/RSIAT/checkpoints/all/cub/10_10/seed_1993/task_3.pth
2026-07-23 01:45:31,425 [trainer.py] => Average Accuracy (CNN): 97.65
2026-07-23 01:45:31,425 [trainer.py] => Starting task 4/19
2026-07-23 01:45:31,426 [trainer.py] => All params: 87019008
2026-07-23 01:45:31,427 [trainer.py] => Trainable params: 1220352
2026-07-23 01:45:31,428 [RSIAT_adapter.py] => Learning on 40-50
2026-07-23 01:45:37,087 [toolkit.py] => All params: 87224960
2026-07-23 01:45:37,087 [toolkit.py] => Trainable params: 1426304
2026-07-23 02:05:26,918 [RSIAT_adapter.py] => Task 4, Epoch 30/30 => Loss 0.333, Loss_c 0.211, Losses_rt 0.122, Train_accy 86.67, Test_accy 95.64
2026-07-23 02:06:07,208 [base.py] => CA Task 4 => Loss 0.039, Test_accy 97.050
2026-07-23 02:06:33,273 [base.py] => CA Task 4 => Loss 0.031, Test_accy 96.980
2026-07-23 02:07:00,282 [base.py] => CA Task 4 => Loss 0.026, Test_accy 97.120
2026-07-23 02:07:26,833 [base.py] => CA Task 4 => Loss 0.027, Test_accy 97.120
2026-07-23 02:07:52,052 [base.py] => CA Task 4 => Loss 0.024, Test_accy 97.120
2026-07-23 02:08:17,405 [base.py] => CA Task 4 => Loss 0.023, Test_accy 97.120
2026-07-23 02:08:44,180 [base.py] => CA Task 4 => Loss 0.023, Test_accy 97.120
2026-07-23 02:09:11,345 [base.py] => CA Task 4 => Loss 0.022, Test_accy 97.120
2026-07-23 02:09:37,548 [base.py] => CA Task 4 => Loss 0.022, Test_accy 97.120
2026-07-23 02:10:02,661 [base.py] => CA Task 4 => Loss 0.022, Test_accy 97.120
2026-07-23 02:10:28,159 [trainer.py] => CNN: {'total': 97.12, '00-09': 97.64, '10-19': 96.28, '20-29': 97.44, '30-39': 96.79, '40-49': 97.46, 'old': 97.03, 'new': 97.46}
2026-07-23 02:10:28,160 [trainer.py] => CNN top1 curve: [98.32, 97.64, 97.69, 96.95, 97.12]
2026-07-23 02:10:28,160 [trainer.py] => CNN top5 curve: [100.0, 99.83, 99.77, 99.56, 99.44]
2026-07-23 02:10:40,867 [trainer.py] => Saved checkpoint: /content/RSIAT/checkpoints/all/cub/10_10/seed_1993/task_4.pth
2026-07-23 02:10:40,868 [trainer.py] => Average Accuracy (CNN): 97.54400000000001
2026-07-23 02:10:40,868 [trainer.py] => Starting task 5/19
2026-07-23 02:10:40,869 [trainer.py] => All params: 87026688
2026-07-23 02:10:40,870 [trainer.py] => Trainable params: 1228032
2026-07-23 02:10:40,871 [RSIAT_adapter.py] => Learning on 50-60
2026-07-23 02:10:47,082 [toolkit.py] => All params: 87232640
2026-07-23 02:10:47,083 [toolkit.py] => Trainable params: 1433984
2026-07-23 02:32:42,379 [RSIAT_adapter.py] => Task 5, Epoch 30/30 => Loss 0.459, Loss_c 0.358, Losses_rt 0.101, Train_accy 90.67, Test_accy 94.49
2026-07-23 02:33:27,399 [base.py] => CA Task 5 => Loss 0.054, Test_accy 95.370
2026-07-23 02:33:56,872 [base.py] => CA Task 5 => Loss 0.042, Test_accy 95.490
2026-07-23 02:34:26,168 [base.py] => CA Task 5 => Loss 0.037, Test_accy 95.660
2026-07-23 02:34:55,808 [base.py] => CA Task 5 => Loss 0.034, Test_accy 95.550
2026-07-23 02:35:25,575 [base.py] => CA Task 5 => Loss 0.032, Test_accy 95.550
2026-07-23 02:35:55,085 [base.py] => CA Task 5 => Loss 0.032, Test_accy 95.660
2026-07-23 02:36:23,995 [base.py] => CA Task 5 => Loss 0.029, Test_accy 95.660
2026-07-23 02:36:53,147 [base.py] => CA Task 5 => Loss 0.029, Test_accy 95.720
2026-07-23 02:37:22,848 [base.py] => CA Task 5 => Loss 0.030, Test_accy 95.720
2026-07-23 02:37:52,716 [base.py] => CA Task 5 => Loss 0.030, Test_accy 95.720
2026-07-23 02:38:22,184 [trainer.py] => CNN: {'total': 95.72, '00-09': 93.94, '10-19': 96.62, '20-29': 97.44, '30-39': 95.36, '40-49': 96.74, '50-59': 94.39, 'old': 95.99, 'new': 94.39}
2026-07-23 02:38:22,185 [trainer.py] => CNN top1 curve: [98.32, 97.64, 97.69, 96.95, 97.12, 95.72]
2026-07-23 02:38:22,185 [trainer.py] => CNN top5 curve: [100.0, 99.83, 99.77, 99.56, 99.44, 99.59]
2026-07-23 02:38:30,086 [trainer.py] => Saved checkpoint: /content/RSIAT/checkpoints/all/cub/10_10/seed_1993/task_5.pth
2026-07-23 02:38:30,090 [trainer.py] => Average Accuracy (CNN): 97.24000000000001
2026-07-23 02:38:30,091 [trainer.py] => Starting task 6/19
2026-07-23 02:38:30,095 [trainer.py] => All params: 87034368
2026-07-23 02:38:30,097 [trainer.py] => Trainable params: 1235712
2026-07-23 02:38:30,099 [RSIAT_adapter.py] => Learning on 60-70
2026-07-23 02:38:35,969 [toolkit.py] => All params: 87240320
2026-07-23 02:38:35,970 [toolkit.py] => Trainable params: 1441664
2026-07-23 03:02:13,685 [RSIAT_adapter.py] => Task 6, Epoch 30/30 => Loss 0.321, Loss_c 0.223, Losses_rt 0.098, Train_accy 87.33, Test_accy 92.05
2026-07-23 03:03:03,449 [base.py] => CA Task 6 => Loss 0.067, Test_accy 94.100
2026-07-23 03:03:37,066 [base.py] => CA Task 6 => Loss 0.054, Test_accy 94.450
2026-07-23 03:04:11,523 [base.py] => CA Task 6 => Loss 0.048, Test_accy 94.500
2026-07-23 03:04:46,401 [base.py] => CA Task 6 => Loss 0.046, Test_accy 94.700
2026-07-23 03:05:19,523 [base.py] => CA Task 6 => Loss 0.043, Test_accy 94.700
2026-07-23 03:05:54,444 [base.py] => CA Task 6 => Loss 0.041, Test_accy 94.850
2026-07-23 03:06:27,871 [base.py] => CA Task 6 => Loss 0.040, Test_accy 94.700
2026-07-23 03:07:01,574 [base.py] => CA Task 6 => Loss 0.039, Test_accy 94.700
2026-07-23 03:07:37,526 [base.py] => CA Task 6 => Loss 0.038, Test_accy 94.650
2026-07-23 03:08:11,192 [base.py] => CA Task 6 => Loss 0.039, Test_accy 94.750
2026-07-23 03:08:45,147 [trainer.py] => CNN: {'total': 94.75, '00-09': 91.58, '10-19': 94.59, '20-29': 97.44, '30-39': 94.29, '40-49': 96.38, '50-59': 92.98, '60-69': 96.25, 'old': 94.49, 'new': 96.25}
2026-07-23 03:08:45,147 [trainer.py] => CNN top1 curve: [98.32, 97.64, 97.69, 96.95, 97.12, 95.72, 94.75]
2026-07-23 03:08:45,148 [trainer.py] => CNN top5 curve: [100.0, 99.83, 99.77, 99.56, 99.44, 99.59, 99.45]
2026-07-23 03:08:53,033 [trainer.py] => Saved checkpoint: /content/RSIAT/checkpoints/all/cub/10_10/seed_1993/task_6.pth
2026-07-23 03:08:53,034 [trainer.py] => Average Accuracy (CNN): 96.88428571428572
2026-07-23 03:08:53,034 [trainer.py] => Starting task 7/19
2026-07-23 03:08:53,035 [trainer.py] => All params: 87042048
2026-07-23 03:08:53,037 [trainer.py] => Trainable params: 1243392
2026-07-23 03:08:53,038 [RSIAT_adapter.py] => Learning on 70-80
2026-07-23 03:08:58,788 [toolkit.py] => All params: 87248000
2026-07-23 03:08:58,789 [toolkit.py] => Trainable params: 1449344
2026-07-23 03:34:57,204 [RSIAT_adapter.py] => Task 7, Epoch 30/30 => Loss 0.223, Loss_c 0.125, Losses_rt 0.097, Train_accy 94.33, Test_accy 93.61
2026-07-23 03:35:50,913 [base.py] => CA Task 7 => Loss 0.050, Test_accy 94.610
2026-07-23 03:36:29,243 [base.py] => CA Task 7 => Loss 0.043, Test_accy 94.740
2026-07-23 03:37:09,165 [base.py] => CA Task 7 => Loss 0.041, Test_accy 94.650
2026-07-23 03:37:47,112 [base.py] => CA Task 7 => Loss 0.038, Test_accy 94.570
2026-07-23 03:38:24,847 [base.py] => CA Task 7 => Loss 0.038, Test_accy 94.780
2026-07-23 03:39:04,547 [base.py] => CA Task 7 => Loss 0.037, Test_accy 94.830
2026-07-23 03:39:43,700 [base.py] => CA Task 7 => Loss 0.036, Test_accy 94.700
2026-07-23 03:40:21,578 [base.py] => CA Task 7 => Loss 0.035, Test_accy 94.700
2026-07-23 03:41:00,594 [base.py] => CA Task 7 => Loss 0.036, Test_accy 94.700
2026-07-23 03:41:40,036 [base.py] => CA Task 7 => Loss 0.036, Test_accy 94.700
2026-07-23 03:42:17,785 [trainer.py] => CNN: {'total': 94.7, '00-09': 91.25, '10-19': 94.59, '20-29': 97.07, '30-39': 93.21, '40-49': 96.38, '50-59': 92.63, '60-69': 95.9, '70-79': 96.67, 'old': 94.4, 'new': 96.67}
2026-07-23 03:42:17,786 [trainer.py] => CNN top1 curve: [98.32, 97.64, 97.69, 96.95, 97.12, 95.72, 94.75, 94.7]
2026-07-23 03:42:17,786 [trainer.py] => CNN top5 curve: [100.0, 99.83, 99.77, 99.56, 99.44, 99.59, 99.45, 99.43]
2026-07-23 03:42:30,513 [trainer.py] => Saved checkpoint: /content/RSIAT/checkpoints/all/cub/10_10/seed_1993/task_7.pth
2026-07-23 03:42:30,516 [trainer.py] => Average Accuracy (CNN): 96.61125
2026-07-23 03:42:30,519 [trainer.py] => Starting task 8/19
2026-07-23 03:42:30,520 [trainer.py] => All params: 87049728
2026-07-23 03:42:30,522 [trainer.py] => Trainable params: 1251072
2026-07-23 03:42:30,524 [RSIAT_adapter.py] => Learning on 80-90
2026-07-23 03:42:37,384 [toolkit.py] => All params: 87255680
2026-07-23 03:42:37,385 [toolkit.py] => Trainable params: 1457024
2026-07-24 12:24:29,751 [trainer.py] => config: ./exps/adapter_cub.json
2026-07-24 12:24:30,543 [trainer.py] => prefix: all
2026-07-24 12:24:30,544 [trainer.py] => dataset: cub
2026-07-24 12:24:30,544 [trainer.py] => shuffle: True
2026-07-24 12:24:30,544 [trainer.py] => ssca: True
2026-07-24 12:24:30,544 [trainer.py] => ca: True
2026-07-24 12:24:30,544 [trainer.py] => init_cls: 10
2026-07-24 12:24:30,544 [trainer.py] => increment: 10
2026-07-24 12:24:30,544 [trainer.py] => model_name: adapter
2026-07-24 12:24:30,545 [trainer.py] => convnet_type: pretrained_vit_b16_224_in21k_adapter
2026-07-24 12:24:30,545 [trainer.py] => device: [device(type='cuda', index=0)]
2026-07-24 12:24:30,545 [trainer.py] => seed: 1993
2026-07-24 12:24:30,545 [trainer.py] => init_epochs: 20
2026-07-24 12:24:30,545 [trainer.py] => warmup_epoch: 9
2026-07-24 12:24:30,545 [trainer.py] => inc_epochs: 30
2026-07-24 12:24:30,546 [trainer.py] => ca_epochs: 10
2026-07-24 12:24:30,546 [trainer.py] => init_lr: 0.03773856474362839
2026-07-24 12:24:30,546 [trainer.py] => batch_size: 128
2026-07-24 12:24:30,546 [trainer.py] => weight_decay: 3.425582163491081e-06
2026-07-24 12:24:30,546 [trainer.py] => min_lr: 0
2026-07-24 12:24:30,546 [trainer.py] => ffn_num: 64
2026-07-24 12:24:30,546 [trainer.py] => optimizer: sgd
2026-07-24 12:24:30,546 [trainer.py] => scale: 20.0
2026-07-24 12:24:30,546 [trainer.py] => margin: 0.1
2026-07-24 12:24:30,547 [trainer.py] => alpha: 1.0
2026-07-24 12:24:30,547 [trainer.py] => rs_margin: 0.5
2026-07-24 12:24:30,547 [trainer.py] => lambda_rs: 0.2
2026-07-24 12:24:30,547 [trainer.py] => beta: 1.5
2026-07-24 12:24:30,547 [trainer.py] => gamma: 0.75
2026-07-24 12:24:30,547 [trainer.py] => ae_code_dims: 768
2026-07-24 12:24:30,547 [trainer.py] => ae_init_lr: 0.09988605662355629
2026-07-24 12:24:30,548 [trainer.py] => ae_weight_decay: 9.418584598386518e-05
2026-07-24 12:24:30,548 [trainer.py] => resume: True
2026-07-24 12:24:30,548 [trainer.py] => resume_path: 
2026-07-24 12:24:30,548 [trainer.py] => Output root: /content/RSIAT
2026-07-24 12:24:30,548 [trainer.py] => Checkpoint directory: /content/RSIAT/checkpoints/all/cub/10_10/seed_1993
2026-07-24 12:24:30,592 [data_manager.py] => [168, 136, 51, 9, 183, 101, 171, 99, 42, 159, 191, 70, 16, 188, 27, 10, 175, 26, 68, 187, 98, 6, 85, 35, 112, 43, 100, 0, 103, 181, 88, 59, 4, 2, 116, 174, 94, 80, 106, 1, 147, 17, 141, 131, 72, 23, 173, 54, 197, 118, 87, 32, 79, 104, 91, 19, 135, 107, 178, 36, 11, 199, 142, 8, 122, 3, 28, 57, 153, 172, 190, 56, 49, 44, 97, 62, 151, 169, 194, 55, 192, 12, 189, 78, 66, 180, 15, 137, 109, 134, 92, 119, 126, 52, 170, 40, 148, 65, 144, 64, 138, 45, 77, 89, 154, 90, 71, 193, 74, 30, 113, 143, 96, 84, 67, 50, 186, 156, 69, 21, 18, 111, 108, 58, 125, 157, 150, 110, 182, 129, 166, 83, 81, 60, 13, 165, 14, 176, 63, 117, 5, 22, 145, 121, 38, 41, 82, 127, 114, 20, 31, 53, 37, 163, 196, 130, 152, 162, 86, 76, 24, 34, 184, 149, 33, 128, 198, 155, 146, 167, 139, 120, 140, 102, 47, 25, 158, 123, 46, 164, 61, 7, 115, 75, 133, 160, 105, 132, 179, 124, 48, 73, 93, 39, 95, 195, 29, 177, 185, 161]
2026-07-24 12:24:36,152 [hub.py] => Downloading: "https://storage.googleapis.com/vit_models/augreg/B_16-i21k-300ep-lr_0.001-aug_medium1-wd_0.1-do_0.0-sd_0.0.npz" to /root/.cache/torch/hub/checkpoints/B_16-i21k-300ep-lr_0.001-aug_medium1-wd_0.1-do_0.0-sd_0.0.npz

2026-07-24 12:25:37,561 [trainer.py] => Resumed checkpoint: /content/RSIAT/checkpoints/all/cub/10_10/seed_1993/latest.pth
2026-07-24 12:25:37,562 [trainer.py] => Continuing from task 8
2026-07-24 12:25:37,563 [trainer.py] => Starting task 8/19
2026-07-24 12:25:37,564 [trainer.py] => All params: 87049728
2026-07-24 12:25:37,565 [trainer.py] => Trainable params: 1251072
2026-07-24 12:25:37,565 [RSIAT_adapter.py] => Learning on 80-90
2026-07-24 12:25:44,348 [toolkit.py] => All params: 87255680
2026-07-24 12:25:44,349 [toolkit.py] => Trainable params: 1457024
2026-07-24 12:52:44,586 [trainer.py] => config: ./exps/adapter_cub.json
2026-07-24 12:52:45,192 [trainer.py] => prefix: all
2026-07-24 12:52:45,193 [trainer.py] => dataset: cub
2026-07-24 12:52:45,193 [trainer.py] => shuffle: True
2026-07-24 12:52:45,193 [trainer.py] => ssca: True
2026-07-24 12:52:45,193 [trainer.py] => ca: True
2026-07-24 12:52:45,193 [trainer.py] => init_cls: 10
2026-07-24 12:52:45,193 [trainer.py] => increment: 10
2026-07-24 12:52:45,194 [trainer.py] => model_name: adapter
2026-07-24 12:52:45,194 [trainer.py] => convnet_type: pretrained_vit_b16_224_in21k_adapter
2026-07-24 12:52:45,194 [trainer.py] => device: [device(type='cuda', index=0)]
2026-07-24 12:52:45,194 [trainer.py] => seed: 1993
2026-07-24 12:52:45,194 [trainer.py] => init_epochs: 20
2026-07-24 12:52:45,194 [trainer.py] => warmup_epoch: 9
2026-07-24 12:52:45,195 [trainer.py] => inc_epochs: 30
2026-07-24 12:52:45,195 [trainer.py] => ca_epochs: 10
2026-07-24 12:52:45,195 [trainer.py] => init_lr: 0.03773856474362839
2026-07-24 12:52:45,195 [trainer.py] => batch_size: 128
2026-07-24 12:52:45,195 [trainer.py] => weight_decay: 3.425582163491081e-06
2026-07-24 12:52:45,195 [trainer.py] => min_lr: 0
2026-07-24 12:52:45,195 [trainer.py] => ffn_num: 64
2026-07-24 12:52:45,196 [trainer.py] => optimizer: sgd
2026-07-24 12:52:45,196 [trainer.py] => scale: 20.0
2026-07-24 12:52:45,196 [trainer.py] => margin: 0.1
2026-07-24 12:52:45,196 [trainer.py] => alpha: 1.0
2026-07-24 12:52:45,196 [trainer.py] => rs_margin: 0.5
2026-07-24 12:52:45,196 [trainer.py] => lambda_rs: 0.2
2026-07-24 12:52:45,196 [trainer.py] => beta: 1.5
2026-07-24 12:52:45,197 [trainer.py] => gamma: 0.75
2026-07-24 12:52:45,197 [trainer.py] => ae_code_dims: 768
2026-07-24 12:52:45,197 [trainer.py] => ae_init_lr: 0.09988605662355629
2026-07-24 12:52:45,197 [trainer.py] => ae_weight_decay: 9.418584598386518e-05
2026-07-24 12:52:45,197 [trainer.py] => resume: True
2026-07-24 12:52:45,197 [trainer.py] => resume_path: 
2026-07-24 12:52:45,197 [trainer.py] => Output root: /content/RSIAT
2026-07-24 12:52:45,198 [trainer.py] => Checkpoint directory: /content/RSIAT/checkpoints/all/cub/10_10/seed_1993
2026-07-24 12:52:45,242 [data_manager.py] => [168, 136, 51, 9, 183, 101, 171, 99, 42, 159, 191, 70, 16, 188, 27, 10, 175, 26, 68, 187, 98, 6, 85, 35, 112, 43, 100, 0, 103, 181, 88, 59, 4, 2, 116, 174, 94, 80, 106, 1, 147, 17, 141, 131, 72, 23, 173, 54, 197, 118, 87, 32, 79, 104, 91, 19, 135, 107, 178, 36, 11, 199, 142, 8, 122, 3, 28, 57, 153, 172, 190, 56, 49, 44, 97, 62, 151, 169, 194, 55, 192, 12, 189, 78, 66, 180, 15, 137, 109, 134, 92, 119, 126, 52, 170, 40, 148, 65, 144, 64, 138, 45, 77, 89, 154, 90, 71, 193, 74, 30, 113, 143, 96, 84, 67, 50, 186, 156, 69, 21, 18, 111, 108, 58, 125, 157, 150, 110, 182, 129, 166, 83, 81, 60, 13, 165, 14, 176, 63, 117, 5, 22, 145, 121, 38, 41, 82, 127, 114, 20, 31, 53, 37, 163, 196, 130, 152, 162, 86, 76, 24, 34, 184, 149, 33, 128, 198, 155, 146, 167, 139, 120, 140, 102, 47, 25, 158, 123, 46, 164, 61, 7, 115, 75, 133, 160, 105, 132, 179, 124, 48, 73, 93, 39, 95, 195, 29, 177, 185, 161]
2026-07-24 12:52:49,375 [hub.py] => Downloading: "https://storage.googleapis.com/vit_models/augreg/B_16-i21k-300ep-lr_0.001-aug_medium1-wd_0.1-do_0.0-sd_0.0.npz" to /root/.cache/torch/hub/checkpoints/B_16-i21k-300ep-lr_0.001-aug_medium1-wd_0.1-do_0.0-sd_0.0.npz

2026-07-24 12:53:28,450 [trainer.py] => Resumed checkpoint: /content/RSIAT/checkpoints/all/cub/10_10/seed_1993/task_7.pth
2026-07-24 12:53:28,451 [trainer.py] => Continuing from task 8
2026-07-24 12:53:28,451 [trainer.py] => Starting task 8/19
2026-07-24 12:53:28,452 [trainer.py] => All params: 87049728
2026-07-24 12:53:28,453 [trainer.py] => Trainable params: 1251072
2026-07-24 12:53:28,454 [RSIAT_adapter.py] => Learning on 80-90
2026-07-24 12:53:34,962 [toolkit.py] => All params: 87255680
2026-07-24 12:53:34,963 [toolkit.py] => Trainable params: 1457024
2026-07-24 13:19:14,821 [RSIAT_adapter.py] => Task 8, Epoch 30/30 => Loss 0.297, Loss_c 0.200, Losses_rt 0.097, Train_accy 94.63, Test_accy 93.68
2026-07-24 13:20:10,691 [base.py] => CA Task 8 => Loss 0.051, Test_accy 94.110
2026-07-24 13:20:49,903 [base.py] => CA Task 8 => Loss 0.045, Test_accy 94.260
2026-07-24 13:21:28,986 [base.py] => CA Task 8 => Loss 0.041, Test_accy 94.180
2026-07-24 13:22:10,101 [base.py] => CA Task 8 => Loss 0.039, Test_accy 94.340
2026-07-24 13:22:50,001 [base.py] => CA Task 8 => Loss 0.039, Test_accy 94.380
2026-07-24 13:23:29,282 [base.py] => CA Task 8 => Loss 0.038, Test_accy 94.380
2026-07-24 13:24:09,923 [base.py] => CA Task 8 => Loss 0.038, Test_accy 94.300
2026-07-24 13:24:50,671 [base.py] => CA Task 8 => Loss 0.037, Test_accy 94.260
2026-07-24 13:25:31,171 [base.py] => CA Task 8 => Loss 0.036, Test_accy 94.260
2026-07-24 13:26:10,746 [base.py] => CA Task 8 => Loss 0.036, Test_accy 94.260
2026-07-24 13:26:49,978 [trainer.py] => CNN: {'total': 94.26, '00-09': 90.57, '10-19': 93.58, '20-29': 97.07, '30-39': 93.21, '40-49': 96.01, '50-59': 91.93, '60-69': 95.9, '70-79': 96.0, '80-89': 94.26, 'old': 94.26, 'new': 94.26}
2026-07-24 13:26:49,979 [trainer.py] => CNN top1 curve: [98.32, 97.64, 97.69, 96.95, 97.12, 95.72, 94.75, 94.7, 94.26]
2026-07-24 13:26:49,980 [trainer.py] => CNN top5 curve: [100.0, 99.83, 99.77, 99.56, 99.44, 99.59, 99.45, 99.43, 99.38]
2026-07-24 13:27:02,574 [trainer.py] => Saved checkpoint: /content/RSIAT/checkpoints/all/cub/10_10/seed_1993/task_8.pth
2026-07-24 13:27:02,575 [trainer.py] => Average Accuracy (CNN): 96.35
2026-07-24 13:27:02,575 [trainer.py] => Starting task 9/19
2026-07-24 13:27:02,576 [trainer.py] => All params: 87057408
2026-07-24 13:27:02,577 [trainer.py] => Trainable params: 1258752
2026-07-24 13:27:02,578 [RSIAT_adapter.py] => Learning on 90-100
2026-07-24 13:27:08,198 [toolkit.py] => All params: 87263360
2026-07-24 13:27:08,198 [toolkit.py] => Trainable params: 1464704
2026-07-24 13:55:21,011 [RSIAT_adapter.py] => Task 9, Epoch 30/30 => Loss 0.337, Loss_c 0.246, Losses_rt 0.092, Train_accy 75.67, Test_accy 90.23
2026-07-24 13:56:20,809 [base.py] => CA Task 9 => Loss 0.072, Test_accy 93.410
2026-07-24 13:57:05,437 [base.py] => CA Task 9 => Loss 0.056, Test_accy 93.450
2026-07-24 13:57:50,557 [base.py] => CA Task 9 => Loss 0.050, Test_accy 93.520
2026-07-24 13:58:35,941 [base.py] => CA Task 9 => Loss 0.048, Test_accy 93.690
2026-07-24 13:59:21,223 [base.py] => CA Task 9 => Loss 0.046, Test_accy 93.760
2026-07-24 14:00:06,694 [base.py] => CA Task 9 => Loss 0.045, Test_accy 93.620
2026-07-24 14:00:51,456 [base.py] => CA Task 9 => Loss 0.045, Test_accy 93.690
2026-07-24 14:01:35,006 [base.py] => CA Task 9 => Loss 0.044, Test_accy 93.760
2026-07-24 14:02:18,686 [base.py] => CA Task 9 => Loss 0.043, Test_accy 93.730
2026-07-24 14:03:02,341 [base.py] => CA Task 9 => Loss 0.044, Test_accy 93.690
2026-07-24 14:03:44,351 [trainer.py] => CNN: {'total': 93.69, '00-09': 90.91, '10-19': 93.92, '20-29': 96.34, '30-39': 89.29, '40-49': 96.38, '50-59': 91.93, '60-69': 94.2, '70-79': 96.0, '80-89': 94.26, '90-99': 93.77, 'old': 93.68, 'new': 93.77}
2026-07-24 14:03:44,352 [trainer.py] => CNN top1 curve: [98.32, 97.64, 97.69, 96.95, 97.12, 95.72, 94.75, 94.7, 94.26, 93.69]
2026-07-24 14:03:44,352 [trainer.py] => CNN top5 curve: [100.0, 99.83, 99.77, 99.56, 99.44, 99.59, 99.45, 99.43, 99.38, 99.31]
2026-07-24 14:03:55,963 [trainer.py] => Saved checkpoint: /content/RSIAT/checkpoints/all/cub/10_10/seed_1993/task_9.pth
2026-07-24 14:03:55,964 [trainer.py] => Average Accuracy (CNN): 96.084
2026-07-24 14:03:55,965 [trainer.py] => Starting task 10/19
2026-07-24 14:03:55,966 [trainer.py] => All params: 87065088
2026-07-24 14:03:55,967 [trainer.py] => Trainable params: 1266432
2026-07-24 14:03:55,968 [RSIAT_adapter.py] => Learning on 100-110
2026-07-24 14:04:01,258 [toolkit.py] => All params: 87271040
2026-07-24 14:04:01,259 [toolkit.py] => Trainable params: 1472384
2026-07-24 14:33:24,491 [RSIAT_adapter.py] => Task 10, Epoch 30/30 => Loss 0.266, Loss_c 0.178, Losses_rt 0.087, Train_accy 93.33, Test_accy 93.08
2026-07-24 14:34:28,964 [base.py] => CA Task 10 => Loss 0.055, Test_accy 93.120
2026-07-24 14:35:16,255 [base.py] => CA Task 10 => Loss 0.050, Test_accy 93.080
2026-07-24 14:36:03,234 [base.py] => CA Task 10 => Loss 0.047, Test_accy 93.080
2026-07-24 14:36:51,908 [base.py] => CA Task 10 => Loss 0.044, Test_accy 93.210
2026-07-24 14:37:40,429 [base.py] => CA Task 10 => Loss 0.044, Test_accy 93.120
2026-07-24 14:38:27,383 [base.py] => CA Task 10 => Loss 0.043, Test_accy 93.180
2026-07-24 14:39:14,843 [base.py] => CA Task 10 => Loss 0.043, Test_accy 93.080
2026-07-24 14:40:04,037 [base.py] => CA Task 10 => Loss 0.042, Test_accy 93.080
2026-07-24 14:40:51,878 [base.py] => CA Task 10 => Loss 0.042, Test_accy 93.080
2026-07-24 14:41:39,045 [base.py] => CA Task 10 => Loss 0.042, Test_accy 93.080
2026-07-24 14:42:25,241 [trainer.py] => CNN: {'total': 93.08, '00-09': 90.91, '10-19': 88.85, '20-29': 96.7, '30-39': 89.29, '40-49': 95.65, '50-59': 90.18, '60-69': 93.52, '70-79': 95.67, '80-89': 93.24, '90-99': 94.46, '100-109': 95.61, 'old': 92.82, 'new': 95.61}
2026-07-24 14:42:25,242 [trainer.py] => CNN top1 curve: [98.32, 97.64, 97.69, 96.95, 97.12, 95.72, 94.75, 94.7, 94.26, 93.69, 93.08]
2026-07-24 14:42:25,243 [trainer.py] => CNN top5 curve: [100.0, 99.83, 99.77, 99.56, 99.44, 99.59, 99.45, 99.43, 99.38, 99.31, 99.28]
2026-07-24 14:42:35,297 [trainer.py] => Saved checkpoint: /content/RSIAT/checkpoints/all/cub/10_10/seed_1993/task_10.pth
2026-07-24 14:42:35,298 [trainer.py] => Average Accuracy (CNN): 95.81090909090909
2026-07-24 14:42:35,299 [trainer.py] => Starting task 11/19
2026-07-24 14:42:35,300 [trainer.py] => All params: 87072768
2026-07-24 14:42:35,301 [trainer.py] => Trainable params: 1274112
2026-07-24 14:42:35,302 [RSIAT_adapter.py] => Learning on 110-120
2026-07-24 14:42:40,833 [toolkit.py] => All params: 87278720
2026-07-24 14:42:40,833 [toolkit.py] => Trainable params: 1480064
2026-07-24 15:14:03,562 [RSIAT_adapter.py] => Task 11, Epoch 30/30 => Loss 0.225, Loss_c 0.138, Losses_rt 0.087, Train_accy 93.33, Test_accy 88.66
2026-07-24 15:15:09,290 [base.py] => CA Task 11 => Loss 0.078, Test_accy 92.010
2026-07-24 15:15:58,199 [base.py] => CA Task 11 => Loss 0.064, Test_accy 92.240
2026-07-24 15:16:47,354 [base.py] => CA Task 11 => Loss 0.059, Test_accy 92.210
2026-07-24 15:17:38,513 [base.py] => CA Task 11 => Loss 0.056, Test_accy 92.380
2026-07-24 15:18:27,982 [base.py] => CA Task 11 => Loss 0.054, Test_accy 92.410
2026-07-24 15:19:17,692 [base.py] => CA Task 11 => Loss 0.052, Test_accy 92.380
2026-07-24 15:20:08,178 [base.py] => CA Task 11 => Loss 0.052, Test_accy 92.440
2026-07-24 15:20:57,699 [base.py] => CA Task 11 => Loss 0.051, Test_accy 92.440
2026-07-24 15:21:50,709 [base.py] => CA Task 11 => Loss 0.051, Test_accy 92.470
2026-07-24 15:22:42,139 [base.py] => CA Task 11 => Loss 0.051, Test_accy 92.470
2026-07-24 15:23:33,913 [trainer.py] => CNN: {'total': 92.47, '00-09': 91.25, '10-19': 88.18, '20-29': 96.7, '30-39': 88.93, '40-49': 96.01, '50-59': 89.47, '60-69': 93.17, '70-79': 93.33, '80-89': 90.54, '90-99': 93.43, '100-109': 95.61, '110-119': 93.31, 'old': 92.39, 'new': 93.31}
2026-07-24 15:23:33,914 [trainer.py] => CNN top1 curve: [98.32, 97.64, 97.69, 96.95, 97.12, 95.72, 94.75, 94.7, 94.26, 93.69, 93.08, 92.47]
2026-07-24 15:23:33,914 [trainer.py] => CNN top5 curve: [100.0, 99.83, 99.77, 99.56, 99.44, 99.59, 99.45, 99.43, 99.38, 99.31, 99.28, 99.25]
2026-07-24 15:23:45,084 [trainer.py] => Saved checkpoint: /content/RSIAT/checkpoints/all/cub/10_10/seed_1993/task_11.pth
2026-07-24 15:23:45,086 [trainer.py] => Average Accuracy (CNN): 95.53250000000001
2026-07-24 15:23:45,092 [trainer.py] => Starting task 12/19
2026-07-24 15:23:45,093 [trainer.py] => All params: 87080448
2026-07-24 15:23:45,095 [trainer.py] => Trainable params: 1281792
2026-07-24 15:23:45,096 [RSIAT_adapter.py] => Learning on 120-130
2026-07-24 15:23:51,913 [toolkit.py] => All params: 87286400
2026-07-24 15:23:51,914 [toolkit.py] => Trainable params: 1487744
2026-07-24 15:57:21,597 [RSIAT_adapter.py] => Task 12, Epoch 30/30 => Loss 0.287, Loss_c 0.198, Losses_rt 0.090, Train_accy 95.32, Test_accy 89.61
2026-07-24 15:58:34,078 [base.py] => CA Task 12 => Loss 0.072, Test_accy 91.340
2026-07-24 15:59:29,685 [base.py] => CA Task 12 => Loss 0.062, Test_accy 91.450
2026-07-24 16:00:25,232 [base.py] => CA Task 12 => Loss 0.059, Test_accy 91.530
2026-07-24 16:01:20,602 [base.py] => CA Task 12 => Loss 0.056, Test_accy 91.530
2026-07-24 16:02:16,177 [base.py] => CA Task 12 => Loss 0.055, Test_accy 91.560
2026-07-24 16:03:12,552 [base.py] => CA Task 12 => Loss 0.053, Test_accy 91.500
2026-07-24 16:04:08,544 [base.py] => CA Task 12 => Loss 0.054, Test_accy 91.580
2026-07-24 16:05:03,801 [base.py] => CA Task 12 => Loss 0.053, Test_accy 91.560
2026-07-24 16:05:58,565 [base.py] => CA Task 12 => Loss 0.052, Test_accy 91.560
2026-07-24 16:06:54,559 [base.py] => CA Task 12 => Loss 0.053, Test_accy 91.580
2026-07-24 16:07:48,951 [trainer.py] => CNN: {'total': 91.58, '00-09': 88.55, '10-19': 89.19, '20-29': 96.34, '30-39': 87.86, '40-49': 94.93, '50-59': 89.47, '60-69': 92.83, '70-79': 93.0, '80-89': 90.54, '90-99': 91.0, '100-109': 95.61, '110-119': 92.96, '120-129': 88.62, 'old': 91.83, 'new': 88.62}
2026-07-24 16:07:48,952 [trainer.py] => CNN top1 curve: [98.32, 97.64, 97.69, 96.95, 97.12, 95.72, 94.75, 94.7, 94.26, 93.69, 93.08, 92.47, 91.58]
2026-07-24 16:07:48,952 [trainer.py] => CNN top5 curve: [100.0, 99.83, 99.77, 99.56, 99.44, 99.59, 99.45, 99.43, 99.38, 99.31, 99.28, 99.25, 99.17]
2026-07-24 16:07:57,021 [trainer.py] => Saved checkpoint: /content/RSIAT/checkpoints/all/cub/10_10/seed_1993/task_12.pth
2026-07-24 16:07:57,024 [trainer.py] => Average Accuracy (CNN): 95.22846153846154
2026-07-24 16:07:57,024 [trainer.py] => Starting task 13/19
2026-07-24 16:07:57,026 [trainer.py] => All params: 87088128
2026-07-24 16:07:57,028 [trainer.py] => Trainable params: 1289472
2026-07-24 16:07:57,029 [RSIAT_adapter.py] => Learning on 130-140
2026-07-24 16:08:03,655 [toolkit.py] => All params: 87294080
2026-07-24 16:08:03,655 [toolkit.py] => Trainable params: 1495424
2026-07-24 23:25:24,315 [trainer.py] => config: ./exps/adapter_cub.json
2026-07-24 23:25:24,957 [trainer.py] => prefix: all
2026-07-24 23:25:24,961 [trainer.py] => dataset: cub
2026-07-24 23:25:24,962 [trainer.py] => shuffle: True
2026-07-24 23:25:24,962 [trainer.py] => ssca: True
2026-07-24 23:25:24,962 [trainer.py] => ca: True
2026-07-24 23:25:24,962 [trainer.py] => init_cls: 10
2026-07-24 23:25:24,962 [trainer.py] => increment: 10
2026-07-24 23:25:24,963 [trainer.py] => model_name: adapter
2026-07-24 23:25:24,963 [trainer.py] => convnet_type: pretrained_vit_b16_224_in21k_adapter
2026-07-24 23:25:24,963 [trainer.py] => device: [device(type='cuda', index=0)]
2026-07-24 23:25:24,963 [trainer.py] => seed: 1993
2026-07-24 23:25:24,963 [trainer.py] => init_epochs: 20
2026-07-24 23:25:24,963 [trainer.py] => warmup_epoch: 9
2026-07-24 23:25:24,963 [trainer.py] => inc_epochs: 30
2026-07-24 23:25:24,964 [trainer.py] => ca_epochs: 10
2026-07-24 23:25:24,964 [trainer.py] => init_lr: 0.03773856474362839
2026-07-24 23:25:24,964 [trainer.py] => batch_size: 128
2026-07-24 23:25:24,964 [trainer.py] => weight_decay: 3.425582163491081e-06
2026-07-24 23:25:24,964 [trainer.py] => min_lr: 0
2026-07-24 23:25:24,964 [trainer.py] => ffn_num: 64
2026-07-24 23:25:24,965 [trainer.py] => optimizer: sgd
2026-07-24 23:25:24,965 [trainer.py] => scale: 20.0
2026-07-24 23:25:24,965 [trainer.py] => margin: 0.1
2026-07-24 23:25:24,965 [trainer.py] => alpha: 1.0
2026-07-24 23:25:24,965 [trainer.py] => rs_margin: 0.5
2026-07-24 23:25:24,965 [trainer.py] => lambda_rs: 0.2
2026-07-24 23:25:24,965 [trainer.py] => beta: 1.5
2026-07-24 23:25:24,966 [trainer.py] => gamma: 0.75
2026-07-24 23:25:24,966 [trainer.py] => ae_code_dims: 768
2026-07-24 23:25:24,966 [trainer.py] => ae_init_lr: 0.09988605662355629
2026-07-24 23:25:24,966 [trainer.py] => ae_weight_decay: 9.418584598386518e-05
2026-07-24 23:25:24,966 [trainer.py] => resume: True
2026-07-24 23:25:24,966 [trainer.py] => resume_path: 
2026-07-24 23:25:24,967 [trainer.py] => Output root: /content/RSIAT
2026-07-24 23:25:24,967 [trainer.py] => Checkpoint directory: /content/RSIAT/checkpoints/all/cub/10_10/seed_1993
2026-07-24 23:25:25,022 [data_manager.py] => [168, 136, 51, 9, 183, 101, 171, 99, 42, 159, 191, 70, 16, 188, 27, 10, 175, 26, 68, 187, 98, 6, 85, 35, 112, 43, 100, 0, 103, 181, 88, 59, 4, 2, 116, 174, 94, 80, 106, 1, 147, 17, 141, 131, 72, 23, 173, 54, 197, 118, 87, 32, 79, 104, 91, 19, 135, 107, 178, 36, 11, 199, 142, 8, 122, 3, 28, 57, 153, 172, 190, 56, 49, 44, 97, 62, 151, 169, 194, 55, 192, 12, 189, 78, 66, 180, 15, 137, 109, 134, 92, 119, 126, 52, 170, 40, 148, 65, 144, 64, 138, 45, 77, 89, 154, 90, 71, 193, 74, 30, 113, 143, 96, 84, 67, 50, 186, 156, 69, 21, 18, 111, 108, 58, 125, 157, 150, 110, 182, 129, 166, 83, 81, 60, 13, 165, 14, 176, 63, 117, 5, 22, 145, 121, 38, 41, 82, 127, 114, 20, 31, 53, 37, 163, 196, 130, 152, 162, 86, 76, 24, 34, 184, 149, 33, 128, 198, 155, 146, 167, 139, 120, 140, 102, 47, 25, 158, 123, 46, 164, 61, 7, 115, 75, 133, 160, 105, 132, 179, 124, 48, 73, 93, 39, 95, 195, 29, 177, 185, 161]
2026-07-24 23:25:30,835 [hub.py] => Downloading: "https://storage.googleapis.com/vit_models/augreg/B_16-i21k-300ep-lr_0.001-aug_medium1-wd_0.1-do_0.0-sd_0.0.npz" to /root/.cache/torch/hub/checkpoints/B_16-i21k-300ep-lr_0.001-aug_medium1-wd_0.1-do_0.0-sd_0.0.npz

2026-07-24 23:26:24,250 [trainer.py] => Resumed checkpoint: /content/RSIAT/checkpoints/all/cub/10_10/seed_1993/latest.pth
2026-07-24 23:26:24,251 [trainer.py] => Continuing from task 13
2026-07-24 23:26:24,252 [trainer.py] => Starting task 13/19
2026-07-24 23:26:24,253 [trainer.py] => All params: 87088128
2026-07-24 23:26:24,254 [trainer.py] => Trainable params: 1289472
2026-07-24 23:26:24,256 [RSIAT_adapter.py] => Learning on 130-140
2026-07-24 23:26:30,137 [toolkit.py] => All params: 87294080
2026-07-24 23:26:30,138 [toolkit.py] => Trainable params: 1495424
2026-07-25 00:00:47,594 [RSIAT_adapter.py] => Task 13, Epoch 30/30 => Loss 0.325, Loss_c 0.247, Losses_rt 0.078, Train_accy 85.33, Test_accy 90.23
2026-07-25 00:02:01,161 [base.py] => CA Task 13 => Loss 0.072, Test_accy 91.320
2026-07-25 00:02:57,770 [base.py] => CA Task 13 => Loss 0.065, Test_accy 91.300
2026-07-25 00:03:55,193 [base.py] => CA Task 13 => Loss 0.062, Test_accy 91.320
2026-07-25 00:04:53,875 [base.py] => CA Task 13 => Loss 0.060, Test_accy 91.270
2026-07-25 00:05:52,119 [base.py] => CA Task 13 => Loss 0.058, Test_accy 91.320
2026-07-25 00:06:50,498 [base.py] => CA Task 13 => Loss 0.057, Test_accy 91.370
2026-07-25 00:07:49,330 [base.py] => CA Task 13 => Loss 0.056, Test_accy 91.300
2026-07-25 00:08:48,020 [base.py] => CA Task 13 => Loss 0.057, Test_accy 91.320
2026-07-25 00:09:46,937 [base.py] => CA Task 13 => Loss 0.056, Test_accy 91.300
2026-07-25 00:10:45,717 [base.py] => CA Task 13 => Loss 0.056, Test_accy 91.320
2026-07-25 00:11:42,910 [trainer.py] => CNN: {'total': 91.32, '00-09': 88.55, '10-19': 88.51, '20-29': 96.34, '30-39': 87.86, '40-49': 94.93, '50-59': 88.07, '60-69': 92.49, '70-79': 93.0, '80-89': 90.54, '90-99': 91.0, '100-109': 95.61, '110-119': 93.66, '120-129': 83.79, '130-139': 94.48, 'old': 91.08, 'new': 94.48}
2026-07-25 00:11:42,910 [trainer.py] => CNN top1 curve: [98.32, 97.64, 97.69, 96.95, 97.12, 95.72, 94.75, 94.7, 94.26, 93.69, 93.08, 92.47, 91.58, 91.32]
2026-07-25 00:11:42,911 [trainer.py] => CNN top5 curve: [100.0, 99.83, 99.77, 99.56, 99.44, 99.59, 99.45, 99.43, 99.38, 99.31, 99.28, 99.25, 99.17, 99.13]
2026-07-25 00:11:58,101 [trainer.py] => Saved checkpoint: /content/RSIAT/checkpoints/all/cub/10_10/seed_1993/task_13.pth
2026-07-25 00:11:58,102 [trainer.py] => Average Accuracy (CNN): 94.94928571428571
2026-07-25 00:11:58,102 [trainer.py] => Starting task 14/19
2026-07-25 00:11:58,104 [trainer.py] => All params: 87095808
2026-07-25 00:11:58,105 [trainer.py] => Trainable params: 1297152
2026-07-25 00:11:58,106 [RSIAT_adapter.py] => Learning on 140-150
2026-07-25 00:12:04,232 [toolkit.py] => All params: 87301760
2026-07-25 00:12:04,234 [toolkit.py] => Trainable params: 1503104
2026-07-25 00:42:17,192 [trainer.py] => config: ./exps/adapter_cub.json
2026-07-25 00:42:17,623 [trainer.py] => prefix: all
2026-07-25 00:42:17,624 [trainer.py] => dataset: cub
2026-07-25 00:42:17,624 [trainer.py] => shuffle: True
2026-07-25 00:42:17,624 [trainer.py] => ssca: True
2026-07-25 00:42:17,624 [trainer.py] => ca: True
2026-07-25 00:42:17,624 [trainer.py] => init_cls: 10
2026-07-25 00:42:17,625 [trainer.py] => increment: 10
2026-07-25 00:42:17,625 [trainer.py] => model_name: adapter
2026-07-25 00:42:17,625 [trainer.py] => convnet_type: pretrained_vit_b16_224_in21k_adapter
2026-07-25 00:42:17,625 [trainer.py] => device: [device(type='cuda', index=0)]
2026-07-25 00:42:17,625 [trainer.py] => seed: 1993
2026-07-25 00:42:17,625 [trainer.py] => init_epochs: 20
2026-07-25 00:42:17,625 [trainer.py] => warmup_epoch: 9
2026-07-25 00:42:17,626 [trainer.py] => inc_epochs: 30
2026-07-25 00:42:17,626 [trainer.py] => ca_epochs: 10
2026-07-25 00:42:17,626 [trainer.py] => init_lr: 0.03773856474362839
2026-07-25 00:42:17,626 [trainer.py] => batch_size: 128
2026-07-25 00:42:17,626 [trainer.py] => weight_decay: 3.425582163491081e-06
2026-07-25 00:42:17,626 [trainer.py] => min_lr: 0
2026-07-25 00:42:17,626 [trainer.py] => ffn_num: 64
2026-07-25 00:42:17,627 [trainer.py] => optimizer: sgd
2026-07-25 00:42:17,627 [trainer.py] => scale: 20.0
2026-07-25 00:42:17,627 [trainer.py] => margin: 0.1
2026-07-25 00:42:17,627 [trainer.py] => alpha: 1.0
2026-07-25 00:42:17,627 [trainer.py] => rs_margin: 0.5
2026-07-25 00:42:17,627 [trainer.py] => lambda_rs: 0.2
2026-07-25 00:42:17,627 [trainer.py] => beta: 1.5
2026-07-25 00:42:17,628 [trainer.py] => gamma: 0.75
2026-07-25 00:42:17,628 [trainer.py] => ae_code_dims: 768
2026-07-25 00:42:17,628 [trainer.py] => ae_init_lr: 0.09988605662355629
2026-07-25 00:42:17,628 [trainer.py] => ae_weight_decay: 9.418584598386518e-05
2026-07-25 00:42:17,628 [trainer.py] => resume: True
2026-07-25 00:42:17,628 [trainer.py] => resume_path: 
2026-07-25 00:42:17,628 [trainer.py] => Output root: /content/RSIAT
2026-07-25 00:42:17,629 [trainer.py] => Checkpoint directory: /content/RSIAT/checkpoints/all/cub/10_10/seed_1993
2026-07-25 00:42:17,672 [data_manager.py] => [168, 136, 51, 9, 183, 101, 171, 99, 42, 159, 191, 70, 16, 188, 27, 10, 175, 26, 68, 187, 98, 6, 85, 35, 112, 43, 100, 0, 103, 181, 88, 59, 4, 2, 116, 174, 94, 80, 106, 1, 147, 17, 141, 131, 72, 23, 173, 54, 197, 118, 87, 32, 79, 104, 91, 19, 135, 107, 178, 36, 11, 199, 142, 8, 122, 3, 28, 57, 153, 172, 190, 56, 49, 44, 97, 62, 151, 169, 194, 55, 192, 12, 189, 78, 66, 180, 15, 137, 109, 134, 92, 119, 126, 52, 170, 40, 148, 65, 144, 64, 138, 45, 77, 89, 154, 90, 71, 193, 74, 30, 113, 143, 96, 84, 67, 50, 186, 156, 69, 21, 18, 111, 108, 58, 125, 157, 150, 110, 182, 129, 166, 83, 81, 60, 13, 165, 14, 176, 63, 117, 5, 22, 145, 121, 38, 41, 82, 127, 114, 20, 31, 53, 37, 163, 196, 130, 152, 162, 86, 76, 24, 34, 184, 149, 33, 128, 198, 155, 146, 167, 139, 120, 140, 102, 47, 25, 158, 123, 46, 164, 61, 7, 115, 75, 133, 160, 105, 132, 179, 124, 48, 73, 93, 39, 95, 195, 29, 177, 185, 161]
2026-07-25 00:42:21,944 [hub.py] => Downloading: "https://storage.googleapis.com/vit_models/augreg/B_16-i21k-300ep-lr_0.001-aug_medium1-wd_0.1-do_0.0-sd_0.0.npz" to /root/.cache/torch/hub/checkpoints/B_16-i21k-300ep-lr_0.001-aug_medium1-wd_0.1-do_0.0-sd_0.0.npz

2026-07-25 00:42:41,960 [trainer.py] => Resumed checkpoint: /content/RSIAT/checkpoints/all/cub/10_10/seed_1993/task_13.pth
2026-07-25 00:42:41,960 [trainer.py] => Continuing from task 14
2026-07-25 00:42:41,961 [trainer.py] => Starting task 14/19
2026-07-25 00:42:41,962 [trainer.py] => All params: 87095808
2026-07-25 00:42:41,962 [trainer.py] => Trainable params: 1297152
2026-07-25 00:42:41,963 [RSIAT_adapter.py] => Learning on 140-150
2026-07-25 00:42:47,419 [toolkit.py] => All params: 87301760
2026-07-25 00:42:47,419 [toolkit.py] => Trainable params: 1503104
2026-07-25 01:22:31,113 [RSIAT_adapter.py] => Task 14, Epoch 30/30 => Loss 0.240, Loss_c 0.171, Losses_rt 0.069, Train_accy 90.67, Test_accy 88.39
2026-07-25 01:23:56,674 [base.py] => CA Task 14 => Loss 0.079, Test_accy 90.350
2026-07-25 01:25:03,690 [base.py] => CA Task 14 => Loss 0.072, Test_accy 90.240
2026-07-25 01:26:12,072 [base.py] => CA Task 14 => Loss 0.066, Test_accy 90.450
2026-07-25 01:27:21,175 [base.py] => CA Task 14 => Loss 0.065, Test_accy 90.540
2026-07-25 01:28:28,326 [base.py] => CA Task 14 => Loss 0.063, Test_accy 90.590
2026-07-25 01:29:36,936 [base.py] => CA Task 14 => Loss 0.061, Test_accy 90.470
2026-07-25 01:30:46,587 [base.py] => CA Task 14 => Loss 0.061, Test_accy 90.450
2026-07-25 01:31:53,344 [base.py] => CA Task 14 => Loss 0.061, Test_accy 90.420
2026-07-25 01:33:02,679 [base.py] => CA Task 14 => Loss 0.060, Test_accy 90.470
2026-07-25 01:34:11,110 [base.py] => CA Task 14 => Loss 0.061, Test_accy 90.450
2026-07-25 01:35:16,446 [trainer.py] => CNN: {'total': 90.45, '00-09': 85.86, '10-19': 88.18, '20-29': 96.34, '30-39': 87.14, '40-49': 93.48, '50-59': 85.61, '60-69': 92.49, '70-79': 92.33, '80-89': 90.54, '90-99': 89.62, '100-109': 95.95, '110-119': 89.79, '120-129': 83.45, '130-139': 94.83, '140-149': 91.37, 'old': 90.38, 'new': 91.37}
2026-07-25 01:35:16,447 [trainer.py] => CNN top1 curve: [98.32, 97.64, 97.69, 96.95, 97.12, 95.72, 94.75, 94.7, 94.26, 93.69, 93.08, 92.47, 91.58, 91.32, 90.45]
2026-07-25 01:35:16,447 [trainer.py] => CNN top5 curve: [100.0, 99.83, 99.77, 99.56, 99.44, 99.59, 99.45, 99.43, 99.38, 99.31, 99.28, 99.25, 99.17, 99.13, 99.03]
2026-07-25 01:35:29,534 [trainer.py] => Saved checkpoint: /content/RSIAT/checkpoints/all/cub/10_10/seed_1993/task_14.pth
2026-07-25 01:35:29,535 [trainer.py] => Average Accuracy (CNN): 94.64933333333333
2026-07-25 01:35:29,535 [trainer.py] => Starting task 15/19
2026-07-25 01:35:29,536 [trainer.py] => All params: 87103488
2026-07-25 01:35:29,537 [trainer.py] => Trainable params: 1304832
2026-07-25 01:35:29,538 [RSIAT_adapter.py] => Learning on 150-160
2026-07-25 01:35:36,148 [toolkit.py] => All params: 87309440
2026-07-25 01:35:36,149 [toolkit.py] => Trainable params: 1510784
2026-07-25 02:17:59,202 [RSIAT_adapter.py] => Task 15, Epoch 30/30 => Loss 0.316, Loss_c 0.251, Losses_rt 0.065, Train_accy 90.00, Test_accy 87.87
2026-07-25 02:19:27,509 [base.py] => CA Task 15 => Loss 0.079, Test_accy 90.380
2026-07-25 02:20:38,730 [base.py] => CA Task 15 => Loss 0.071, Test_accy 90.470
2026-07-25 02:21:50,540 [base.py] => CA Task 15 => Loss 0.068, Test_accy 90.510
2026-07-25 02:23:02,670 [base.py] => CA Task 15 => Loss 0.066, Test_accy 90.360
2026-07-25 02:24:14,349 [base.py] => CA Task 15 => Loss 0.065, Test_accy 90.360
2026-07-25 02:25:26,658 [base.py] => CA Task 15 => Loss 0.064, Test_accy 90.550
2026-07-25 02:26:39,244 [base.py] => CA Task 15 => Loss 0.063, Test_accy 90.470
2026-07-25 02:27:51,692 [base.py] => CA Task 15 => Loss 0.064, Test_accy 90.490
2026-07-25 02:29:03,718 [base.py] => CA Task 15 => Loss 0.062, Test_accy 90.510
2026-07-25 02:30:16,666 [base.py] => CA Task 15 => Loss 0.062, Test_accy 90.510
2026-07-25 02:31:27,846 [trainer.py] => CNN: {'total': 90.51, '00-09': 86.2, '10-19': 88.18, '20-29': 94.51, '30-39': 86.79, '40-49': 93.84, '50-59': 85.26, '60-69': 92.83, '70-79': 92.67, '80-89': 90.54, '90-99': 88.93, '100-109': 95.27, '110-119': 89.08, '120-129': 84.83, '130-139': 94.83, '140-149': 91.37, '150-159': 93.15, 'old': 90.33, 'new': 93.15}
2026-07-25 02:31:27,847 [trainer.py] => CNN top1 curve: [98.32, 97.64, 97.69, 96.95, 97.12, 95.72, 94.75, 94.7, 94.26, 93.69, 93.08, 92.47, 91.58, 91.32, 90.45, 90.51]
2026-07-25 02:31:27,848 [trainer.py] => CNN top5 curve: [100.0, 99.83, 99.77, 99.56, 99.44, 99.59, 99.45, 99.43, 99.38, 99.31, 99.28, 99.25, 99.17, 99.13, 99.03, 98.92]
2026-07-25 02:31:36,744 [trainer.py] => Saved checkpoint: /content/RSIAT/checkpoints/all/cub/10_10/seed_1993/task_15.pth
2026-07-25 02:31:36,745 [trainer.py] => Average Accuracy (CNN): 94.390625
2026-07-25 02:31:36,745 [trainer.py] => Starting task 16/19
2026-07-25 02:31:36,746 [trainer.py] => All params: 87111168
2026-07-25 02:31:36,747 [trainer.py] => Trainable params: 1312512
2026-07-25 02:31:36,748 [RSIAT_adapter.py] => Learning on 160-170
2026-07-25 02:31:42,824 [toolkit.py] => All params: 87317120
2026-07-25 02:31:42,825 [toolkit.py] => Trainable params: 1518464
2026-07-25 03:16:05,406 [RSIAT_adapter.py] => Task 16, Epoch 30/30 => Loss 0.219, Loss_c 0.156, Losses_rt 0.063, Train_accy 91.00, Test_accy 86.04
2026-07-25 03:17:37,626 [base.py] => CA Task 16 => Loss 0.091, Test_accy 90.330
2026-07-25 03:18:54,881 [base.py] => CA Task 16 => Loss 0.077, Test_accy 90.270
2026-07-25 03:20:13,193 [base.py] => CA Task 16 => Loss 0.073, Test_accy 90.290
2026-07-25 03:21:28,765 [base.py] => CA Task 16 => Loss 0.069, Test_accy 90.330
2026-07-25 03:22:44,511 [base.py] => CA Task 16 => Loss 0.069, Test_accy 90.290
2026-07-25 03:24:01,051 [base.py] => CA Task 16 => Loss 0.069, Test_accy 90.370
2026-07-25 03:25:18,731 [base.py] => CA Task 16 => Loss 0.067, Test_accy 90.370
2026-07-25 03:26:35,973 [base.py] => CA Task 16 => Loss 0.068, Test_accy 90.350
2026-07-25 03:27:52,088 [base.py] => CA Task 16 => Loss 0.067, Test_accy 90.330
2026-07-25 03:29:07,874 [base.py] => CA Task 16 => Loss 0.066, Test_accy 90.330
2026-07-25 03:30:21,760 [trainer.py] => CNN: {'total': 90.33, '00-09': 85.86, '10-19': 87.84, '20-29': 94.51, '30-39': 87.14, '40-49': 92.03, '50-59': 85.61, '60-69': 92.49, '70-79': 92.33, '80-89': 90.88, '90-99': 86.85, '100-109': 94.26, '110-119': 89.44, '120-129': 84.14, '130-139': 94.48, '140-149': 88.49, '150-159': 93.84, '160-169': 95.3, 'old': 90.01, 'new': 95.3}
2026-07-25 03:30:21,761 [trainer.py] => CNN top1 curve: [98.32, 97.64, 97.69, 96.95, 97.12, 95.72, 94.75, 94.7, 94.26, 93.69, 93.08, 92.47, 91.58, 91.32, 90.45, 90.51, 90.33]
2026-07-25 03:30:21,761 [trainer.py] => CNN top5 curve: [100.0, 99.83, 99.77, 99.56, 99.44, 99.59, 99.45, 99.43, 99.38, 99.31, 99.28, 99.25, 99.17, 99.13, 99.03, 98.92, 98.9]
2026-07-25 03:30:33,960 [trainer.py] => Saved checkpoint: /content/RSIAT/checkpoints/all/cub/10_10/seed_1993/task_16.pth
2026-07-25 03:30:33,960 [trainer.py] => Average Accuracy (CNN): 94.15176470588234
2026-07-25 03:30:33,961 [trainer.py] => Starting task 17/19
2026-07-25 03:30:33,962 [trainer.py] => All params: 87118848
2026-07-25 03:30:33,963 [trainer.py] => Trainable params: 1320192
2026-07-25 03:30:33,964 [RSIAT_adapter.py] => Learning on 170-180
2026-07-25 03:30:39,591 [toolkit.py] => All params: 87324800
2026-07-25 03:30:39,592 [toolkit.py] => Trainable params: 1526144
2026-07-25 04:16:50,614 [RSIAT_adapter.py] => Task 17, Epoch 30/30 => Loss 0.195, Loss_c 0.134, Losses_rt 0.061, Train_accy 93.31, Test_accy 87.37
2026-07-25 04:18:27,685 [base.py] => CA Task 17 => Loss 0.088, Test_accy 89.890
2026-07-25 04:19:48,410 [base.py] => CA Task 17 => Loss 0.077, Test_accy 90.140
2026-07-25 04:21:10,279 [base.py] => CA Task 17 => Loss 0.074, Test_accy 90.230
2026-07-25 04:22:30,622 [base.py] => CA Task 17 => Loss 0.072, Test_accy 90.270
2026-07-25 04:23:52,178 [base.py] => CA Task 17 => Loss 0.070, Test_accy 90.230
2026-07-25 04:25:14,232 [base.py] => CA Task 17 => Loss 0.070, Test_accy 90.390
2026-07-25 04:26:34,481 [base.py] => CA Task 17 => Loss 0.070, Test_accy 90.310
2026-07-25 04:27:56,258 [base.py] => CA Task 17 => Loss 0.070, Test_accy 90.330
2026-07-25 04:29:17,171 [base.py] => CA Task 17 => Loss 0.069, Test_accy 90.350
2026-07-25 04:30:37,344 [base.py] => CA Task 17 => Loss 0.069, Test_accy 90.290
2026-07-25 04:31:56,274 [trainer.py] => CNN: {'total': 90.29, '00-09': 85.52, '10-19': 86.49, '20-29': 93.77, '30-39': 87.14, '40-49': 92.03, '50-59': 85.26, '60-69': 91.13, '70-79': 92.67, '80-89': 90.54, '90-99': 87.2, '100-109': 94.59, '110-119': 86.27, '120-129': 84.14, '130-139': 94.48, '140-149': 87.77, '150-159': 93.15, '160-169': 95.3, '170-179': 97.32, 'old': 89.86, 'new': 97.32}
2026-07-25 04:31:56,275 [trainer.py] => CNN top1 curve: [98.32, 97.64, 97.69, 96.95, 97.12, 95.72, 94.75, 94.7, 94.26, 93.69, 93.08, 92.47, 91.58, 91.32, 90.45, 90.51, 90.33, 90.29]
2026-07-25 04:31:56,275 [trainer.py] => CNN top5 curve: [100.0, 99.83, 99.77, 99.56, 99.44, 99.59, 99.45, 99.43, 99.38, 99.31, 99.28, 99.25, 99.17, 99.13, 99.03, 98.92, 98.9, 98.79]
2026-07-25 04:32:11,115 [trainer.py] => Saved checkpoint: /content/RSIAT/checkpoints/all/cub/10_10/seed_1993/task_17.pth
2026-07-25 04:32:11,117 [trainer.py] => Average Accuracy (CNN): 93.93722222222222
2026-07-25 04:32:11,118 [trainer.py] => Starting task 18/19
2026-07-25 04:32:11,119 [trainer.py] => All params: 87126528
2026-07-25 04:32:11,121 [trainer.py] => Trainable params: 1327872
2026-07-25 04:32:11,122 [RSIAT_adapter.py] => Learning on 180-190
2026-07-25 04:32:17,798 [toolkit.py] => All params: 87332480
2026-07-25 04:32:17,799 [toolkit.py] => Trainable params: 1533824
2026-07-25 06:25:00,854 [trainer.py] => config: ./exps/adapter_cub.json
2026-07-25 06:25:01,076 [trainer.py] => prefix: all
2026-07-25 06:25:01,076 [trainer.py] => dataset: cub
2026-07-25 06:25:01,076 [trainer.py] => shuffle: True
2026-07-25 06:25:01,076 [trainer.py] => ssca: True
2026-07-25 06:25:01,077 [trainer.py] => ca: True
2026-07-25 06:25:01,077 [trainer.py] => init_cls: 10
2026-07-25 06:25:01,077 [trainer.py] => increment: 10
2026-07-25 06:25:01,077 [trainer.py] => model_name: adapter
2026-07-25 06:25:01,077 [trainer.py] => convnet_type: pretrained_vit_b16_224_in21k_adapter
2026-07-25 06:25:01,077 [trainer.py] => device: [device(type='cuda', index=0)]
2026-07-25 06:25:01,077 [trainer.py] => seed: 1993
2026-07-25 06:25:01,078 [trainer.py] => init_epochs: 20
2026-07-25 06:25:01,078 [trainer.py] => warmup_epoch: 9
2026-07-25 06:25:01,078 [trainer.py] => inc_epochs: 30
2026-07-25 06:25:01,078 [trainer.py] => ca_epochs: 10
2026-07-25 06:25:01,078 [trainer.py] => init_lr: 0.03773856474362839
2026-07-25 06:25:01,078 [trainer.py] => batch_size: 128
2026-07-25 06:25:01,078 [trainer.py] => weight_decay: 3.425582163491081e-06
2026-07-25 06:25:01,078 [trainer.py] => min_lr: 0
2026-07-25 06:25:01,079 [trainer.py] => ffn_num: 64
2026-07-25 06:25:01,079 [trainer.py] => optimizer: sgd
2026-07-25 06:25:01,079 [trainer.py] => scale: 20.0
2026-07-25 06:25:01,079 [trainer.py] => margin: 0.1
2026-07-25 06:25:01,079 [trainer.py] => alpha: 1.0
2026-07-25 06:25:01,079 [trainer.py] => rs_margin: 0.5
2026-07-25 06:25:01,079 [trainer.py] => lambda_rs: 0.2
2026-07-25 06:25:01,080 [trainer.py] => beta: 1.5
2026-07-25 06:25:01,080 [trainer.py] => gamma: 0.75
2026-07-25 06:25:01,080 [trainer.py] => ae_code_dims: 768
2026-07-25 06:25:01,080 [trainer.py] => ae_init_lr: 0.09988605662355629
2026-07-25 06:25:01,080 [trainer.py] => ae_weight_decay: 9.418584598386518e-05
2026-07-25 06:25:01,080 [trainer.py] => resume: True
2026-07-25 06:25:01,080 [trainer.py] => resume_path: 
2026-07-25 06:25:01,080 [trainer.py] => Output root: /content/RSIAT
2026-07-25 06:25:01,081 [trainer.py] => Checkpoint directory: /content/RSIAT/checkpoints/all/cub/10_10/seed_1993
2026-07-25 06:25:01,126 [data_manager.py] => [168, 136, 51, 9, 183, 101, 171, 99, 42, 159, 191, 70, 16, 188, 27, 10, 175, 26, 68, 187, 98, 6, 85, 35, 112, 43, 100, 0, 103, 181, 88, 59, 4, 2, 116, 174, 94, 80, 106, 1, 147, 17, 141, 131, 72, 23, 173, 54, 197, 118, 87, 32, 79, 104, 91, 19, 135, 107, 178, 36, 11, 199, 142, 8, 122, 3, 28, 57, 153, 172, 190, 56, 49, 44, 97, 62, 151, 169, 194, 55, 192, 12, 189, 78, 66, 180, 15, 137, 109, 134, 92, 119, 126, 52, 170, 40, 148, 65, 144, 64, 138, 45, 77, 89, 154, 90, 71, 193, 74, 30, 113, 143, 96, 84, 67, 50, 186, 156, 69, 21, 18, 111, 108, 58, 125, 157, 150, 110, 182, 129, 166, 83, 81, 60, 13, 165, 14, 176, 63, 117, 5, 22, 145, 121, 38, 41, 82, 127, 114, 20, 31, 53, 37, 163, 196, 130, 152, 162, 86, 76, 24, 34, 184, 149, 33, 128, 198, 155, 146, 167, 139, 120, 140, 102, 47, 25, 158, 123, 46, 164, 61, 7, 115, 75, 133, 160, 105, 132, 179, 124, 48, 73, 93, 39, 95, 195, 29, 177, 185, 161]
2026-07-25 06:25:05,534 [hub.py] => Downloading: "https://storage.googleapis.com/vit_models/augreg/B_16-i21k-300ep-lr_0.001-aug_medium1-wd_0.1-do_0.0-sd_0.0.npz" to /root/.cache/torch/hub/checkpoints/B_16-i21k-300ep-lr_0.001-aug_medium1-wd_0.1-do_0.0-sd_0.0.npz

2026-07-25 06:25:26,283 [trainer.py] => Resumed checkpoint: /content/RSIAT/checkpoints/all/cub/10_10/seed_1993/task_17.pth
2026-07-25 06:25:26,283 [trainer.py] => Continuing from task 18
2026-07-25 06:25:26,284 [trainer.py] => Starting task 18/19
2026-07-25 06:25:26,284 [trainer.py] => All params: 87126528
2026-07-25 06:25:26,285 [trainer.py] => Trainable params: 1327872
2026-07-25 06:25:26,286 [RSIAT_adapter.py] => Learning on 180-190
2026-07-25 06:25:32,063 [toolkit.py] => All params: 87332480
2026-07-25 06:25:32,064 [toolkit.py] => Trainable params: 1533824
2026-07-25 07:14:04,401 [RSIAT_adapter.py] => Task 18, Epoch 30/30 => Loss 0.297, Loss_c 0.245, Losses_rt 0.053, Train_accy 93.00, Test_accy 86.27
2026-07-25 07:15:47,049 [base.py] => CA Task 18 => Loss 0.092, Test_accy 89.430
2026-07-25 07:17:14,443 [base.py] => CA Task 18 => Loss 0.080, Test_accy 89.600
2026-07-25 07:18:42,017 [base.py] => CA Task 18 => Loss 0.078, Test_accy 89.610
2026-07-25 07:20:09,496 [base.py] => CA Task 18 => Loss 0.076, Test_accy 89.540
2026-07-25 07:21:36,709 [base.py] => CA Task 18 => Loss 0.074, Test_accy 89.600
2026-07-25 07:23:01,907 [base.py] => CA Task 18 => Loss 0.073, Test_accy 89.670
2026-07-25 07:24:27,353 [base.py] => CA Task 18 => Loss 0.073, Test_accy 89.610
2026-07-25 07:25:53,532 [base.py] => CA Task 18 => Loss 0.074, Test_accy 89.610
2026-07-25 07:27:20,742 [base.py] => CA Task 18 => Loss 0.072, Test_accy 89.600
2026-07-25 07:28:48,503 [base.py] => CA Task 18 => Loss 0.072, Test_accy 89.580
2026-07-25 07:30:11,250 [trainer.py] => CNN: {'total': 89.58, '00-09': 85.52, '10-19': 87.5, '20-29': 93.04, '30-39': 82.14, '40-49': 91.67, '50-59': 85.26, '60-69': 90.44, '70-79': 92.33, '80-89': 90.54, '90-99': 82.7, '100-109': 94.26, '110-119': 85.92, '120-129': 80.0, '130-139': 92.41, '140-149': 86.69, '150-159': 92.47, '160-169': 95.64, '170-179': 97.65, '180-189': 95.12, 'old': 89.27, 'new': 95.12}
2026-07-25 07:30:11,251 [trainer.py] => CNN top1 curve: [98.32, 97.64, 97.69, 96.95, 97.12, 95.72, 94.75, 94.7, 94.26, 93.69, 93.08, 92.47, 91.58, 91.32, 90.45, 90.51, 90.33, 90.29, 89.58]
2026-07-25 07:30:11,252 [trainer.py] => CNN top5 curve: [100.0, 99.83, 99.77, 99.56, 99.44, 99.59, 99.45, 99.43, 99.38, 99.31, 99.28, 99.25, 99.17, 99.13, 99.03, 98.92, 98.9, 98.79, 98.64]
2026-07-25 07:30:23,671 [trainer.py] => Saved checkpoint: /content/RSIAT/checkpoints/all/cub/10_10/seed_1993/task_18.pth
2026-07-25 07:30:23,672 [trainer.py] => Average Accuracy (CNN): 93.7078947368421
2026-07-25 07:30:23,672 [trainer.py] => Starting task 19/19
2026-07-25 07:30:23,673 [trainer.py] => All params: 87134208
2026-07-25 07:30:23,674 [trainer.py] => Trainable params: 1335552
2026-07-25 07:30:23,675 [RSIAT_adapter.py] => Learning on 190-200
2026-07-25 07:30:29,905 [toolkit.py] => All params: 87340160
2026-07-25 07:30:29,906 [toolkit.py] => Trainable params: 1541504
2026-07-25 08:21:18,267 [RSIAT_adapter.py] => Task 19, Epoch 30/30 => Loss 0.265, Loss_c 0.212, Losses_rt 0.053, Train_accy 90.97, Test_accy 85.47
2026-07-25 08:23:05,656 [base.py] => CA Task 19 => Loss 0.093, Test_accy 88.610
2026-07-25 08:24:37,183 [base.py] => CA Task 19 => Loss 0.086, Test_accy 88.660
2026-07-25 08:26:08,913 [base.py] => CA Task 19 => Loss 0.081, Test_accy 88.630
2026-07-25 08:27:39,798 [base.py] => CA Task 19 => Loss 0.079, Test_accy 88.750
2026-07-25 08:29:10,916 [base.py] => CA Task 19 => Loss 0.078, Test_accy 88.700
2026-07-25 08:30:41,421 [base.py] => CA Task 19 => Loss 0.077, Test_accy 88.630
2026-07-25 08:32:10,858 [base.py] => CA Task 19 => Loss 0.077, Test_accy 88.640
2026-07-25 08:33:40,465 [base.py] => CA Task 19 => Loss 0.076, Test_accy 88.630
2026-07-25 08:35:11,813 [base.py] => CA Task 19 => Loss 0.076, Test_accy 88.660
2026-07-25 08:36:41,370 [base.py] => CA Task 19 => Loss 0.075, Test_accy 88.660
2026-07-25 08:38:07,872 [trainer.py] => CNN: {'total': 88.66, '00-09': 81.82, '10-19': 84.46, '20-29': 93.41, '30-39': 80.71, '40-49': 90.58, '50-59': 84.21, '60-69': 80.2, '70-79': 92.33, '80-89': 89.86, '90-99': 83.04, '100-109': 94.59, '110-119': 85.92, '120-129': 80.0, '130-139': 93.45, '140-149': 86.33, '150-159': 93.49, '160-169': 93.62, '170-179': 97.32, '180-189': 95.12, '190-199': 92.23, 'old': 88.47, 'new': 92.23}
2026-07-25 08:38:07,873 [trainer.py] => CNN top1 curve: [98.32, 97.64, 97.69, 96.95, 97.12, 95.72, 94.75, 94.7, 94.26, 93.69, 93.08, 92.47, 91.58, 91.32, 90.45, 90.51, 90.33, 90.29, 89.58, 88.66]
2026-07-25 08:38:07,874 [trainer.py] => CNN top5 curve: [100.0, 99.83, 99.77, 99.56, 99.44, 99.59, 99.45, 99.43, 99.38, 99.31, 99.28, 99.25, 99.17, 99.13, 99.03, 98.92, 98.9, 98.79, 98.64, 98.53]
2026-07-25 08:38:19,095 [trainer.py] => Saved checkpoint: /content/RSIAT/checkpoints/all/cub/10_10/seed_1993/task_19.pth
2026-07-25 08:38:19,096 [trainer.py] => Average Accuracy (CNN): 93.4555
2026-07-25 08:38:19,135 [trainer.py] => Average Seed Accuracy (CNN): 93.4555
