2025-11-20 08:12:10,998 [trainer.py] => config: ./exps/adapter_cifar224.json
2025-11-20 08:12:10,998 [trainer.py] => prefix: all
2025-11-20 08:12:10,998 [trainer.py] => dataset: cifar224
2025-11-20 08:12:10,998 [trainer.py] => shuffle: True
2025-11-20 08:12:10,998 [trainer.py] => ssca: True
2025-11-20 08:12:10,998 [trainer.py] => ca: True
2025-11-20 08:12:10,998 [trainer.py] => init_cls: 10
2025-11-20 08:12:10,998 [trainer.py] => increment: 10
2025-11-20 08:12:10,999 [trainer.py] => model_name: adapter
2025-11-20 08:12:10,999 [trainer.py] => convnet_type: pretrained_vit_b16_224_in21k_adapter
2025-11-20 08:12:10,999 [trainer.py] => device: [device(type='cuda', index=0)]
2025-11-20 08:12:10,999 [trainer.py] => seed: 1993
2025-11-20 08:12:10,999 [trainer.py] => init_epochs: 10
2025-11-20 08:12:10,999 [trainer.py] => warmup_epoch: 7
2025-11-20 08:12:10,999 [trainer.py] => inc_epochs: 30
2025-11-20 08:12:10,999 [trainer.py] => ca_epochs: 10
2025-11-20 08:12:10,999 [trainer.py] => init_lr: 0.018461273665041644
2025-11-20 08:12:10,999 [trainer.py] => batch_size: 64
2025-11-20 08:12:10,999 [trainer.py] => weight_decay: 0.0001714081878951529
2025-11-20 08:12:10,999 [trainer.py] => min_lr: 0
2025-11-20 08:12:10,999 [trainer.py] => ffn_num: 64
2025-11-20 08:12:10,999 [trainer.py] => optimizer: sgd
2025-11-20 08:12:10,999 [trainer.py] => scale: 40.0
2025-11-20 08:12:10,999 [trainer.py] => margin: 0.1
2025-11-20 08:12:10,999 [trainer.py] => alpha: 0.5
2025-11-20 08:12:10,999 [trainer.py] => rs_margin: 0.3
2025-11-20 08:12:10,999 [trainer.py] => lambda_rs: 0.2
2025-11-20 08:12:10,999 [trainer.py] => beta: 1.0
2025-11-20 08:12:10,999 [trainer.py] => gamma: 0.4
2025-11-20 08:12:10,999 [trainer.py] => ae_code_dims: 256
2025-11-20 08:12:10,999 [trainer.py] => ae_init_lr: 0.0005611742230603744
2025-11-20 08:12:10,999 [trainer.py] => ae_weight_decay: 0.0029339295871570244
2025-11-20 08:12:12,992 [data_manager.py] => [68, 56, 78, 8, 23, 84, 90, 65, 74, 76, 40, 89, 3, 92, 55, 9, 26, 80, 43, 38, 58, 70, 77, 1, 85, 19, 17, 50, 28, 53, 13, 81, 45, 82, 6, 59, 83, 16, 15, 44, 91, 41, 72, 60, 79, 52, 20, 10, 31, 54, 37, 95, 14, 71, 96, 98, 97, 2, 64, 66, 42, 22, 35, 86, 24, 34, 87, 21, 99, 0, 88, 27, 18, 94, 11, 12, 47, 25, 30, 46, 62, 69, 36, 61, 7, 63, 75, 5, 32, 4, 51, 48, 73, 93, 39, 67, 29, 49, 57, 33]
2025-11-20 08:12:15,544 [trainer.py] => All params: 86988288
2025-11-20 08:12:15,545 [trainer.py] => Trainable params: 1189632
2025-11-20 08:12:15,546 [RSIAT_adapter.py] => Learning on 0-10
2025-11-20 08:12:15,911 [toolkit.py] => All params: 86251776
2025-11-20 08:12:15,911 [toolkit.py] => Trainable params: 1197312
2025-11-20 08:15:09,251 [RSIAT_adapter.py] => Task 0, Epoch 10/10 => Loss 0.799, Loss_c 0.682, Losses_rt 0.117, Train_accy 93.60, Test_accy 99.10
2025-11-20 08:15:21,569 [trainer.py] => CNN: {'total': 99.1, '00-09': 99.1, 'old': 0.0, 'new': 99.1}
2025-11-20 08:15:21,570 [trainer.py] => CNN top1 curve: [99.1]
2025-11-20 08:15:21,570 [trainer.py] => CNN top5 curve: [100.0]
2025-11-20 08:15:21,570 [trainer.py] => Average Accuracy (CNN): 99.1
2025-11-20 08:15:21,570 [trainer.py] => All params: 86995968
2025-11-20 08:15:21,571 [trainer.py] => Trainable params: 1197312
2025-11-20 08:15:21,575 [RSIAT_adapter.py] => Learning on 10-20
2025-11-20 08:15:29,160 [toolkit.py] => All params: 87135872
2025-11-20 08:15:29,160 [toolkit.py] => Trainable params: 1337216
2025-11-20 08:27:28,665 [RSIAT_adapter.py] => Task 1, Epoch 30/30 => Loss 1.167, Loss_c 0.778, Losses_rt 0.389, Train_accy 86.00, Test_accy 97.30
2025-11-20 08:27:50,588 [base.py] => CA Task 1 => Loss 0.009, Test_accy 97.500
2025-11-20 08:27:53,981 [base.py] => CA Task 1 => Loss 0.008, Test_accy 97.550
2025-11-20 08:27:57,415 [base.py] => CA Task 1 => Loss 0.006, Test_accy 97.550
2025-11-20 08:28:00,816 [base.py] => CA Task 1 => Loss 0.009, Test_accy 97.650
2025-11-20 08:28:04,201 [base.py] => CA Task 1 => Loss 0.006, Test_accy 97.650
2025-11-20 08:28:07,625 [base.py] => CA Task 1 => Loss 0.006, Test_accy 97.700
2025-11-20 08:28:11,030 [base.py] => CA Task 1 => Loss 0.007, Test_accy 97.700
2025-11-20 08:28:14,404 [base.py] => CA Task 1 => Loss 0.005, Test_accy 97.700
2025-11-20 08:28:17,755 [base.py] => CA Task 1 => Loss 0.007, Test_accy 97.700
2025-11-20 08:28:21,122 [base.py] => CA Task 1 => Loss 0.008, Test_accy 97.700
2025-11-20 08:28:24,585 [trainer.py] => CNN: {'total': 97.7, '00-09': 98.2, '10-19': 97.2, 'old': 98.2, 'new': 97.2}
2025-11-20 08:28:24,585 [trainer.py] => CNN top1 curve: [99.1, 97.7]
2025-11-20 08:28:24,585 [trainer.py] => CNN top5 curve: [100.0, 99.7]
2025-11-20 08:28:24,585 [trainer.py] => Average Accuracy (CNN): 98.4
2025-11-20 08:28:24,586 [trainer.py] => All params: 87003648
2025-11-20 08:28:24,586 [trainer.py] => Trainable params: 1204992
2025-11-20 08:28:24,591 [RSIAT_adapter.py] => Learning on 20-30
2025-11-20 08:28:32,275 [toolkit.py] => All params: 87143552
2025-11-20 08:28:32,275 [toolkit.py] => Trainable params: 1344896
2025-11-20 08:41:15,926 [RSIAT_adapter.py] => Task 2, Epoch 30/30 => Loss 0.755, Loss_c 0.391, Losses_rt 0.364, Train_accy 91.66, Test_accy 96.47
2025-11-20 08:41:39,948 [base.py] => CA Task 2 => Loss 0.021, Test_accy 96.830
2025-11-20 08:41:44,839 [base.py] => CA Task 2 => Loss 0.020, Test_accy 96.870
2025-11-20 08:41:49,737 [base.py] => CA Task 2 => Loss 0.018, Test_accy 96.900
2025-11-20 08:41:54,615 [base.py] => CA Task 2 => Loss 0.018, Test_accy 96.930
2025-11-20 08:41:59,537 [base.py] => CA Task 2 => Loss 0.016, Test_accy 96.900
2025-11-20 08:42:04,383 [base.py] => CA Task 2 => Loss 0.017, Test_accy 96.970
2025-11-20 08:42:09,297 [base.py] => CA Task 2 => Loss 0.017, Test_accy 96.930
2025-11-20 08:42:14,237 [base.py] => CA Task 2 => Loss 0.015, Test_accy 96.930
2025-11-20 08:42:19,218 [base.py] => CA Task 2 => Loss 0.017, Test_accy 97.030
2025-11-20 08:42:24,137 [base.py] => CA Task 2 => Loss 0.016, Test_accy 97.030
2025-11-20 08:42:28,969 [trainer.py] => CNN: {'total': 97.03, '00-09': 97.3, '10-19': 95.9, '20-29': 97.9, 'old': 96.6, 'new': 97.9}
2025-11-20 08:42:28,970 [trainer.py] => CNN top1 curve: [99.1, 97.7, 97.03]
2025-11-20 08:42:28,970 [trainer.py] => CNN top5 curve: [100.0, 99.7, 99.63]
2025-11-20 08:42:28,970 [trainer.py] => Average Accuracy (CNN): 97.94333333333334
2025-11-20 08:42:28,970 [trainer.py] => All params: 87011328
2025-11-20 08:42:28,971 [trainer.py] => Trainable params: 1212672
2025-11-20 08:42:28,975 [RSIAT_adapter.py] => Learning on 30-40
2025-11-20 08:42:36,910 [toolkit.py] => All params: 87151232
2025-11-20 08:42:36,910 [toolkit.py] => Trainable params: 1352576
2025-11-20 08:56:05,001 [RSIAT_adapter.py] => Task 3, Epoch 30/30 => Loss 0.954, Loss_c 0.586, Losses_rt 0.368, Train_accy 79.96, Test_accy 94.95
2025-11-20 08:56:31,288 [base.py] => CA Task 3 => Loss 0.037, Test_accy 96.080
2025-11-20 08:56:37,702 [base.py] => CA Task 3 => Loss 0.028, Test_accy 96.250
2025-11-20 08:56:44,044 [base.py] => CA Task 3 => Loss 0.026, Test_accy 96.280
2025-11-20 08:56:50,469 [base.py] => CA Task 3 => Loss 0.025, Test_accy 96.320
2025-11-20 08:56:56,877 [base.py] => CA Task 3 => Loss 0.025, Test_accy 96.350
2025-11-20 08:57:03,261 [base.py] => CA Task 3 => Loss 0.025, Test_accy 96.350
2025-11-20 08:57:09,647 [base.py] => CA Task 3 => Loss 0.025, Test_accy 96.280
2025-11-20 08:57:16,065 [base.py] => CA Task 3 => Loss 0.025, Test_accy 96.300
2025-11-20 08:57:22,503 [base.py] => CA Task 3 => Loss 0.024, Test_accy 96.300
2025-11-20 08:57:28,910 [base.py] => CA Task 3 => Loss 0.023, Test_accy 96.300
2025-11-20 08:57:35,132 [trainer.py] => CNN: {'total': 96.3, '00-09': 96.9, '10-19': 95.1, '20-29': 97.5, '30-39': 95.7, 'old': 96.5, 'new': 95.7}
2025-11-20 08:57:35,132 [trainer.py] => CNN top1 curve: [99.1, 97.7, 97.03, 96.3]
2025-11-20 08:57:35,133 [trainer.py] => CNN top5 curve: [100.0, 99.7, 99.63, 99.52]
2025-11-20 08:57:35,133 [trainer.py] => Average Accuracy (CNN): 97.53250000000001
2025-11-20 08:57:35,133 [trainer.py] => All params: 87019008
2025-11-20 08:57:35,134 [trainer.py] => Trainable params: 1220352
2025-11-20 08:57:35,142 [RSIAT_adapter.py] => Learning on 40-50
2025-11-20 08:57:42,806 [toolkit.py] => All params: 87158912
2025-11-20 08:57:42,806 [toolkit.py] => Trainable params: 1360256
2025-11-20 09:11:53,226 [RSIAT_adapter.py] => Task 4, Epoch 30/30 => Loss 0.739, Loss_c 0.386, Losses_rt 0.353, Train_accy 87.46, Test_accy 94.70
2025-11-20 09:12:21,654 [base.py] => CA Task 4 => Loss 0.048, Test_accy 94.760
2025-11-20 09:12:29,507 [base.py] => CA Task 4 => Loss 0.041, Test_accy 94.900
2025-11-20 09:12:37,364 [base.py] => CA Task 4 => Loss 0.039, Test_accy 94.940
2025-11-20 09:12:45,243 [base.py] => CA Task 4 => Loss 0.038, Test_accy 95.060
2025-11-20 09:12:53,130 [base.py] => CA Task 4 => Loss 0.037, Test_accy 95.120
2025-11-20 09:13:01,048 [base.py] => CA Task 4 => Loss 0.036, Test_accy 95.220
2025-11-20 09:13:09,073 [base.py] => CA Task 4 => Loss 0.038, Test_accy 95.140
2025-11-20 09:13:16,975 [base.py] => CA Task 4 => Loss 0.035, Test_accy 95.200
2025-11-20 09:13:24,842 [base.py] => CA Task 4 => Loss 0.035, Test_accy 95.180
2025-11-20 09:13:32,764 [base.py] => CA Task 4 => Loss 0.034, Test_accy 95.180
2025-11-20 09:13:40,577 [trainer.py] => CNN: {'total': 95.18, '00-09': 95.8, '10-19': 93.9, '20-29': 96.8, '30-39': 95.0, '40-49': 94.4, 'old': 95.38, 'new': 94.4}
2025-11-20 09:13:40,578 [trainer.py] => CNN top1 curve: [99.1, 97.7, 97.03, 96.3, 95.18]
2025-11-20 09:13:40,578 [trainer.py] => CNN top5 curve: [100.0, 99.7, 99.63, 99.52, 99.54]
2025-11-20 09:13:40,578 [trainer.py] => Average Accuracy (CNN): 97.06200000000001
2025-11-20 09:13:40,579 [trainer.py] => All params: 87026688
2025-11-20 09:13:40,579 [trainer.py] => Trainable params: 1228032
2025-11-20 09:13:40,587 [RSIAT_adapter.py] => Learning on 50-60
2025-11-20 09:13:48,268 [toolkit.py] => All params: 87166592
2025-11-20 09:13:48,268 [toolkit.py] => Trainable params: 1367936
2025-11-20 09:28:43,863 [RSIAT_adapter.py] => Task 5, Epoch 30/30 => Loss 0.935, Loss_c 0.569, Losses_rt 0.366, Train_accy 85.52, Test_accy 94.32
2025-11-20 09:29:14,190 [base.py] => CA Task 5 => Loss 0.048, Test_accy 94.450
2025-11-20 09:29:23,612 [base.py] => CA Task 5 => Loss 0.044, Test_accy 94.420
2025-11-20 09:29:32,983 [base.py] => CA Task 5 => Loss 0.043, Test_accy 94.500
2025-11-20 09:29:42,421 [base.py] => CA Task 5 => Loss 0.041, Test_accy 94.500
2025-11-20 09:29:51,839 [base.py] => CA Task 5 => Loss 0.042, Test_accy 94.500
2025-11-20 09:30:01,284 [base.py] => CA Task 5 => Loss 0.037, Test_accy 94.530
2025-11-20 09:30:10,972 [base.py] => CA Task 5 => Loss 0.035, Test_accy 94.520
2025-11-20 09:30:20,541 [base.py] => CA Task 5 => Loss 0.038, Test_accy 94.570
2025-11-20 09:30:29,921 [base.py] => CA Task 5 => Loss 0.037, Test_accy 94.550
2025-11-20 09:30:39,483 [base.py] => CA Task 5 => Loss 0.037, Test_accy 94.530
2025-11-20 09:30:48,571 [trainer.py] => CNN: {'total': 94.53, '00-09': 94.6, '10-19': 93.8, '20-29': 96.0, '30-39': 94.6, '40-49': 94.1, '50-59': 94.1, 'old': 94.62, 'new': 94.1}
2025-11-20 09:30:48,572 [trainer.py] => CNN top1 curve: [99.1, 97.7, 97.03, 96.3, 95.18, 94.53]
2025-11-20 09:30:48,573 [trainer.py] => CNN top5 curve: [100.0, 99.7, 99.63, 99.52, 99.54, 99.47]
2025-11-20 09:30:48,573 [trainer.py] => Average Accuracy (CNN): 96.64
2025-11-20 09:30:48,573 [trainer.py] => All params: 87034368
2025-11-20 09:30:48,574 [trainer.py] => Trainable params: 1235712
2025-11-20 09:30:48,575 [RSIAT_adapter.py] => Learning on 60-70
2025-11-20 09:30:56,402 [toolkit.py] => All params: 87174272
2025-11-20 09:30:56,402 [toolkit.py] => Trainable params: 1375616
2025-11-20 09:46:35,112 [RSIAT_adapter.py] => Task 6, Epoch 30/30 => Loss 0.807, Loss_c 0.455, Losses_rt 0.352, Train_accy 87.30, Test_accy 93.83
2025-11-20 09:47:06,858 [base.py] => CA Task 6 => Loss 0.051, Test_accy 93.960
2025-11-20 09:47:17,692 [base.py] => CA Task 6 => Loss 0.046, Test_accy 94.070
2025-11-20 09:47:28,533 [base.py] => CA Task 6 => Loss 0.044, Test_accy 94.030
2025-11-20 09:47:39,369 [base.py] => CA Task 6 => Loss 0.044, Test_accy 94.230
2025-11-20 09:47:50,179 [base.py] => CA Task 6 => Loss 0.045, Test_accy 94.230
2025-11-20 09:48:01,050 [base.py] => CA Task 6 => Loss 0.042, Test_accy 94.230
2025-11-20 09:48:11,894 [base.py] => CA Task 6 => Loss 0.042, Test_accy 94.160
2025-11-20 09:48:22,782 [base.py] => CA Task 6 => Loss 0.043, Test_accy 94.170
2025-11-20 09:48:33,687 [base.py] => CA Task 6 => Loss 0.040, Test_accy 94.160
2025-11-20 09:48:44,591 [base.py] => CA Task 6 => Loss 0.040, Test_accy 94.170
2025-11-20 09:48:55,092 [trainer.py] => CNN: {'total': 94.17, '00-09': 94.2, '10-19': 93.0, '20-29': 95.4, '30-39': 94.6, '40-49': 93.8, '50-59': 92.6, '60-69': 95.6, 'old': 93.93, 'new': 95.6}
2025-11-20 09:48:55,092 [trainer.py] => CNN top1 curve: [99.1, 97.7, 97.03, 96.3, 95.18, 94.53, 94.17]
2025-11-20 09:48:55,093 [trainer.py] => CNN top5 curve: [100.0, 99.7, 99.63, 99.52, 99.54, 99.47, 99.47]
2025-11-20 09:48:55,093 [trainer.py] => Average Accuracy (CNN): 96.28714285714285
2025-11-20 09:48:55,093 [trainer.py] => All params: 87042048
2025-11-20 09:48:55,094 [trainer.py] => Trainable params: 1243392
2025-11-20 09:48:55,095 [RSIAT_adapter.py] => Learning on 70-80
2025-11-20 09:49:02,739 [toolkit.py] => All params: 87181952
2025-11-20 09:49:02,739 [toolkit.py] => Trainable params: 1383296
2025-11-20 10:05:17,150 [RSIAT_adapter.py] => Task 7, Epoch 30/30 => Loss 0.912, Loss_c 0.559, Losses_rt 0.353, Train_accy 76.30, Test_accy 92.22
2025-11-20 10:05:51,000 [base.py] => CA Task 7 => Loss 0.077, Test_accy 92.440
2025-11-20 10:06:03,726 [base.py] => CA Task 7 => Loss 0.071, Test_accy 92.580
2025-11-20 10:06:16,520 [base.py] => CA Task 7 => Loss 0.067, Test_accy 92.690
2025-11-20 10:06:29,030 [base.py] => CA Task 7 => Loss 0.067, Test_accy 92.760
2025-11-20 10:06:41,356 [base.py] => CA Task 7 => Loss 0.063, Test_accy 92.840
2025-11-20 10:06:53,786 [base.py] => CA Task 7 => Loss 0.063, Test_accy 92.800
2025-11-20 10:07:06,143 [base.py] => CA Task 7 => Loss 0.061, Test_accy 92.910
2025-11-20 10:07:18,782 [base.py] => CA Task 7 => Loss 0.060, Test_accy 92.920
2025-11-20 10:07:31,370 [base.py] => CA Task 7 => Loss 0.061, Test_accy 92.880
2025-11-20 10:07:43,888 [base.py] => CA Task 7 => Loss 0.059, Test_accy 92.890
2025-11-20 10:07:56,180 [trainer.py] => CNN: {'total': 92.89, '00-09': 93.9, '10-19': 92.9, '20-29': 95.2, '30-39': 94.6, '40-49': 91.7, '50-59': 91.0, '60-69': 94.2, '70-79': 89.6, 'old': 93.36, 'new': 89.6}
2025-11-20 10:07:56,181 [trainer.py] => CNN top1 curve: [99.1, 97.7, 97.03, 96.3, 95.18, 94.53, 94.17, 92.89]
2025-11-20 10:07:56,181 [trainer.py] => CNN top5 curve: [100.0, 99.7, 99.63, 99.52, 99.54, 99.47, 99.47, 99.5]
2025-11-20 10:07:56,181 [trainer.py] => Average Accuracy (CNN): 95.8625
2025-11-20 10:07:56,181 [trainer.py] => All params: 87049728
2025-11-20 10:07:56,182 [trainer.py] => Trainable params: 1251072
2025-11-20 10:07:56,183 [RSIAT_adapter.py] => Learning on 80-90
2025-11-20 10:08:03,843 [toolkit.py] => All params: 87189632
2025-11-20 10:08:03,844 [toolkit.py] => Trainable params: 1390976
2025-11-20 10:25:00,272 [RSIAT_adapter.py] => Task 8, Epoch 30/30 => Loss 0.887, Loss_c 0.530, Losses_rt 0.357, Train_accy 80.88, Test_accy 92.00
2025-11-20 10:25:36,126 [base.py] => CA Task 8 => Loss 0.070, Test_accy 92.130
2025-11-20 10:25:50,187 [base.py] => CA Task 8 => Loss 0.072, Test_accy 92.310
2025-11-20 10:26:04,234 [base.py] => CA Task 8 => Loss 0.067, Test_accy 92.320
2025-11-20 10:26:18,318 [base.py] => CA Task 8 => Loss 0.062, Test_accy 92.280
2025-11-20 10:26:32,363 [base.py] => CA Task 8 => Loss 0.062, Test_accy 92.440
2025-11-20 10:26:46,394 [base.py] => CA Task 8 => Loss 0.061, Test_accy 92.390
2025-11-20 10:27:00,625 [base.py] => CA Task 8 => Loss 0.062, Test_accy 92.430
2025-11-20 10:27:14,718 [base.py] => CA Task 8 => Loss 0.064, Test_accy 92.430
2025-11-20 10:27:28,916 [base.py] => CA Task 8 => Loss 0.058, Test_accy 92.410
2025-11-20 10:27:42,815 [base.py] => CA Task 8 => Loss 0.061, Test_accy 92.410
2025-11-20 10:27:56,099 [trainer.py] => CNN: {'total': 92.41, '00-09': 92.7, '10-19': 92.1, '20-29': 94.8, '30-39': 93.6, '40-49': 90.3, '50-59': 90.8, '60-69': 93.0, '70-79': 90.4, '80-89': 94.0, 'old': 92.21, 'new': 94.0}
2025-11-20 10:27:56,100 [trainer.py] => CNN top1 curve: [99.1, 97.7, 97.03, 96.3, 95.18, 94.53, 94.17, 92.89, 92.41]
2025-11-20 10:27:56,100 [trainer.py] => CNN top5 curve: [100.0, 99.7, 99.63, 99.52, 99.54, 99.47, 99.47, 99.5, 99.3]
2025-11-20 10:27:56,100 [trainer.py] => Average Accuracy (CNN): 95.47888888888889
2025-11-20 10:27:56,100 [trainer.py] => All params: 87057408
2025-11-20 10:27:56,101 [trainer.py] => Trainable params: 1258752
2025-11-20 10:27:56,102 [RSIAT_adapter.py] => Learning on 90-100
2025-11-20 10:28:03,810 [toolkit.py] => All params: 87197312
2025-11-20 10:28:03,811 [toolkit.py] => Trainable params: 1398656
2025-11-20 10:45:49,821 [RSIAT_adapter.py] => Task 9, Epoch 30/30 => Loss 0.940, Loss_c 0.607, Losses_rt 0.334, Train_accy 79.64, Test_accy 92.03
2025-11-20 10:46:27,526 [base.py] => CA Task 9 => Loss 0.064, Test_accy 92.140
2025-11-20 10:46:43,055 [base.py] => CA Task 9 => Loss 0.063, Test_accy 92.050
2025-11-20 10:46:58,590 [base.py] => CA Task 9 => Loss 0.062, Test_accy 92.060
2025-11-20 10:47:14,029 [base.py] => CA Task 9 => Loss 0.061, Test_accy 92.140
2025-11-20 10:47:29,550 [base.py] => CA Task 9 => Loss 0.057, Test_accy 92.090
2025-11-20 10:47:45,382 [base.py] => CA Task 9 => Loss 0.058, Test_accy 92.220
2025-11-20 10:48:00,857 [base.py] => CA Task 9 => Loss 0.057, Test_accy 92.190
2025-11-20 10:48:16,381 [base.py] => CA Task 9 => Loss 0.057, Test_accy 92.180
2025-11-20 10:48:31,873 [base.py] => CA Task 9 => Loss 0.059, Test_accy 92.190
2025-11-20 10:48:47,558 [base.py] => CA Task 9 => Loss 0.055, Test_accy 92.200
2025-11-20 10:49:02,470 [trainer.py] => CNN: {'total': 92.2, '00-09': 92.1, '10-19': 91.5, '20-29': 95.1, '30-39': 93.6, '40-49': 89.3, '50-59': 90.1, '60-69': 92.8, '70-79': 90.4, '80-89': 94.2, '90-99': 92.9, 'old': 92.12, 'new': 92.9}
2025-11-20 10:49:02,470 [trainer.py] => CNN top1 curve: [99.1, 97.7, 97.03, 96.3, 95.18, 94.53, 94.17, 92.89, 92.41, 92.2]
2025-11-20 10:49:02,470 [trainer.py] => CNN top5 curve: [100.0, 99.7, 99.63, 99.52, 99.54, 99.47, 99.47, 99.5, 99.3, 99.26]
2025-11-20 10:49:02,470 [trainer.py] => Average Accuracy (CNN): 95.151
2025-11-20 10:49:02,492 [trainer.py] => Average Seed Accuracy (CNN): 95.151
2026-07-22 10:25:24,301 [trainer.py] => config: .\exps\adapter_cifar224_smoke.json
2026-07-22 10:25:24,301 [trainer.py] => prefix: all
2026-07-22 10:25:24,301 [trainer.py] => dataset: cifar224
2026-07-22 10:25:24,301 [trainer.py] => shuffle: True
2026-07-22 10:25:24,301 [trainer.py] => ssca: True
2026-07-22 10:25:24,301 [trainer.py] => ca: True
2026-07-22 10:25:24,301 [trainer.py] => init_cls: 10
2026-07-22 10:25:24,301 [trainer.py] => increment: 10
2026-07-22 10:25:24,301 [trainer.py] => model_name: adapter
2026-07-22 10:25:24,301 [trainer.py] => convnet_type: pretrained_vit_b16_224_in21k_adapter
2026-07-22 10:25:24,301 [trainer.py] => device: [device(type='cuda', index=0)]
2026-07-22 10:25:24,301 [trainer.py] => seed: 1993
2026-07-22 10:25:24,312 [trainer.py] => init_epochs: 1
2026-07-22 10:25:24,312 [trainer.py] => warmup_epoch: 0
2026-07-22 10:25:24,312 [trainer.py] => inc_epochs: 1
2026-07-22 10:25:24,312 [trainer.py] => ca_epochs: 1
2026-07-22 10:25:24,312 [trainer.py] => init_lr: 0.018461273665041644
2026-07-22 10:25:24,312 [trainer.py] => batch_size: 16
2026-07-22 10:25:24,312 [trainer.py] => weight_decay: 0.0001714081878951529
2026-07-22 10:25:24,312 [trainer.py] => min_lr: 0
2026-07-22 10:25:24,312 [trainer.py] => ffn_num: 64
2026-07-22 10:25:24,312 [trainer.py] => optimizer: sgd
2026-07-22 10:25:24,312 [trainer.py] => scale: 40.0
2026-07-22 10:25:24,312 [trainer.py] => margin: 0.1
2026-07-22 10:25:24,315 [trainer.py] => alpha: 0.5
2026-07-22 10:25:24,315 [trainer.py] => rs_margin: 0.3
2026-07-22 10:25:24,316 [trainer.py] => lambda_rs: 0.2
2026-07-22 10:25:24,317 [trainer.py] => beta: 1.0
2026-07-22 10:25:24,317 [trainer.py] => gamma: 0.4
2026-07-22 10:25:24,317 [trainer.py] => ae_code_dims: 256
2026-07-22 10:25:24,318 [trainer.py] => ae_init_lr: 0.0005611742230603744
2026-07-22 10:25:24,318 [trainer.py] => ae_weight_decay: 0.0029339295871570244
2026-07-22 15:02:09,238 [trainer.py] => config: .\exps\adapter_cifar224_smoke.json
2026-07-22 15:02:09,238 [trainer.py] => prefix: all
2026-07-22 15:02:09,238 [trainer.py] => dataset: cifar224
2026-07-22 15:02:09,238 [trainer.py] => shuffle: True
2026-07-22 15:02:09,238 [trainer.py] => ssca: True
2026-07-22 15:02:09,238 [trainer.py] => ca: True
2026-07-22 15:02:09,238 [trainer.py] => init_cls: 10
2026-07-22 15:02:09,248 [trainer.py] => increment: 10
2026-07-22 15:02:09,248 [trainer.py] => model_name: adapter
2026-07-22 15:02:09,248 [trainer.py] => convnet_type: pretrained_vit_b16_224_in21k_adapter
2026-07-22 15:02:09,248 [trainer.py] => device: [device(type='cuda', index=0)]
2026-07-22 15:02:09,248 [trainer.py] => seed: 1993
2026-07-22 15:02:09,248 [trainer.py] => init_epochs: 1
2026-07-22 15:02:09,248 [trainer.py] => warmup_epoch: 0
2026-07-22 15:02:09,248 [trainer.py] => inc_epochs: 1
2026-07-22 15:02:09,250 [trainer.py] => ca_epochs: 1
2026-07-22 15:02:09,250 [trainer.py] => init_lr: 0.018461273665041644
2026-07-22 15:02:09,250 [trainer.py] => batch_size: 16
2026-07-22 15:02:09,250 [trainer.py] => weight_decay: 0.0001714081878951529
2026-07-22 15:02:09,250 [trainer.py] => min_lr: 0
2026-07-22 15:02:09,250 [trainer.py] => ffn_num: 64
2026-07-22 15:02:09,250 [trainer.py] => optimizer: sgd
2026-07-22 15:02:09,250 [trainer.py] => scale: 40.0
2026-07-22 15:02:09,250 [trainer.py] => margin: 0.1
2026-07-22 15:02:09,250 [trainer.py] => alpha: 0.5
2026-07-22 15:02:09,250 [trainer.py] => rs_margin: 0.3
2026-07-22 15:02:09,253 [trainer.py] => lambda_rs: 0.2
2026-07-22 15:02:09,253 [trainer.py] => beta: 1.0
2026-07-22 15:02:09,253 [trainer.py] => gamma: 0.4
2026-07-22 15:02:09,253 [trainer.py] => ae_code_dims: 256
2026-07-22 15:02:09,253 [trainer.py] => ae_init_lr: 0.0005611742230603744
2026-07-22 15:02:09,253 [trainer.py] => ae_weight_decay: 0.0029339295871570244
2026-07-22 15:03:10,022 [trainer.py] => config: .\exps\adapter_cifar224_smoke.json
2026-07-22 15:03:10,022 [trainer.py] => prefix: all
2026-07-22 15:03:10,022 [trainer.py] => dataset: cifar224
2026-07-22 15:03:10,022 [trainer.py] => shuffle: True
2026-07-22 15:03:10,022 [trainer.py] => ssca: True
2026-07-22 15:03:10,022 [trainer.py] => ca: True
2026-07-22 15:03:10,022 [trainer.py] => init_cls: 10
2026-07-22 15:03:10,022 [trainer.py] => increment: 10
2026-07-22 15:03:10,022 [trainer.py] => model_name: adapter
2026-07-22 15:03:10,022 [trainer.py] => convnet_type: pretrained_vit_b16_224_in21k_adapter
2026-07-22 15:03:10,022 [trainer.py] => device: [device(type='cuda', index=0)]
2026-07-22 15:03:10,022 [trainer.py] => seed: 1993
2026-07-22 15:03:10,022 [trainer.py] => init_epochs: 1
2026-07-22 15:03:10,022 [trainer.py] => warmup_epoch: 0
2026-07-22 15:03:10,022 [trainer.py] => inc_epochs: 1
2026-07-22 15:03:10,022 [trainer.py] => ca_epochs: 1
2026-07-22 15:03:10,022 [trainer.py] => init_lr: 0.018461273665041644
2026-07-22 15:03:10,022 [trainer.py] => batch_size: 16
2026-07-22 15:03:10,022 [trainer.py] => weight_decay: 0.0001714081878951529
2026-07-22 15:03:10,022 [trainer.py] => min_lr: 0
2026-07-22 15:03:10,022 [trainer.py] => ffn_num: 64
2026-07-22 15:03:10,022 [trainer.py] => optimizer: sgd
2026-07-22 15:03:10,034 [trainer.py] => scale: 40.0
2026-07-22 15:03:10,034 [trainer.py] => margin: 0.1
2026-07-22 15:03:10,034 [trainer.py] => alpha: 0.5
2026-07-22 15:03:10,034 [trainer.py] => rs_margin: 0.3
2026-07-22 15:03:10,034 [trainer.py] => lambda_rs: 0.2
2026-07-22 15:03:10,036 [trainer.py] => beta: 1.0
2026-07-22 15:03:10,036 [trainer.py] => gamma: 0.4
2026-07-22 15:03:10,036 [trainer.py] => ae_code_dims: 256
2026-07-22 15:03:10,036 [trainer.py] => ae_init_lr: 0.0005611742230603744
2026-07-22 15:03:10,036 [trainer.py] => ae_weight_decay: 0.0029339295871570244
2026-07-22 15:05:24,979 [trainer.py] => config: .\exps\adapter_cifar224_smoke.json
2026-07-22 15:05:24,983 [trainer.py] => prefix: all
2026-07-22 15:05:24,983 [trainer.py] => dataset: cifar224
2026-07-22 15:05:24,983 [trainer.py] => shuffle: True
2026-07-22 15:05:24,983 [trainer.py] => ssca: True
2026-07-22 15:05:24,983 [trainer.py] => ca: True
2026-07-22 15:05:24,983 [trainer.py] => init_cls: 10
2026-07-22 15:05:24,983 [trainer.py] => increment: 10
2026-07-22 15:05:24,983 [trainer.py] => model_name: adapter
2026-07-22 15:05:24,983 [trainer.py] => convnet_type: pretrained_vit_b16_224_in21k_adapter
2026-07-22 15:05:24,983 [trainer.py] => device: [device(type='cuda', index=0)]
2026-07-22 15:05:24,983 [trainer.py] => seed: 1993
2026-07-22 15:05:24,983 [trainer.py] => init_epochs: 1
2026-07-22 15:05:24,983 [trainer.py] => warmup_epoch: 0
2026-07-22 15:05:24,983 [trainer.py] => inc_epochs: 1
2026-07-22 15:05:24,983 [trainer.py] => ca_epochs: 1
2026-07-22 15:05:24,983 [trainer.py] => init_lr: 0.018461273665041644
2026-07-22 15:05:24,983 [trainer.py] => batch_size: 16
2026-07-22 15:05:24,983 [trainer.py] => weight_decay: 0.0001714081878951529
2026-07-22 15:05:24,983 [trainer.py] => min_lr: 0
2026-07-22 15:05:24,983 [trainer.py] => ffn_num: 64
2026-07-22 15:05:24,983 [trainer.py] => optimizer: sgd
2026-07-22 15:05:24,983 [trainer.py] => scale: 40.0
2026-07-22 15:05:24,983 [trainer.py] => margin: 0.1
2026-07-22 15:05:24,983 [trainer.py] => alpha: 0.5
2026-07-22 15:05:24,983 [trainer.py] => rs_margin: 0.3
2026-07-22 15:05:24,983 [trainer.py] => lambda_rs: 0.2
2026-07-22 15:05:24,983 [trainer.py] => beta: 1.0
2026-07-22 15:05:24,983 [trainer.py] => gamma: 0.4
2026-07-22 15:05:24,983 [trainer.py] => ae_code_dims: 256
2026-07-22 15:05:24,983 [trainer.py] => ae_init_lr: 0.0005611742230603744
2026-07-22 15:05:24,990 [trainer.py] => ae_weight_decay: 0.0029339295871570244
2026-07-22 16:22:45,086 [data_manager.py] => [68, 56, 78, 8, 23, 84, 90, 65, 74, 76, 40, 89, 3, 92, 55, 9, 26, 80, 43, 38, 58, 70, 77, 1, 85, 19, 17, 50, 28, 53, 13, 81, 45, 82, 6, 59, 83, 16, 15, 44, 91, 41, 72, 60, 79, 52, 20, 10, 31, 54, 37, 95, 14, 71, 96, 98, 97, 2, 64, 66, 42, 22, 35, 86, 24, 34, 87, 21, 99, 0, 88, 27, 18, 94, 11, 12, 47, 25, 30, 46, 62, 69, 36, 61, 7, 63, 75, 5, 32, 4, 51, 48, 73, 93, 39, 67, 29, 49, 57, 33]
2026-07-22 16:22:51,338 [hub.py] => Downloading: "https://storage.googleapis.com/vit_models/augreg/B_16-i21k-300ep-lr_0.001-aug_medium1-wd_0.1-do_0.0-sd_0.0.npz" to C:\Users\Asus/.cache\torch\hub\checkpoints\B_16-i21k-300ep-lr_0.001-aug_medium1-wd_0.1-do_0.0-sd_0.0.npz

2026-07-22 16:28:13,873 [trainer.py] => All params: 86988288
2026-07-22 16:28:13,876 [trainer.py] => Trainable params: 1189632
2026-07-22 16:28:13,876 [RSIAT_adapter.py] => Learning on 0-10
2026-07-22 16:28:14,490 [toolkit.py] => All params: 86251776
2026-07-22 16:28:14,490 [toolkit.py] => Trainable params: 1197312
2026-07-22 16:30:47,464 [trainer.py] => config: .\exps\adapter_cifar224_smoke.json
2026-07-22 16:30:47,464 [trainer.py] => prefix: all
2026-07-22 16:30:47,464 [trainer.py] => dataset: cifar224
2026-07-22 16:30:47,464 [trainer.py] => shuffle: True
2026-07-22 16:30:47,464 [trainer.py] => ssca: True
2026-07-22 16:30:47,464 [trainer.py] => ca: True
2026-07-22 16:30:47,464 [trainer.py] => init_cls: 10
2026-07-22 16:30:47,464 [trainer.py] => increment: 10
2026-07-22 16:30:47,464 [trainer.py] => model_name: adapter
2026-07-22 16:30:47,464 [trainer.py] => convnet_type: pretrained_vit_b16_224_in21k_adapter
2026-07-22 16:30:47,464 [trainer.py] => device: [device(type='cuda', index=0)]
2026-07-22 16:30:47,464 [trainer.py] => seed: 1993
2026-07-22 16:30:47,464 [trainer.py] => init_epochs: 1
2026-07-22 16:30:47,464 [trainer.py] => warmup_epoch: 1
2026-07-22 16:30:47,464 [trainer.py] => inc_epochs: 1
2026-07-22 16:30:47,464 [trainer.py] => ca_epochs: 1
2026-07-22 16:30:47,464 [trainer.py] => init_lr: 0.018461273665041644
2026-07-22 16:30:47,464 [trainer.py] => batch_size: 16
2026-07-22 16:30:47,464 [trainer.py] => weight_decay: 0.0001714081878951529
2026-07-22 16:30:47,464 [trainer.py] => min_lr: 0
2026-07-22 16:30:47,464 [trainer.py] => ffn_num: 64
2026-07-22 16:30:47,464 [trainer.py] => optimizer: sgd
2026-07-22 16:30:47,464 [trainer.py] => scale: 40.0
2026-07-22 16:30:47,464 [trainer.py] => margin: 0.1
2026-07-22 16:30:47,464 [trainer.py] => alpha: 0.5
2026-07-22 16:30:47,464 [trainer.py] => rs_margin: 0.3
2026-07-22 16:30:47,464 [trainer.py] => lambda_rs: 0.2
2026-07-22 16:30:47,480 [trainer.py] => beta: 1.0
2026-07-22 16:30:47,480 [trainer.py] => gamma: 0.4
2026-07-22 16:30:47,480 [trainer.py] => ae_code_dims: 256
2026-07-22 16:30:47,480 [trainer.py] => ae_init_lr: 0.0005611742230603744
2026-07-22 16:30:47,480 [trainer.py] => ae_weight_decay: 0.0029339295871570244
2026-07-22 16:30:50,041 [data_manager.py] => [68, 56, 78, 8, 23, 84, 90, 65, 74, 76, 40, 89, 3, 92, 55, 9, 26, 80, 43, 38, 58, 70, 77, 1, 85, 19, 17, 50, 28, 53, 13, 81, 45, 82, 6, 59, 83, 16, 15, 44, 91, 41, 72, 60, 79, 52, 20, 10, 31, 54, 37, 95, 14, 71, 96, 98, 97, 2, 64, 66, 42, 22, 35, 86, 24, 34, 87, 21, 99, 0, 88, 27, 18, 94, 11, 12, 47, 25, 30, 46, 62, 69, 36, 61, 7, 63, 75, 5, 32, 4, 51, 48, 73, 93, 39, 67, 29, 49, 57, 33]
2026-07-22 16:30:56,643 [trainer.py] => All params: 86988288
2026-07-22 16:30:56,643 [trainer.py] => Trainable params: 1189632
2026-07-22 16:30:56,643 [RSIAT_adapter.py] => Learning on 0-10
2026-07-22 16:30:58,748 [toolkit.py] => All params: 86251776
2026-07-22 16:30:58,748 [toolkit.py] => Trainable params: 1197312
2026-07-22 16:34:25,478 [RSIAT_adapter.py] => Task 0, Epoch 1/1 => Loss 1.337, Loss_c 1.337, Losses_rt 0.000, Train_accy 88.00, Test_accy 99.00
2026-07-22 16:41:15,801 [trainer.py] => CNN: {'total': 99.0, '00-09': 99.0, 'old': 0.0, 'new': 99.0}
2026-07-22 16:41:15,801 [trainer.py] => CNN top1 curve: [99.0]
2026-07-22 16:41:15,802 [trainer.py] => CNN top5 curve: [100.0]
2026-07-22 16:41:15,802 [trainer.py] => Average Accuracy (CNN): 99.0
2026-07-22 16:41:15,803 [trainer.py] => All params: 86995968
2026-07-22 16:41:15,804 [trainer.py] => Trainable params: 1197312
2026-07-22 16:41:15,810 [RSIAT_adapter.py] => Learning on 10-20
2026-07-22 16:42:44,532 [toolkit.py] => All params: 87135872
2026-07-22 16:42:44,532 [toolkit.py] => Trainable params: 1337216
2026-07-22 16:46:51,688 [RSIAT_adapter.py] => Task 1, Epoch 1/1 => Loss 1.758, Loss_c 1.296, Losses_rt 0.462, Train_accy 81.26, Test_accy 96.80
2026-07-22 16:55:39,033 [base.py] => CA Task 1 => Loss 0.019, Test_accy 96.850
2026-07-22 16:56:53,661 [trainer.py] => CNN: {'total': 96.85, '00-09': 97.5, '10-19': 96.2, 'old': 97.5, 'new': 96.2}
2026-07-22 16:56:53,662 [trainer.py] => CNN top1 curve: [99.0, 96.85]
2026-07-22 16:56:53,662 [trainer.py] => CNN top5 curve: [100.0, 99.7]
2026-07-22 16:56:53,663 [trainer.py] => Average Accuracy (CNN): 97.925
2026-07-22 16:56:53,664 [trainer.py] => All params: 87003648
2026-07-22 16:56:53,665 [trainer.py] => Trainable params: 1204992
2026-07-22 16:56:53,666 [RSIAT_adapter.py] => Learning on 20-30
2026-07-22 16:58:21,788 [toolkit.py] => All params: 87143552
2026-07-22 16:58:21,788 [toolkit.py] => Trainable params: 1344896
2026-07-22 17:02:40,325 [RSIAT_adapter.py] => Task 2, Epoch 1/1 => Loss 1.124, Loss_c 0.721, Losses_rt 0.403, Train_accy 85.90, Test_accy 96.00
2026-07-22 19:42:43,976 [trainer.py] => config: .\exps\adapter_cifar224.json
2026-07-22 19:42:43,977 [trainer.py] => prefix: all
2026-07-22 19:42:43,977 [trainer.py] => dataset: cifar224
2026-07-22 19:42:43,978 [trainer.py] => resume: True
2026-07-22 19:42:43,978 [trainer.py] => shuffle: True
2026-07-22 19:42:43,978 [trainer.py] => ssca: True
2026-07-22 19:42:43,979 [trainer.py] => ca: True
2026-07-22 19:42:43,979 [trainer.py] => init_cls: 10
2026-07-22 19:42:43,979 [trainer.py] => increment: 10
2026-07-22 19:42:43,979 [trainer.py] => model_name: adapter
2026-07-22 19:42:43,980 [trainer.py] => convnet_type: pretrained_vit_b16_224_in21k_adapter
2026-07-22 19:42:43,982 [trainer.py] => device: [device(type='cuda', index=0)]
2026-07-22 19:42:43,982 [trainer.py] => seed: 1993
2026-07-22 19:42:43,983 [trainer.py] => init_epochs: 10
2026-07-22 19:42:43,983 [trainer.py] => warmup_epoch: 7
2026-07-22 19:42:43,983 [trainer.py] => inc_epochs: 30
2026-07-22 19:42:43,984 [trainer.py] => ca_epochs: 10
2026-07-22 19:42:43,984 [trainer.py] => init_lr: 0.018461273665041644
2026-07-22 19:42:43,984 [trainer.py] => batch_size: 64
2026-07-22 19:42:43,985 [trainer.py] => weight_decay: 0.0001714081878951529
2026-07-22 19:42:43,985 [trainer.py] => min_lr: 0
2026-07-22 19:42:43,985 [trainer.py] => ffn_num: 64
2026-07-22 19:42:43,986 [trainer.py] => optimizer: sgd
2026-07-22 19:42:43,986 [trainer.py] => scale: 40.0
2026-07-22 19:42:43,986 [trainer.py] => margin: 0.1
2026-07-22 19:42:43,987 [trainer.py] => alpha: 0.5
2026-07-22 19:42:43,987 [trainer.py] => rs_margin: 0.3
2026-07-22 19:42:43,987 [trainer.py] => lambda_rs: 0.2
2026-07-22 19:42:43,987 [trainer.py] => beta: 1.0
2026-07-22 19:42:43,988 [trainer.py] => gamma: 0.4
2026-07-22 19:42:43,988 [trainer.py] => ae_code_dims: 256
2026-07-22 19:42:43,988 [trainer.py] => ae_init_lr: 0.0005611742230603744
2026-07-22 19:42:43,989 [trainer.py] => ae_weight_decay: 0.0029339295871570244
2026-07-22 19:42:46,339 [data_manager.py] => [68, 56, 78, 8, 23, 84, 90, 65, 74, 76, 40, 89, 3, 92, 55, 9, 26, 80, 43, 38, 58, 70, 77, 1, 85, 19, 17, 50, 28, 53, 13, 81, 45, 82, 6, 59, 83, 16, 15, 44, 91, 41, 72, 60, 79, 52, 20, 10, 31, 54, 37, 95, 14, 71, 96, 98, 97, 2, 64, 66, 42, 22, 35, 86, 24, 34, 87, 21, 99, 0, 88, 27, 18, 94, 11, 12, 47, 25, 30, 46, 62, 69, 36, 61, 7, 63, 75, 5, 32, 4, 51, 48, 73, 93, 39, 67, 29, 49, 57, 33]
2026-07-22 19:42:51,648 [trainer.py] => Resume enabled but no checkpoint was found. Starting from task 0.
2026-07-22 19:42:51,650 [trainer.py] => All params: 86988288
2026-07-22 19:42:51,653 [trainer.py] => Trainable params: 1189632
2026-07-22 19:42:51,654 [RSIAT_adapter.py] => Learning on 0-10
2026-07-22 19:42:54,217 [toolkit.py] => All params: 86251776
2026-07-22 19:42:54,218 [toolkit.py] => Trainable params: 1197312
2026-07-22 20:15:34,119 [RSIAT_adapter.py] => Task 0, Epoch 10/10 => Loss 0.801, Loss_c 0.683, Losses_rt 0.118, Train_accy 93.48, Test_accy 99.00
2026-07-22 20:22:30,715 [base.py] => Saved checkpoint: ckpt\all\cifar224\10_10\task_0.pkl
2026-07-22 20:22:30,715 [trainer.py] => CNN: {'total': 99.0, '00-09': 99.0, 'old': 0.0, 'new': 99.0}
2026-07-22 20:22:30,715 [trainer.py] => CNN top1 curve: [99.0]
2026-07-22 20:22:30,715 [trainer.py] => CNN top5 curve: [100.0]
2026-07-22 20:22:30,722 [trainer.py] => Average Accuracy (CNN): 99.0
2026-07-22 20:22:30,722 [trainer.py] => All params: 86995968
2026-07-22 20:22:30,722 [trainer.py] => Trainable params: 1197312
2026-07-22 20:22:30,737 [RSIAT_adapter.py] => Learning on 10-20
2026-07-22 20:24:13,063 [toolkit.py] => All params: 87135872
2026-07-22 20:24:13,063 [toolkit.py] => Trainable params: 1337216
2026-07-22 22:33:28,478 [RSIAT_adapter.py] => Task 1, Epoch 30/30 => Loss 1.164, Loss_c 0.776, Losses_rt 0.388, Train_accy 85.88, Test_accy 97.25
2026-07-22 22:41:54,917 [base.py] => CA Task 1 => Loss 0.010, Test_accy 97.450
2026-07-22 22:43:10,606 [base.py] => CA Task 1 => Loss 0.009, Test_accy 97.400
2026-07-22 22:44:25,891 [base.py] => CA Task 1 => Loss 0.005, Test_accy 97.450
2026-07-22 22:45:33,775 [base.py] => CA Task 1 => Loss 0.008, Test_accy 97.550
2026-07-22 22:46:40,811 [base.py] => CA Task 1 => Loss 0.006, Test_accy 97.550
2026-07-22 22:47:47,935 [base.py] => CA Task 1 => Loss 0.005, Test_accy 97.600
2026-07-22 22:48:54,655 [base.py] => CA Task 1 => Loss 0.006, Test_accy 97.600
2026-07-22 22:50:06,997 [base.py] => CA Task 1 => Loss 0.005, Test_accy 97.600
2026-07-22 22:51:25,791 [base.py] => CA Task 1 => Loss 0.008, Test_accy 97.600
2026-07-22 22:52:36,953 [base.py] => CA Task 1 => Loss 0.004, Test_accy 97.600
2026-07-22 22:53:51,608 [base.py] => Saved checkpoint: ckpt\all\cifar224\10_10\task_1.pkl
2026-07-22 22:53:51,609 [trainer.py] => CNN: {'total': 97.6, '00-09': 98.3, '10-19': 96.9, 'old': 98.3, 'new': 96.9}
2026-07-22 22:53:51,609 [trainer.py] => CNN top1 curve: [99.0, 97.6]
2026-07-22 22:53:51,610 [trainer.py] => CNN top5 curve: [100.0, 99.7]
2026-07-22 22:53:51,610 [trainer.py] => Average Accuracy (CNN): 98.3
2026-07-22 22:53:51,611 [trainer.py] => All params: 87003648
2026-07-22 22:53:51,612 [trainer.py] => Trainable params: 1204992
2026-07-22 22:53:51,623 [RSIAT_adapter.py] => Learning on 20-30
2026-07-22 22:56:01,617 [trainer.py] => config: .\exps\adapter_cifar224.json
2026-07-22 22:56:01,618 [trainer.py] => prefix: all
2026-07-22 22:56:01,618 [trainer.py] => dataset: cifar224
2026-07-22 22:56:01,619 [trainer.py] => resume: True
2026-07-22 22:56:01,619 [trainer.py] => shuffle: True
2026-07-22 22:56:01,619 [trainer.py] => ssca: True
2026-07-22 22:56:01,619 [trainer.py] => ca: True
2026-07-22 22:56:01,619 [trainer.py] => init_cls: 10
2026-07-22 22:56:01,619 [trainer.py] => increment: 10
2026-07-22 22:56:01,620 [trainer.py] => model_name: adapter
2026-07-22 22:56:01,620 [trainer.py] => convnet_type: pretrained_vit_b16_224_in21k_adapter
2026-07-22 22:56:01,620 [trainer.py] => device: [device(type='cuda', index=0)]
2026-07-22 22:56:01,620 [trainer.py] => seed: 1993
2026-07-22 22:56:01,620 [trainer.py] => init_epochs: 10
2026-07-22 22:56:01,622 [trainer.py] => warmup_epoch: 7
2026-07-22 22:56:01,622 [trainer.py] => inc_epochs: 30
2026-07-22 22:56:01,622 [trainer.py] => ca_epochs: 10
2026-07-22 22:56:01,622 [trainer.py] => init_lr: 0.018461273665041644
2026-07-22 22:56:01,622 [trainer.py] => batch_size: 64
2026-07-22 22:56:01,622 [trainer.py] => weight_decay: 0.0001714081878951529
2026-07-22 22:56:01,623 [trainer.py] => min_lr: 0
2026-07-22 22:56:01,623 [trainer.py] => ffn_num: 64
2026-07-22 22:56:01,623 [trainer.py] => optimizer: sgd
2026-07-22 22:56:01,623 [trainer.py] => scale: 40.0
2026-07-22 22:56:01,623 [trainer.py] => margin: 0.1
2026-07-22 22:56:01,623 [trainer.py] => alpha: 0.5
2026-07-22 22:56:01,624 [trainer.py] => rs_margin: 0.3
2026-07-22 22:56:01,624 [trainer.py] => lambda_rs: 0.2
2026-07-22 22:56:01,624 [trainer.py] => beta: 1.0
2026-07-22 22:56:01,625 [trainer.py] => gamma: 0.4
2026-07-22 22:56:01,625 [trainer.py] => ae_code_dims: 256
2026-07-22 22:56:01,625 [trainer.py] => ae_init_lr: 0.0005611742230603744
2026-07-22 22:56:01,626 [trainer.py] => ae_weight_decay: 0.0029339295871570244
2026-07-22 22:56:03,602 [data_manager.py] => [68, 56, 78, 8, 23, 84, 90, 65, 74, 76, 40, 89, 3, 92, 55, 9, 26, 80, 43, 38, 58, 70, 77, 1, 85, 19, 17, 50, 28, 53, 13, 81, 45, 82, 6, 59, 83, 16, 15, 44, 91, 41, 72, 60, 79, 52, 20, 10, 31, 54, 37, 95, 14, 71, 96, 98, 97, 2, 64, 66, 42, 22, 35, 86, 24, 34, 87, 21, 99, 0, 88, 27, 18, 94, 11, 12, 47, 25, 30, 46, 62, 69, 36, 61, 7, 63, 75, 5, 32, 4, 51, 48, 73, 93, 39, 67, 29, 49, 57, 33]
2026-07-22 22:58:18,132 [trainer.py] => config: .\exps\adapter_cifar224.json
2026-07-22 22:58:18,133 [trainer.py] => prefix: all
2026-07-22 22:58:18,133 [trainer.py] => dataset: cifar224
2026-07-22 22:58:18,133 [trainer.py] => resume: True
2026-07-22 22:58:18,134 [trainer.py] => shuffle: True
2026-07-22 22:58:18,134 [trainer.py] => ssca: True
2026-07-22 22:58:18,134 [trainer.py] => ca: True
2026-07-22 22:58:18,135 [trainer.py] => init_cls: 10
2026-07-22 22:58:18,135 [trainer.py] => increment: 10
2026-07-22 22:58:18,135 [trainer.py] => model_name: adapter
2026-07-22 22:58:18,135 [trainer.py] => convnet_type: pretrained_vit_b16_224_in21k_adapter
2026-07-22 22:58:18,136 [trainer.py] => device: [device(type='cuda', index=0)]
2026-07-22 22:58:18,136 [trainer.py] => seed: 1993
2026-07-22 22:58:18,136 [trainer.py] => init_epochs: 10
2026-07-22 22:58:18,136 [trainer.py] => warmup_epoch: 7
2026-07-22 22:58:18,138 [trainer.py] => inc_epochs: 30
2026-07-22 22:58:18,138 [trainer.py] => ca_epochs: 10
2026-07-22 22:58:18,138 [trainer.py] => init_lr: 0.018461273665041644
2026-07-22 22:58:18,139 [trainer.py] => batch_size: 64
2026-07-22 22:58:18,139 [trainer.py] => weight_decay: 0.0001714081878951529
2026-07-22 22:58:18,139 [trainer.py] => min_lr: 0
2026-07-22 22:58:18,139 [trainer.py] => ffn_num: 64
2026-07-22 22:58:18,140 [trainer.py] => optimizer: sgd
2026-07-22 22:58:18,140 [trainer.py] => scale: 40.0
2026-07-22 22:58:18,140 [trainer.py] => margin: 0.1
2026-07-22 22:58:18,140 [trainer.py] => alpha: 0.5
2026-07-22 22:58:18,141 [trainer.py] => rs_margin: 0.3
2026-07-22 22:58:18,141 [trainer.py] => lambda_rs: 0.2
2026-07-22 22:58:18,141 [trainer.py] => beta: 1.0
2026-07-22 22:58:18,141 [trainer.py] => gamma: 0.4
2026-07-22 22:58:18,142 [trainer.py] => ae_code_dims: 256
2026-07-22 22:58:18,142 [trainer.py] => ae_init_lr: 0.0005611742230603744
2026-07-22 22:58:18,143 [trainer.py] => ae_weight_decay: 0.0029339295871570244
2026-07-22 22:58:20,140 [data_manager.py] => [68, 56, 78, 8, 23, 84, 90, 65, 74, 76, 40, 89, 3, 92, 55, 9, 26, 80, 43, 38, 58, 70, 77, 1, 85, 19, 17, 50, 28, 53, 13, 81, 45, 82, 6, 59, 83, 16, 15, 44, 91, 41, 72, 60, 79, 52, 20, 10, 31, 54, 37, 95, 14, 71, 96, 98, 97, 2, 64, 66, 42, 22, 35, 86, 24, 34, 87, 21, 99, 0, 88, 27, 18, 94, 11, 12, 47, 25, 30, 46, 62, 69, 36, 61, 7, 63, 75, 5, 32, 4, 51, 48, 73, 93, 39, 67, 29, 49, 57, 33]
2026-07-22 22:58:26,539 [base.py] => Loaded checkpoint ckpt\all\cifar224\10_10\task_1.pkl; completed task=1, known_classes=20, total_classes=20
2026-07-22 22:58:26,552 [trainer.py] => Resuming experiment from task 2
2026-07-22 22:58:26,554 [trainer.py] => All params: 87003648
2026-07-22 22:58:26,557 [trainer.py] => Trainable params: 1204992
2026-07-22 22:58:26,558 [RSIAT_adapter.py] => Learning on 20-30
2026-07-23 06:23:13,534 [trainer.py] => config: .\exps\adapter_cifar224.json
2026-07-23 06:23:13,537 [trainer.py] => prefix: all
2026-07-23 06:23:13,537 [trainer.py] => dataset: cifar224
2026-07-23 06:23:13,539 [trainer.py] => resume: True
2026-07-23 06:23:13,539 [trainer.py] => shuffle: True
2026-07-23 06:23:13,539 [trainer.py] => ssca: True
2026-07-23 06:23:13,539 [trainer.py] => ca: True
2026-07-23 06:23:13,539 [trainer.py] => init_cls: 10
2026-07-23 06:23:13,539 [trainer.py] => increment: 10
2026-07-23 06:23:13,539 [trainer.py] => model_name: adapter
2026-07-23 06:23:13,539 [trainer.py] => convnet_type: pretrained_vit_b16_224_in21k_adapter
2026-07-23 06:23:13,539 [trainer.py] => device: [device(type='cuda', index=0)]
2026-07-23 06:23:13,539 [trainer.py] => seed: 1993
2026-07-23 06:23:13,539 [trainer.py] => init_epochs: 10
2026-07-23 06:23:13,539 [trainer.py] => warmup_epoch: 7
2026-07-23 06:23:13,539 [trainer.py] => inc_epochs: 30
2026-07-23 06:23:13,539 [trainer.py] => ca_epochs: 10
2026-07-23 06:23:13,539 [trainer.py] => init_lr: 0.018461273665041644
2026-07-23 06:23:13,539 [trainer.py] => batch_size: 64
2026-07-23 06:23:13,544 [trainer.py] => weight_decay: 0.0001714081878951529
2026-07-23 06:23:13,544 [trainer.py] => min_lr: 0
2026-07-23 06:23:13,544 [trainer.py] => ffn_num: 64
2026-07-23 06:23:13,548 [trainer.py] => optimizer: sgd
2026-07-23 06:23:13,548 [trainer.py] => scale: 40.0
2026-07-23 06:23:13,549 [trainer.py] => margin: 0.1
2026-07-23 06:23:13,549 [trainer.py] => alpha: 0.5
2026-07-23 06:23:13,550 [trainer.py] => rs_margin: 0.3
2026-07-23 06:23:13,550 [trainer.py] => lambda_rs: 0.2
2026-07-23 06:23:13,550 [trainer.py] => beta: 1.0
2026-07-23 06:23:13,550 [trainer.py] => gamma: 0.4
2026-07-23 06:23:13,550 [trainer.py] => ae_code_dims: 256
2026-07-23 06:23:13,550 [trainer.py] => ae_init_lr: 0.0005611742230603744
2026-07-23 06:23:13,552 [trainer.py] => ae_weight_decay: 0.0029339295871570244
2026-07-23 06:23:15,728 [data_manager.py] => [68, 56, 78, 8, 23, 84, 90, 65, 74, 76, 40, 89, 3, 92, 55, 9, 26, 80, 43, 38, 58, 70, 77, 1, 85, 19, 17, 50, 28, 53, 13, 81, 45, 82, 6, 59, 83, 16, 15, 44, 91, 41, 72, 60, 79, 52, 20, 10, 31, 54, 37, 95, 14, 71, 96, 98, 97, 2, 64, 66, 42, 22, 35, 86, 24, 34, 87, 21, 99, 0, 88, 27, 18, 94, 11, 12, 47, 25, 30, 46, 62, 69, 36, 61, 7, 63, 75, 5, 32, 4, 51, 48, 73, 93, 39, 67, 29, 49, 57, 33]
2026-07-23 06:23:21,982 [base.py] => Loaded checkpoint ckpt\all\cifar224\10_10\task_1.pkl; completed task=1, known_classes=20, total_classes=20
2026-07-23 06:23:22,028 [trainer.py] => Resuming experiment from task 2
2026-07-23 06:23:22,030 [trainer.py] => All params: 87003648
2026-07-23 06:23:22,032 [trainer.py] => Trainable params: 1204992
2026-07-23 06:23:22,034 [RSIAT_adapter.py] => Learning on 20-30
2026-07-23 06:24:57,520 [toolkit.py] => All params: 87143552
2026-07-23 06:24:57,522 [toolkit.py] => Trainable params: 1344896
2026-07-23 08:29:24,620 [RSIAT_adapter.py] => Task 2, Epoch 30/30 => Loss 0.772, Loss_c 0.409, Losses_rt 0.363, Train_accy 91.16, Test_accy 96.53
2026-07-23 08:37:34,077 [base.py] => CA Task 2 => Loss 0.023, Test_accy 96.900
2026-07-23 08:38:50,659 [base.py] => CA Task 2 => Loss 0.019, Test_accy 96.700
2026-07-23 08:40:09,045 [base.py] => CA Task 2 => Loss 0.018, Test_accy 96.800
2026-07-23 08:41:31,884 [base.py] => CA Task 2 => Loss 0.017, Test_accy 96.830
2026-07-23 08:42:49,959 [base.py] => CA Task 2 => Loss 0.018, Test_accy 96.800
2026-07-23 08:44:09,207 [base.py] => CA Task 2 => Loss 0.014, Test_accy 96.900
2026-07-23 08:45:26,977 [base.py] => CA Task 2 => Loss 0.014, Test_accy 96.930
2026-07-23 08:46:50,695 [base.py] => CA Task 2 => Loss 0.014, Test_accy 96.870
2026-07-23 08:48:09,695 [base.py] => CA Task 2 => Loss 0.014, Test_accy 96.900
2026-07-23 08:49:29,113 [base.py] => CA Task 2 => Loss 0.016, Test_accy 96.900
2026-07-23 08:50:53,707 [base.py] => Saved checkpoint: ckpt\all\cifar224\10_10\task_2.pkl
2026-07-23 08:50:53,732 [trainer.py] => CNN: {'total': 96.9, '00-09': 97.2, '10-19': 95.8, '20-29': 97.7, 'old': 96.5, 'new': 97.7}
2026-07-23 08:50:53,732 [trainer.py] => CNN top1 curve: [96.9]
2026-07-23 08:50:53,732 [trainer.py] => CNN top5 curve: [99.63]
2026-07-23 08:50:53,733 [trainer.py] => Average Accuracy (CNN): 96.9
2026-07-23 08:50:53,734 [trainer.py] => All params: 87011328
2026-07-23 08:50:53,735 [trainer.py] => Trainable params: 1212672
2026-07-23 08:50:53,759 [RSIAT_adapter.py] => Learning on 30-40
2026-07-23 08:52:34,105 [toolkit.py] => All params: 87151232
2026-07-23 08:52:34,105 [toolkit.py] => Trainable params: 1352576
