2026-08-08 14:39:27,653 [trainer.py] => config: ./exps/umt_adapter_cifar224_smoke.json
2026-08-08 14:39:27,653 [trainer.py] => prefix: umt_weak_moment_topk_smoke
2026-08-08 14:39:27,661 [trainer.py] => dataset: cifar224
2026-08-08 14:39:27,661 [trainer.py] => resume: False
2026-08-08 14:39:27,661 [trainer.py] => isolate_runs: True
2026-08-08 14:39:27,661 [trainer.py] => keep_last_checkpoint: True
2026-08-08 14:39:27,661 [trainer.py] => compact_diagonal_checkpoint: True
2026-08-08 14:39:27,661 [trainer.py] => shuffle: True
2026-08-08 14:39:27,661 [trainer.py] => ssca: False
2026-08-08 14:39:27,661 [trainer.py] => ca: True
2026-08-08 14:39:27,661 [trainer.py] => init_cls: 10
2026-08-08 14:39:27,661 [trainer.py] => increment: 10
2026-08-08 14:39:27,661 [trainer.py] => model_name: umt_adapter
2026-08-08 14:39:27,661 [trainer.py] => convnet_type: pretrained_vit_b16_224_in21k_adapter
2026-08-08 14:39:27,661 [trainer.py] => device: [device(type='cuda', index=0)]
2026-08-08 14:39:27,661 [trainer.py] => seed: 1993
2026-08-08 14:39:27,661 [trainer.py] => init_epochs: 1
2026-08-08 14:39:27,661 [trainer.py] => warmup_epoch: 1
2026-08-08 14:39:27,661 [trainer.py] => inc_epochs: 1
2026-08-08 14:39:27,661 [trainer.py] => ca_epochs: 1
2026-08-08 14:39:27,661 [trainer.py] => eval_interval: 0
2026-08-08 14:39:27,661 [trainer.py] => ca_eval_interval: 0
2026-08-08 14:39:27,661 [trainer.py] => init_lr: 0.018461273665041644
2026-08-08 14:39:27,661 [trainer.py] => batch_size: 16
2026-08-08 14:39:27,661 [trainer.py] => weight_decay: 0.0001714081878951529
2026-08-08 14:39:27,667 [trainer.py] => min_lr: 0
2026-08-08 14:39:27,668 [trainer.py] => ffn_num: 64
2026-08-08 14:39:27,668 [trainer.py] => optimizer: sgd
2026-08-08 14:39:27,668 [trainer.py] => scale: 40.0
2026-08-08 14:39:27,668 [trainer.py] => margin: 0.1
2026-08-08 14:39:27,668 [trainer.py] => alpha: 0.5
2026-08-08 14:39:27,668 [trainer.py] => rs_margin: 0.3
2026-08-08 14:39:27,668 [trainer.py] => lambda_rs: 0.2
2026-08-08 14:39:27,668 [trainer.py] => beta: 1.0
2026-08-08 14:39:27,668 [trainer.py] => gamma: 0.4
2026-08-08 14:39:27,670 [trainer.py] => projector_type: weakly_nonlinear
2026-08-08 14:39:27,670 [trainer.py] => projector_rank: 16
2026-08-08 14:39:27,670 [trainer.py] => projector_hidden_dim: 64
2026-08-08 14:39:27,670 [trainer.py] => projector_dropout: 0.0
2026-08-08 14:39:27,670 [trainer.py] => projector_reset_each_task: True
2026-08-08 14:39:27,670 [trainer.py] => linear_gate_init: 0.5
2026-08-08 14:39:27,670 [trainer.py] => nonlinear_gate_init: 0.1
2026-08-08 14:39:27,670 [trainer.py] => projector_lr: 0.001
2026-08-08 14:39:27,670 [trainer.py] => projector_weight_decay: 0.0001
2026-08-08 14:39:27,670 [trainer.py] => ae_code_dims: 256
2026-08-08 14:39:27,670 [trainer.py] => ae_init_lr: 0.0005611742230603744
2026-08-08 14:39:27,670 [trainer.py] => ae_weight_decay: 0.0029339295871570244
2026-08-08 14:39:27,670 [trainer.py] => point_weight: 1.0
2026-08-08 14:39:27,670 [trainer.py] => mean_weight: 0.1
2026-08-08 14:39:27,670 [trainer.py] => variance_weight: 0.01
2026-08-08 14:39:27,670 [trainer.py] => complexity_weight: 0.001
2026-08-08 14:39:27,670 [trainer.py] => moment_classwise: True
2026-08-08 14:39:27,670 [trainer.py] => separation_weight: 0.4
2026-08-08 14:39:27,670 [trainer.py] => separation_topk: 10
2026-08-08 14:39:27,670 [trainer.py] => separation_threshold_min: 0.1
2026-08-08 14:39:27,670 [trainer.py] => separation_threshold_max: 0.5
2026-08-08 14:39:27,670 [trainer.py] => prototype_transport: True
2026-08-08 14:39:27,670 [trainer.py] => statistics_transport: diagonal_mc
2026-08-08 14:39:27,670 [trainer.py] => statistics_transport_samples: 32
2026-08-08 14:39:27,670 [trainer.py] => statistics_epsilon: 0.0001
2026-08-08 14:39:30,002 [data_manager.py] => [68, 56, 78, 8, 23, 84, 90, 65, 74, 76, 40, 89, 3, 92, 55, 9, 26, 80, 43, 38, 58, 70, 77, 1, 85, 19, 17, 50, 28, 53, 13, 81, 45, 82, 6, 59, 83, 16, 15, 44, 91, 41, 72, 60, 79, 52, 20, 10, 31, 54, 37, 95, 14, 71, 96, 98, 97, 2, 64, 66, 42, 22, 35, 86, 24, 34, 87, 21, 99, 0, 88, 27, 18, 94, 11, 12, 47, 25, 30, 46, 62, 69, 36, 61, 7, 63, 75, 5, 32, 4, 51, 48, 73, 93, 39, 67, 29, 49, 57, 33]
2026-08-08 14:39:35,351 [trainer.py] => All params: 86988288
2026-08-08 14:39:35,353 [trainer.py] => Trainable params: 1189632
2026-08-08 14:39:35,355 [RSIAT_adapter.py] => Learning on 0-10
2026-08-08 14:39:37,702 [toolkit.py] => All params: 86251776
2026-08-08 14:39:37,702 [toolkit.py] => Trainable params: 1197312
