2026-08-09 07:07:38,405 [trainer.py] => config: /content/umt_full.json
2026-08-09 07:07:38,406 [trainer.py] => prefix: umt_weak_moment_topk
2026-08-09 07:07:38,406 [trainer.py] => dataset: cifar224
2026-08-09 07:07:38,406 [trainer.py] => resume: False
2026-08-09 07:07:38,406 [trainer.py] => isolate_runs: True
2026-08-09 07:07:38,407 [trainer.py] => keep_last_checkpoint: True
2026-08-09 07:07:38,407 [trainer.py] => compact_diagonal_checkpoint: True
2026-08-09 07:07:38,407 [trainer.py] => shuffle: True
2026-08-09 07:07:38,407 [trainer.py] => ssca: False
2026-08-09 07:07:38,407 [trainer.py] => ca: True
2026-08-09 07:07:38,407 [trainer.py] => init_cls: 10
2026-08-09 07:07:38,407 [trainer.py] => increment: 10
2026-08-09 07:07:38,408 [trainer.py] => model_name: umt_adapter
2026-08-09 07:07:38,408 [trainer.py] => convnet_type: pretrained_vit_b16_224_in21k_adapter
2026-08-09 07:07:38,408 [trainer.py] => device: [device(type='cuda', index=0)]
2026-08-09 07:07:38,408 [trainer.py] => seed: 1993
2026-08-09 07:07:38,408 [trainer.py] => init_epochs: 10
2026-08-09 07:07:38,408 [trainer.py] => warmup_epoch: 7
2026-08-09 07:07:38,408 [trainer.py] => inc_epochs: 30
2026-08-09 07:07:38,409 [trainer.py] => ca_epochs: 10
2026-08-09 07:07:38,409 [trainer.py] => eval_interval: 0
2026-08-09 07:07:38,409 [trainer.py] => ca_eval_interval: 0
2026-08-09 07:07:38,409 [trainer.py] => init_lr: 0.018461273665041644
2026-08-09 07:07:38,409 [trainer.py] => batch_size: 64
2026-08-09 07:07:38,409 [trainer.py] => weight_decay: 0.0001714081878951529
2026-08-09 07:07:38,409 [trainer.py] => min_lr: 0
2026-08-09 07:07:38,409 [trainer.py] => ffn_num: 64
2026-08-09 07:07:38,410 [trainer.py] => optimizer: sgd
2026-08-09 07:07:38,410 [trainer.py] => scale: 40.0
2026-08-09 07:07:38,410 [trainer.py] => margin: 0.1
2026-08-09 07:07:38,410 [trainer.py] => alpha: 0.5
2026-08-09 07:07:38,410 [trainer.py] => rs_margin: 0.3
2026-08-09 07:07:38,410 [trainer.py] => lambda_rs: 0.2
2026-08-09 07:07:38,410 [trainer.py] => beta: 1.0
2026-08-09 07:07:38,411 [trainer.py] => gamma: 0.4
2026-08-09 07:07:38,411 [trainer.py] => projector_type: weakly_nonlinear
2026-08-09 07:07:38,411 [trainer.py] => projector_rank: 16
2026-08-09 07:07:38,411 [trainer.py] => projector_hidden_dim: 64
2026-08-09 07:07:38,411 [trainer.py] => projector_dropout: 0.0
2026-08-09 07:07:38,411 [trainer.py] => projector_reset_each_task: True
2026-08-09 07:07:38,411 [trainer.py] => linear_gate_init: 0.5
2026-08-09 07:07:38,411 [trainer.py] => nonlinear_gate_init: 0.1
2026-08-09 07:07:38,412 [trainer.py] => projector_lr: 0.001
2026-08-09 07:07:38,412 [trainer.py] => projector_weight_decay: 0.0001
2026-08-09 07:07:38,412 [trainer.py] => ae_code_dims: 256
2026-08-09 07:07:38,412 [trainer.py] => ae_init_lr: 0.0005611742230603744
2026-08-09 07:07:38,412 [trainer.py] => ae_weight_decay: 0.0029339295871570244
2026-08-09 07:07:38,412 [trainer.py] => point_weight: 1.0
2026-08-09 07:07:38,412 [trainer.py] => mean_weight: 0.1
2026-08-09 07:07:38,412 [trainer.py] => variance_weight: 0.01
2026-08-09 07:07:38,413 [trainer.py] => complexity_weight: 0.001
2026-08-09 07:07:38,413 [trainer.py] => moment_classwise: True
2026-08-09 07:07:38,413 [trainer.py] => separation_weight: 0.4
2026-08-09 07:07:38,413 [trainer.py] => separation_topk: 10
2026-08-09 07:07:38,413 [trainer.py] => separation_threshold_min: 0.1
2026-08-09 07:07:38,413 [trainer.py] => separation_threshold_max: 0.5
2026-08-09 07:07:38,413 [trainer.py] => prototype_transport: True
2026-08-09 07:07:38,414 [trainer.py] => statistics_transport: diagonal_mc
2026-08-09 07:07:38,414 [trainer.py] => statistics_transport_samples: 128
2026-08-09 07:07:38,414 [trainer.py] => statistics_epsilon: 0.0001
2026-08-09 07:07:38,414 [trainer.py] => output_root: /content/drive/MyDrive/RSIAT_runs
2026-08-09 07:07:41,653 [data_manager.py] => [68, 56, 78, 8, 23, 84, 90, 65, 74, 76, 40, 89, 3, 92, 55, 9, 26, 80, 43, 38, 58, 70, 77, 1, 85, 19, 17, 50, 28, 53, 13, 81, 45, 82, 6, 59, 83, 16, 15, 44, 91, 41, 72, 60, 79, 52, 20, 10, 31, 54, 37, 95, 14, 71, 96, 98, 97, 2, 64, 66, 42, 22, 35, 86, 24, 34, 87, 21, 99, 0, 88, 27, 18, 94, 11, 12, 47, 25, 30, 46, 62, 69, 36, 61, 7, 63, 75, 5, 32, 4, 51, 48, 73, 93, 39, 67, 29, 49, 57, 33]
2026-08-09 07:07:45,199 [_builder.py] => Loading pretrained weights from Hugging Face hub (timm/vit_base_patch16_224.augreg_in21k)
2026-08-09 07:08:04,465 [_hub.py] => [timm/vit_base_patch16_224.augreg_in21k] Safe alternative available for 'pytorch_model.bin' (as 'model.safetensors'). Loading weights using safetensors.
2026-08-09 07:08:04,661 [trainer.py] => All params: 86988288
2026-08-09 07:08:04,662 [trainer.py] => Trainable params: 1189632
2026-08-09 07:08:04,663 [RSIAT_adapter.py] => Learning on 0-10
2026-08-09 07:08:05,049 [toolkit.py] => All params: 86251776
2026-08-09 07:08:05,049 [toolkit.py] => Trainable params: 1197312
2026-08-09 07:29:55,218 [RSIAT_adapter.py] => Task 0, Epoch 10/10 => Loss 0.754, Loss_c 0.637, Losses_rt 0.117, Train_accy 94.08, Test_accy 99.00
2026-08-09 07:31:23,966 [trainer.py] => CNN: {'total': 99.0, '00-09': 99.0, 'old': 0.0, 'new': 99.0}
2026-08-09 07:31:26,862 [base.py] => Saved checkpoint: /content/drive/MyDrive/RSIAT_runs/ckpt/umt_weak_moment_topk/cifar224/10_10/seed_1993/task_0.pkl
2026-08-09 07:31:26,890 [trainer.py] => CNN top1 curve: [99.0]
2026-08-09 07:31:26,890 [trainer.py] => CNN top5 curve: [100.0]
2026-08-09 07:31:26,890 [trainer.py] => Average Accuracy (CNN): 99.0
2026-08-09 07:31:26,891 [trainer.py] => All params: 86995968
2026-08-09 07:31:26,892 [trainer.py] => Trainable params: 1197312
2026-08-09 07:31:26,895 [RSIAT_adapter.py] => Learning on 10-20
2026-08-09 07:31:26,914 [toolkit.py] => All params: 87127362
2026-08-09 07:31:26,914 [toolkit.py] => Trainable params: 1328706
2026-08-09 09:10:24,004 [RSIAT_adapter.py] => Task 1, Epoch 30/30 => Loss 0.833, Loss_c 0.796, Losses_rt 0.038, Train_accy 86.18, Test_accy 97.30, active_sep 0.0306, complexity 0.0100, mean 0.0098, point 0.0352, separation 0.0014, topk_sim 0.1793, variance 0.0961
2026-08-09 09:11:38,906 [base.py] => CA Task 1 => Epoch 1/10 Loss 0.009, Test_accy -
2026-08-09 09:11:39,011 [base.py] => CA Task 1 => Epoch 2/10 Loss 0.005, Test_accy -
2026-08-09 09:11:39,118 [base.py] => CA Task 1 => Epoch 3/10 Loss 0.002, Test_accy -
2026-08-09 09:11:39,231 [base.py] => CA Task 1 => Epoch 4/10 Loss 0.004, Test_accy -
2026-08-09 09:11:39,335 [base.py] => CA Task 1 => Epoch 5/10 Loss 0.003, Test_accy -
2026-08-09 09:11:39,460 [base.py] => CA Task 1 => Epoch 6/10 Loss 0.002, Test_accy -
2026-08-09 09:11:39,578 [base.py] => CA Task 1 => Epoch 7/10 Loss 0.003, Test_accy -
2026-08-09 09:11:39,702 [base.py] => CA Task 1 => Epoch 8/10 Loss 0.003, Test_accy -
2026-08-09 09:11:39,813 [base.py] => CA Task 1 => Epoch 9/10 Loss 0.003, Test_accy -
2026-08-09 09:12:09,015 [base.py] => CA Task 1 => Epoch 10/10 Loss 0.002, Test_accy 97.300
2026-08-09 09:12:37,466 [trainer.py] => CNN: {'total': 97.3, '00-09': 97.6, '10-19': 97.0, 'old': 97.6, 'new': 97.0}
2026-08-09 09:12:38,830 [base.py] => Saved checkpoint: /content/drive/MyDrive/RSIAT_runs/ckpt/umt_weak_moment_topk/cifar224/10_10/seed_1993/task_1.pkl
2026-08-09 09:12:38,834 [trainer.py] => Removed superseded checkpoint: /content/drive/MyDrive/RSIAT_runs/ckpt/umt_weak_moment_topk/cifar224/10_10/seed_1993/task_0.pkl
2026-08-09 09:12:38,834 [trainer.py] => CNN top1 curve: [99.0, 97.3]
2026-08-09 09:12:38,834 [trainer.py] => CNN top5 curve: [100.0, 99.55]
2026-08-09 09:12:38,834 [trainer.py] => Average Accuracy (CNN): 98.15
2026-08-09 09:12:38,835 [trainer.py] => All params: 87003648
2026-08-09 09:12:38,836 [trainer.py] => Trainable params: 1204992
2026-08-09 09:12:38,840 [RSIAT_adapter.py] => Learning on 20-30
2026-08-09 09:12:38,861 [toolkit.py] => All params: 87135042
2026-08-09 09:12:38,861 [toolkit.py] => Trainable params: 1336386
2026-08-09 11:56:53,042 [trainer.py] => config: /content/umt_full.json
2026-08-09 11:56:53,744 [trainer.py] => prefix: umt_weak_moment_topk
2026-08-09 11:56:53,744 [trainer.py] => dataset: cifar224
2026-08-09 11:56:53,745 [trainer.py] => resume: True
2026-08-09 11:56:53,745 [trainer.py] => isolate_runs: True
2026-08-09 11:56:53,745 [trainer.py] => keep_last_checkpoint: True
2026-08-09 11:56:53,745 [trainer.py] => compact_diagonal_checkpoint: True
2026-08-09 11:56:53,745 [trainer.py] => shuffle: True
2026-08-09 11:56:53,745 [trainer.py] => ssca: False
2026-08-09 11:56:53,746 [trainer.py] => ca: True
2026-08-09 11:56:53,746 [trainer.py] => init_cls: 10
2026-08-09 11:56:53,746 [trainer.py] => increment: 10
2026-08-09 11:56:53,746 [trainer.py] => model_name: umt_adapter
2026-08-09 11:56:53,746 [trainer.py] => convnet_type: pretrained_vit_b16_224_in21k_adapter
2026-08-09 11:56:53,746 [trainer.py] => device: [device(type='cuda', index=0)]
2026-08-09 11:56:53,747 [trainer.py] => seed: 1993
2026-08-09 11:56:53,747 [trainer.py] => init_epochs: 10
2026-08-09 11:56:53,747 [trainer.py] => warmup_epoch: 7
2026-08-09 11:56:53,747 [trainer.py] => inc_epochs: 30
2026-08-09 11:56:53,747 [trainer.py] => ca_epochs: 10
2026-08-09 11:56:53,747 [trainer.py] => eval_interval: 0
2026-08-09 11:56:53,748 [trainer.py] => ca_eval_interval: 0
2026-08-09 11:56:53,748 [trainer.py] => init_lr: 0.018461273665041644
2026-08-09 11:56:53,748 [trainer.py] => batch_size: 64
2026-08-09 11:56:53,748 [trainer.py] => weight_decay: 0.0001714081878951529
2026-08-09 11:56:53,748 [trainer.py] => min_lr: 0
2026-08-09 11:56:53,748 [trainer.py] => ffn_num: 64
2026-08-09 11:56:53,748 [trainer.py] => optimizer: sgd
2026-08-09 11:56:53,749 [trainer.py] => scale: 40.0
2026-08-09 11:56:53,749 [trainer.py] => margin: 0.1
2026-08-09 11:56:53,749 [trainer.py] => alpha: 0.5
2026-08-09 11:56:53,749 [trainer.py] => rs_margin: 0.3
2026-08-09 11:56:53,749 [trainer.py] => lambda_rs: 0.2
2026-08-09 11:56:53,749 [trainer.py] => beta: 1.0
2026-08-09 11:56:53,749 [trainer.py] => gamma: 0.4
2026-08-09 11:56:53,749 [trainer.py] => projector_type: weakly_nonlinear
2026-08-09 11:56:53,750 [trainer.py] => projector_rank: 16
2026-08-09 11:56:53,750 [trainer.py] => projector_hidden_dim: 64
2026-08-09 11:56:53,750 [trainer.py] => projector_dropout: 0.0
2026-08-09 11:56:53,750 [trainer.py] => projector_reset_each_task: True
2026-08-09 11:56:53,750 [trainer.py] => linear_gate_init: 0.5
2026-08-09 11:56:53,750 [trainer.py] => nonlinear_gate_init: 0.1
2026-08-09 11:56:53,750 [trainer.py] => projector_lr: 0.001
2026-08-09 11:56:53,751 [trainer.py] => projector_weight_decay: 0.0001
2026-08-09 11:56:53,751 [trainer.py] => ae_code_dims: 256
2026-08-09 11:56:53,751 [trainer.py] => ae_init_lr: 0.0005611742230603744
2026-08-09 11:56:53,751 [trainer.py] => ae_weight_decay: 0.0029339295871570244
2026-08-09 11:56:53,751 [trainer.py] => point_weight: 1.0
2026-08-09 11:56:53,751 [trainer.py] => mean_weight: 0.1
2026-08-09 11:56:53,751 [trainer.py] => variance_weight: 0.01
2026-08-09 11:56:53,751 [trainer.py] => complexity_weight: 0.001
2026-08-09 11:56:53,752 [trainer.py] => moment_classwise: True
2026-08-09 11:56:53,752 [trainer.py] => separation_weight: 0.4
2026-08-09 11:56:53,752 [trainer.py] => separation_topk: 10
2026-08-09 11:56:53,752 [trainer.py] => separation_threshold_min: 0.1
2026-08-09 11:56:53,752 [trainer.py] => separation_threshold_max: 0.5
2026-08-09 11:56:53,752 [trainer.py] => prototype_transport: True
2026-08-09 11:56:53,752 [trainer.py] => statistics_transport: diagonal_mc
2026-08-09 11:56:53,753 [trainer.py] => statistics_transport_samples: 128
2026-08-09 11:56:53,753 [trainer.py] => statistics_epsilon: 0.0001
2026-08-09 11:56:53,753 [trainer.py] => output_root: /content/drive/MyDrive/RSIAT_runs
2026-08-09 11:56:56,466 [data_manager.py] => [68, 56, 78, 8, 23, 84, 90, 65, 74, 76, 40, 89, 3, 92, 55, 9, 26, 80, 43, 38, 58, 70, 77, 1, 85, 19, 17, 50, 28, 53, 13, 81, 45, 82, 6, 59, 83, 16, 15, 44, 91, 41, 72, 60, 79, 52, 20, 10, 31, 54, 37, 95, 14, 71, 96, 98, 97, 2, 64, 66, 42, 22, 35, 86, 24, 34, 87, 21, 99, 0, 88, 27, 18, 94, 11, 12, 47, 25, 30, 46, 62, 69, 36, 61, 7, 63, 75, 5, 32, 4, 51, 48, 73, 93, 39, 67, 29, 49, 57, 33]
2026-08-09 11:57:00,573 [_builder.py] => Loading pretrained weights from Hugging Face hub (timm/vit_base_patch16_224.augreg_in21k)
2026-08-09 11:57:05,603 [_hub.py] => [timm/vit_base_patch16_224.augreg_in21k] Safe alternative available for 'pytorch_model.bin' (as 'model.safetensors'). Loading weights using safetensors.
2026-08-09 11:57:14,032 [base.py] => Loaded checkpoint /content/drive/MyDrive/RSIAT_runs/ckpt/umt_weak_moment_topk/cifar224/10_10/seed_1993/task_1.pkl; completed task=1, known_classes=20, total_classes=20
2026-08-09 11:57:14,037 [trainer.py] => Resuming experiment from task 2
2026-08-09 11:57:14,038 [trainer.py] => All params: 87003648
2026-08-09 11:57:14,039 [trainer.py] => Trainable params: 1204992
2026-08-09 11:57:14,042 [RSIAT_adapter.py] => Learning on 20-30
2026-08-09 11:57:14,066 [toolkit.py] => All params: 87135042
2026-08-09 11:57:14,066 [toolkit.py] => Trainable params: 1336386
2026-08-09 13:41:10,983 [RSIAT_adapter.py] => Task 2, Epoch 30/30 => Loss 0.429, Loss_c 0.412, Losses_rt 0.017, Train_accy 91.58, Test_accy 95.73, active_sep 0.0670, complexity 0.0100, mean 0.0042, point 0.0149, separation 0.0040, topk_sim 0.2381, variance 0.0468
2026-08-09 13:42:29,351 [base.py] => CA Task 2 => Epoch 1/10 Loss 0.007, Test_accy -
2026-08-09 13:42:29,545 [base.py] => CA Task 2 => Epoch 2/10 Loss 0.004, Test_accy -
2026-08-09 13:42:29,741 [base.py] => CA Task 2 => Epoch 3/10 Loss 0.004, Test_accy -
2026-08-09 13:42:29,942 [base.py] => CA Task 2 => Epoch 4/10 Loss 0.003, Test_accy -
2026-08-09 13:42:30,125 [base.py] => CA Task 2 => Epoch 5/10 Loss 0.002, Test_accy -
2026-08-09 13:42:30,339 [base.py] => CA Task 2 => Epoch 6/10 Loss 0.002, Test_accy -
2026-08-09 13:42:30,547 [base.py] => CA Task 2 => Epoch 7/10 Loss 0.003, Test_accy -
2026-08-09 13:42:30,736 [base.py] => CA Task 2 => Epoch 8/10 Loss 0.002, Test_accy -
2026-08-09 13:42:30,934 [base.py] => CA Task 2 => Epoch 9/10 Loss 0.002, Test_accy -
2026-08-09 13:43:15,374 [base.py] => CA Task 2 => Epoch 10/10 Loss 0.002, Test_accy 96.400
2026-08-09 13:43:58,614 [trainer.py] => CNN: {'total': 96.4, '00-09': 95.9, '10-19': 94.8, '20-29': 98.5, 'old': 95.35, 'new': 98.5}
2026-08-09 13:43:59,816 [base.py] => Saved checkpoint: /content/drive/MyDrive/RSIAT_runs/ckpt/umt_weak_moment_topk/cifar224/10_10/seed_1993/task_2.pkl
2026-08-09 13:43:59,913 [trainer.py] => Removed superseded checkpoint: /content/drive/MyDrive/RSIAT_runs/ckpt/umt_weak_moment_topk/cifar224/10_10/seed_1993/task_1.pkl
2026-08-09 13:43:59,913 [trainer.py] => CNN top1 curve: [99.0, 97.3, 96.4]
2026-08-09 13:43:59,914 [trainer.py] => CNN top5 curve: [100.0, 99.55, 99.53]
2026-08-09 13:43:59,914 [trainer.py] => Average Accuracy (CNN): 97.56666666666666
2026-08-09 13:43:59,916 [trainer.py] => All params: 87011328
2026-08-09 13:43:59,918 [trainer.py] => Trainable params: 1212672
2026-08-09 13:43:59,925 [RSIAT_adapter.py] => Learning on 30-40
2026-08-09 13:43:59,949 [toolkit.py] => All params: 87142722
2026-08-09 13:43:59,950 [toolkit.py] => Trainable params: 1344066
2026-08-09 15:28:28,521 [RSIAT_adapter.py] => Task 3, Epoch 30/30 => Loss 0.610, Loss_c 0.584, Losses_rt 0.026, Train_accy 81.10, Test_accy 94.40, active_sep 0.0829, complexity 0.0100, mean 0.0068, point 0.0229, separation 0.0046, topk_sim 0.2513, variance 0.0729
2026-08-09 15:29:47,403 [base.py] => CA Task 3 => Epoch 1/10 Loss 0.021, Test_accy -
2026-08-09 15:29:47,727 [base.py] => CA Task 3 => Epoch 2/10 Loss 0.008, Test_accy -
2026-08-09 15:29:48,004 [base.py] => CA Task 3 => Epoch 3/10 Loss 0.008, Test_accy -
2026-08-09 15:29:48,289 [base.py] => CA Task 3 => Epoch 4/10 Loss 0.008, Test_accy -
2026-08-09 15:29:48,550 [base.py] => CA Task 3 => Epoch 5/10 Loss 0.007, Test_accy -
2026-08-09 15:29:48,813 [base.py] => CA Task 3 => Epoch 6/10 Loss 0.005, Test_accy -
2026-08-09 15:29:49,099 [base.py] => CA Task 3 => Epoch 7/10 Loss 0.006, Test_accy -
2026-08-09 15:29:49,413 [base.py] => CA Task 3 => Epoch 8/10 Loss 0.008, Test_accy -
2026-08-09 15:29:49,682 [base.py] => CA Task 3 => Epoch 9/10 Loss 0.006, Test_accy -
2026-08-09 15:30:47,427 [base.py] => CA Task 3 => Epoch 10/10 Loss 0.006, Test_accy 95.600
2026-08-09 15:31:44,831 [trainer.py] => CNN: {'total': 95.6, '00-09': 94.8, '10-19': 93.2, '20-29': 97.7, '30-39': 96.7, 'old': 95.23, 'new': 96.7}
2026-08-09 15:31:46,133 [base.py] => Saved checkpoint: /content/drive/MyDrive/RSIAT_runs/ckpt/umt_weak_moment_topk/cifar224/10_10/seed_1993/task_3.pkl
2026-08-09 15:31:46,159 [trainer.py] => Removed superseded checkpoint: /content/drive/MyDrive/RSIAT_runs/ckpt/umt_weak_moment_topk/cifar224/10_10/seed_1993/task_2.pkl
2026-08-09 15:31:46,159 [trainer.py] => CNN top1 curve: [99.0, 97.3, 96.4, 95.6]
2026-08-09 15:31:46,160 [trainer.py] => CNN top5 curve: [100.0, 99.55, 99.53, 99.45]
2026-08-09 15:31:46,160 [trainer.py] => Average Accuracy (CNN): 97.075
2026-08-09 15:31:46,161 [trainer.py] => All params: 87019008
2026-08-09 15:31:46,162 [trainer.py] => Trainable params: 1220352
2026-08-09 15:31:46,165 [RSIAT_adapter.py] => Learning on 40-50
2026-08-09 15:31:46,200 [toolkit.py] => All params: 87150402
2026-08-09 15:31:46,200 [toolkit.py] => Trainable params: 1351746
2026-08-10 01:16:45,273 [trainer.py] => config: /content/umt_full.json
2026-08-10 01:16:45,679 [trainer.py] => prefix: umt_weak_moment_topk
2026-08-10 01:16:45,680 [trainer.py] => dataset: cifar224
2026-08-10 01:16:45,680 [trainer.py] => resume: False
2026-08-10 01:16:45,680 [trainer.py] => isolate_runs: True
2026-08-10 01:16:45,681 [trainer.py] => keep_last_checkpoint: True
2026-08-10 01:16:45,681 [trainer.py] => compact_diagonal_checkpoint: True
2026-08-10 01:16:45,681 [trainer.py] => shuffle: True
2026-08-10 01:16:45,681 [trainer.py] => ssca: False
2026-08-10 01:16:45,681 [trainer.py] => ca: True
2026-08-10 01:16:45,681 [trainer.py] => init_cls: 10
2026-08-10 01:16:45,681 [trainer.py] => increment: 10
2026-08-10 01:16:45,682 [trainer.py] => model_name: umt_adapter
2026-08-10 01:16:45,682 [trainer.py] => convnet_type: pretrained_vit_b16_224_in21k_adapter
2026-08-10 01:16:45,682 [trainer.py] => device: [device(type='cuda', index=0)]
2026-08-10 01:16:45,682 [trainer.py] => seed: 1993
2026-08-10 01:16:45,682 [trainer.py] => init_epochs: 10
2026-08-10 01:16:45,682 [trainer.py] => warmup_epoch: 7
2026-08-10 01:16:45,683 [trainer.py] => inc_epochs: 30
2026-08-10 01:16:45,683 [trainer.py] => ca_epochs: 10
2026-08-10 01:16:45,683 [trainer.py] => eval_interval: 0
2026-08-10 01:16:45,683 [trainer.py] => ca_eval_interval: 0
2026-08-10 01:16:45,683 [trainer.py] => init_lr: 0.018461273665041644
2026-08-10 01:16:45,683 [trainer.py] => batch_size: 64
2026-08-10 01:16:45,683 [trainer.py] => weight_decay: 0.0001714081878951529
2026-08-10 01:16:45,684 [trainer.py] => min_lr: 0
2026-08-10 01:16:45,684 [trainer.py] => ffn_num: 64
2026-08-10 01:16:45,684 [trainer.py] => optimizer: sgd
2026-08-10 01:16:45,684 [trainer.py] => scale: 40.0
2026-08-10 01:16:45,684 [trainer.py] => margin: 0.1
2026-08-10 01:16:45,684 [trainer.py] => alpha: 0.5
2026-08-10 01:16:45,684 [trainer.py] => rs_margin: 0.3
2026-08-10 01:16:45,685 [trainer.py] => lambda_rs: 0.2
2026-08-10 01:16:45,685 [trainer.py] => beta: 1.0
2026-08-10 01:16:45,685 [trainer.py] => gamma: 0.4
2026-08-10 01:16:45,685 [trainer.py] => projector_type: weakly_nonlinear
2026-08-10 01:16:45,685 [trainer.py] => projector_rank: 16
2026-08-10 01:16:45,685 [trainer.py] => projector_hidden_dim: 64
2026-08-10 01:16:45,685 [trainer.py] => projector_dropout: 0.0
2026-08-10 01:16:45,686 [trainer.py] => projector_reset_each_task: True
2026-08-10 01:16:45,686 [trainer.py] => linear_gate_init: 0.5
2026-08-10 01:16:45,686 [trainer.py] => nonlinear_gate_init: 0.1
2026-08-10 01:16:45,686 [trainer.py] => projector_lr: 0.001
2026-08-10 01:16:45,686 [trainer.py] => projector_weight_decay: 0.0001
2026-08-10 01:16:45,686 [trainer.py] => ae_code_dims: 256
2026-08-10 01:16:45,686 [trainer.py] => ae_init_lr: 0.0005611742230603744
2026-08-10 01:16:45,687 [trainer.py] => ae_weight_decay: 0.0029339295871570244
2026-08-10 01:16:45,687 [trainer.py] => point_weight: 1.0
2026-08-10 01:16:45,687 [trainer.py] => mean_weight: 0.1
2026-08-10 01:16:45,687 [trainer.py] => variance_weight: 0.01
2026-08-10 01:16:45,687 [trainer.py] => complexity_weight: 0.001
2026-08-10 01:16:45,687 [trainer.py] => moment_classwise: True
2026-08-10 01:16:45,688 [trainer.py] => separation_weight: 0.4
2026-08-10 01:16:45,688 [trainer.py] => separation_topk: 10
2026-08-10 01:16:45,688 [trainer.py] => separation_threshold_min: 0.1
2026-08-10 01:16:45,688 [trainer.py] => separation_threshold_max: 0.5
2026-08-10 01:16:45,688 [trainer.py] => prototype_transport: True
2026-08-10 01:16:45,688 [trainer.py] => statistics_transport: diagonal_mc
2026-08-10 01:16:45,689 [trainer.py] => statistics_transport_samples: 128
2026-08-10 01:16:45,689 [trainer.py] => statistics_epsilon: 0.0001
2026-08-10 01:16:45,689 [trainer.py] => output_root: /content/drive/MyDrive/RSIAT_runs
2026-08-10 01:16:48,821 [data_manager.py] => [68, 56, 78, 8, 23, 84, 90, 65, 74, 76, 40, 89, 3, 92, 55, 9, 26, 80, 43, 38, 58, 70, 77, 1, 85, 19, 17, 50, 28, 53, 13, 81, 45, 82, 6, 59, 83, 16, 15, 44, 91, 41, 72, 60, 79, 52, 20, 10, 31, 54, 37, 95, 14, 71, 96, 98, 97, 2, 64, 66, 42, 22, 35, 86, 24, 34, 87, 21, 99, 0, 88, 27, 18, 94, 11, 12, 47, 25, 30, 46, 62, 69, 36, 61, 7, 63, 75, 5, 32, 4, 51, 48, 73, 93, 39, 67, 29, 49, 57, 33]
2026-08-10 01:16:53,453 [_builder.py] => Loading pretrained weights from Hugging Face hub (timm/vit_base_patch16_224.augreg_in21k)
2026-08-10 01:17:00,063 [_hub.py] => [timm/vit_base_patch16_224.augreg_in21k] Safe alternative available for 'pytorch_model.bin' (as 'model.safetensors'). Loading weights using safetensors.
2026-08-10 01:17:00,311 [trainer.py] => All params: 86988288
2026-08-10 01:17:00,312 [trainer.py] => Trainable params: 1189632
2026-08-10 01:17:00,313 [RSIAT_adapter.py] => Learning on 0-10
2026-08-10 01:17:00,714 [toolkit.py] => All params: 86251776
2026-08-10 01:17:00,714 [toolkit.py] => Trainable params: 1197312
2026-08-10 01:34:03,191 [trainer.py] => config: /content/umt_full.json
2026-08-10 01:34:03,917 [trainer.py] => prefix: umt_weak_moment_topk
2026-08-10 01:34:03,917 [trainer.py] => dataset: cifar224
2026-08-10 01:34:03,917 [trainer.py] => resume: True
2026-08-10 01:34:03,917 [trainer.py] => isolate_runs: True
2026-08-10 01:34:03,918 [trainer.py] => keep_last_checkpoint: True
2026-08-10 01:34:03,918 [trainer.py] => compact_diagonal_checkpoint: True
2026-08-10 01:34:03,918 [trainer.py] => shuffle: True
2026-08-10 01:34:03,918 [trainer.py] => ssca: False
2026-08-10 01:34:03,918 [trainer.py] => ca: True
2026-08-10 01:34:03,918 [trainer.py] => init_cls: 10
2026-08-10 01:34:03,918 [trainer.py] => increment: 10
2026-08-10 01:34:03,919 [trainer.py] => model_name: umt_adapter
2026-08-10 01:34:03,919 [trainer.py] => convnet_type: pretrained_vit_b16_224_in21k_adapter
2026-08-10 01:34:03,919 [trainer.py] => device: [device(type='cuda', index=0)]
2026-08-10 01:34:03,919 [trainer.py] => seed: 1993
2026-08-10 01:34:03,919 [trainer.py] => init_epochs: 10
2026-08-10 01:34:03,919 [trainer.py] => warmup_epoch: 7
2026-08-10 01:34:03,919 [trainer.py] => inc_epochs: 30
2026-08-10 01:34:03,920 [trainer.py] => ca_epochs: 10
2026-08-10 01:34:03,920 [trainer.py] => eval_interval: 0
2026-08-10 01:34:03,920 [trainer.py] => ca_eval_interval: 0
2026-08-10 01:34:03,920 [trainer.py] => init_lr: 0.018461273665041644
2026-08-10 01:34:03,920 [trainer.py] => batch_size: 64
2026-08-10 01:34:03,920 [trainer.py] => weight_decay: 0.0001714081878951529
2026-08-10 01:34:03,921 [trainer.py] => min_lr: 0
2026-08-10 01:34:03,921 [trainer.py] => ffn_num: 64
2026-08-10 01:34:03,921 [trainer.py] => optimizer: sgd
2026-08-10 01:34:03,921 [trainer.py] => scale: 40.0
2026-08-10 01:34:03,921 [trainer.py] => margin: 0.1
2026-08-10 01:34:03,921 [trainer.py] => alpha: 0.5
2026-08-10 01:34:03,921 [trainer.py] => rs_margin: 0.3
2026-08-10 01:34:03,922 [trainer.py] => lambda_rs: 0.2
2026-08-10 01:34:03,922 [trainer.py] => beta: 1.0
2026-08-10 01:34:03,922 [trainer.py] => gamma: 0.4
2026-08-10 01:34:03,922 [trainer.py] => projector_type: weakly_nonlinear
2026-08-10 01:34:03,922 [trainer.py] => projector_rank: 16
2026-08-10 01:34:03,922 [trainer.py] => projector_hidden_dim: 64
2026-08-10 01:34:03,922 [trainer.py] => projector_dropout: 0.0
2026-08-10 01:34:03,923 [trainer.py] => projector_reset_each_task: True
2026-08-10 01:34:03,923 [trainer.py] => linear_gate_init: 0.5
2026-08-10 01:34:03,923 [trainer.py] => nonlinear_gate_init: 0.1
2026-08-10 01:34:03,923 [trainer.py] => projector_lr: 0.001
2026-08-10 01:34:03,923 [trainer.py] => projector_weight_decay: 0.0001
2026-08-10 01:34:03,923 [trainer.py] => ae_code_dims: 256
2026-08-10 01:34:03,924 [trainer.py] => ae_init_lr: 0.0005611742230603744
2026-08-10 01:34:03,924 [trainer.py] => ae_weight_decay: 0.0029339295871570244
2026-08-10 01:34:03,924 [trainer.py] => point_weight: 1.0
2026-08-10 01:34:03,924 [trainer.py] => mean_weight: 0.1
2026-08-10 01:34:03,924 [trainer.py] => variance_weight: 0.01
2026-08-10 01:34:03,924 [trainer.py] => complexity_weight: 0.001
2026-08-10 01:34:03,924 [trainer.py] => moment_classwise: True
2026-08-10 01:34:03,925 [trainer.py] => separation_weight: 0.4
2026-08-10 01:34:03,925 [trainer.py] => separation_topk: 10
2026-08-10 01:34:03,925 [trainer.py] => separation_threshold_min: 0.1
2026-08-10 01:34:03,925 [trainer.py] => separation_threshold_max: 0.5
2026-08-10 01:34:03,925 [trainer.py] => prototype_transport: True
2026-08-10 01:34:03,925 [trainer.py] => statistics_transport: diagonal_mc
2026-08-10 01:34:03,926 [trainer.py] => statistics_transport_samples: 128
2026-08-10 01:34:03,926 [trainer.py] => statistics_epsilon: 0.0001
2026-08-10 01:34:03,926 [trainer.py] => output_root: /content/drive/MyDrive/RSIAT_runs
2026-08-10 01:34:06,713 [data_manager.py] => [68, 56, 78, 8, 23, 84, 90, 65, 74, 76, 40, 89, 3, 92, 55, 9, 26, 80, 43, 38, 58, 70, 77, 1, 85, 19, 17, 50, 28, 53, 13, 81, 45, 82, 6, 59, 83, 16, 15, 44, 91, 41, 72, 60, 79, 52, 20, 10, 31, 54, 37, 95, 14, 71, 96, 98, 97, 2, 64, 66, 42, 22, 35, 86, 24, 34, 87, 21, 99, 0, 88, 27, 18, 94, 11, 12, 47, 25, 30, 46, 62, 69, 36, 61, 7, 63, 75, 5, 32, 4, 51, 48, 73, 93, 39, 67, 29, 49, 57, 33]
2026-08-10 01:34:10,718 [_builder.py] => Loading pretrained weights from Hugging Face hub (timm/vit_base_patch16_224.augreg_in21k)
2026-08-10 01:34:18,458 [_hub.py] => [timm/vit_base_patch16_224.augreg_in21k] Safe alternative available for 'pytorch_model.bin' (as 'model.safetensors'). Loading weights using safetensors.
2026-08-10 01:34:26,693 [base.py] => Loaded checkpoint /content/drive/MyDrive/RSIAT_runs/ckpt/umt_weak_moment_topk/cifar224/10_10/seed_1993/task_3.pkl; completed task=3, known_classes=40, total_classes=40
2026-08-10 01:34:26,699 [trainer.py] => Resuming experiment from task 4
2026-08-10 01:34:26,700 [trainer.py] => All params: 87019008
2026-08-10 01:34:26,703 [trainer.py] => Trainable params: 1220352
2026-08-10 01:34:26,706 [RSIAT_adapter.py] => Learning on 40-50
2026-08-10 01:34:26,737 [toolkit.py] => All params: 87150402
2026-08-10 01:34:26,737 [toolkit.py] => Trainable params: 1351746
2026-08-10 03:08:49,340 [RSIAT_adapter.py] => Task 4, Epoch 30/30 => Loss 0.441, Loss_c 0.422, Losses_rt 0.018, Train_accy 87.98, Test_accy 94.26, active_sep 0.1237, complexity 0.0100, mean 0.0043, point 0.0140, separation 0.0081, topk_sim 0.2686, variance 0.0389
2026-08-10 03:10:01,182 [base.py] => CA Task 4 => Epoch 1/10 Loss 0.011, Test_accy -
2026-08-10 03:10:01,599 [base.py] => CA Task 4 => Epoch 2/10 Loss 0.009, Test_accy -
2026-08-10 03:10:01,992 [base.py] => CA Task 4 => Epoch 3/10 Loss 0.007, Test_accy -
2026-08-10 03:10:02,362 [base.py] => CA Task 4 => Epoch 4/10 Loss 0.007, Test_accy -
2026-08-10 03:10:02,734 [base.py] => CA Task 4 => Epoch 5/10 Loss 0.007, Test_accy -
2026-08-10 03:10:03,125 [base.py] => CA Task 4 => Epoch 6/10 Loss 0.007, Test_accy -
2026-08-10 03:10:03,553 [base.py] => CA Task 4 => Epoch 7/10 Loss 0.006, Test_accy -
2026-08-10 03:10:03,877 [base.py] => CA Task 4 => Epoch 8/10 Loss 0.006, Test_accy -
2026-08-10 03:10:04,213 [base.py] => CA Task 4 => Epoch 9/10 Loss 0.005, Test_accy -
2026-08-10 03:11:09,652 [base.py] => CA Task 4 => Epoch 10/10 Loss 0.006, Test_accy 94.560
2026-08-10 03:12:15,792 [trainer.py] => CNN: {'total': 94.56, '00-09': 93.9, '10-19': 91.1, '20-29': 97.2, '30-39': 93.6, '40-49': 97.0, 'old': 93.95, 'new': 97.0}
2026-08-10 03:12:19,129 [base.py] => Saved checkpoint: /content/drive/MyDrive/RSIAT_runs/ckpt/umt_weak_moment_topk/cifar224/10_10/seed_1993/task_4.pkl
2026-08-10 03:12:19,205 [trainer.py] => Removed superseded checkpoint: /content/drive/MyDrive/RSIAT_runs/ckpt/umt_weak_moment_topk/cifar224/10_10/seed_1993/task_3.pkl
2026-08-10 03:12:19,206 [trainer.py] => CNN top1 curve: [99.0, 97.3, 96.4, 95.6, 94.56]
2026-08-10 03:12:19,206 [trainer.py] => CNN top5 curve: [100.0, 99.55, 99.53, 99.45, 99.48]
2026-08-10 03:12:19,206 [trainer.py] => Average Accuracy (CNN): 96.572
2026-08-10 03:12:19,207 [trainer.py] => All params: 87026688
2026-08-10 03:12:19,209 [trainer.py] => Trainable params: 1228032
2026-08-10 03:12:19,214 [RSIAT_adapter.py] => Learning on 50-60
2026-08-10 03:12:19,249 [toolkit.py] => All params: 87158082
2026-08-10 03:12:19,249 [toolkit.py] => Trainable params: 1359426
2026-08-10 07:02:19,832 [trainer.py] => config: /content/umt_full.json
2026-08-10 07:02:20,471 [trainer.py] => prefix: umt_weak_moment_topk
2026-08-10 07:02:20,472 [trainer.py] => dataset: cifar224
2026-08-10 07:02:20,472 [trainer.py] => resume: True
2026-08-10 07:02:20,472 [trainer.py] => isolate_runs: True
2026-08-10 07:02:20,472 [trainer.py] => keep_last_checkpoint: True
2026-08-10 07:02:20,472 [trainer.py] => compact_diagonal_checkpoint: True
2026-08-10 07:02:20,472 [trainer.py] => shuffle: True
2026-08-10 07:02:20,472 [trainer.py] => ssca: False
2026-08-10 07:02:20,472 [trainer.py] => ca: True
2026-08-10 07:02:20,473 [trainer.py] => init_cls: 10
2026-08-10 07:02:20,473 [trainer.py] => increment: 10
2026-08-10 07:02:20,473 [trainer.py] => model_name: umt_adapter
2026-08-10 07:02:20,473 [trainer.py] => convnet_type: pretrained_vit_b16_224_in21k_adapter
2026-08-10 07:02:20,473 [trainer.py] => device: [device(type='cuda', index=0)]
2026-08-10 07:02:20,473 [trainer.py] => seed: 1993
2026-08-10 07:02:20,473 [trainer.py] => init_epochs: 10
2026-08-10 07:02:20,473 [trainer.py] => warmup_epoch: 7
2026-08-10 07:02:20,473 [trainer.py] => inc_epochs: 30
2026-08-10 07:02:20,474 [trainer.py] => ca_epochs: 10
2026-08-10 07:02:20,474 [trainer.py] => eval_interval: 0
2026-08-10 07:02:20,474 [trainer.py] => ca_eval_interval: 0
2026-08-10 07:02:20,474 [trainer.py] => init_lr: 0.018461273665041644
2026-08-10 07:02:20,474 [trainer.py] => batch_size: 64
2026-08-10 07:02:20,474 [trainer.py] => weight_decay: 0.0001714081878951529
2026-08-10 07:02:20,474 [trainer.py] => min_lr: 0
2026-08-10 07:02:20,474 [trainer.py] => ffn_num: 64
2026-08-10 07:02:20,474 [trainer.py] => optimizer: sgd
2026-08-10 07:02:20,475 [trainer.py] => scale: 40.0
2026-08-10 07:02:20,475 [trainer.py] => margin: 0.1
2026-08-10 07:02:20,475 [trainer.py] => alpha: 0.5
2026-08-10 07:02:20,475 [trainer.py] => rs_margin: 0.3
2026-08-10 07:02:20,475 [trainer.py] => lambda_rs: 0.2
2026-08-10 07:02:20,475 [trainer.py] => beta: 1.0
2026-08-10 07:02:20,475 [trainer.py] => gamma: 0.4
2026-08-10 07:02:20,475 [trainer.py] => projector_type: weakly_nonlinear
2026-08-10 07:02:20,476 [trainer.py] => projector_rank: 16
2026-08-10 07:02:20,476 [trainer.py] => projector_hidden_dim: 64
2026-08-10 07:02:20,476 [trainer.py] => projector_dropout: 0.0
2026-08-10 07:02:20,476 [trainer.py] => projector_reset_each_task: True
2026-08-10 07:02:20,476 [trainer.py] => linear_gate_init: 0.5
2026-08-10 07:02:20,476 [trainer.py] => nonlinear_gate_init: 0.1
2026-08-10 07:02:20,476 [trainer.py] => projector_lr: 0.001
2026-08-10 07:02:20,477 [trainer.py] => projector_weight_decay: 0.0001
2026-08-10 07:02:20,477 [trainer.py] => ae_code_dims: 256
2026-08-10 07:02:20,477 [trainer.py] => ae_init_lr: 0.0005611742230603744
2026-08-10 07:02:20,477 [trainer.py] => ae_weight_decay: 0.0029339295871570244
2026-08-10 07:02:20,477 [trainer.py] => point_weight: 1.0
2026-08-10 07:02:20,477 [trainer.py] => mean_weight: 0.1
2026-08-10 07:02:20,477 [trainer.py] => variance_weight: 0.01
2026-08-10 07:02:20,477 [trainer.py] => complexity_weight: 0.001
2026-08-10 07:02:20,478 [trainer.py] => moment_classwise: True
2026-08-10 07:02:20,478 [trainer.py] => separation_weight: 0.4
2026-08-10 07:02:20,478 [trainer.py] => separation_topk: 10
2026-08-10 07:02:20,478 [trainer.py] => separation_threshold_min: 0.1
2026-08-10 07:02:20,478 [trainer.py] => separation_threshold_max: 0.5
2026-08-10 07:02:20,478 [trainer.py] => prototype_transport: True
2026-08-10 07:02:20,478 [trainer.py] => statistics_transport: diagonal_mc
2026-08-10 07:02:20,478 [trainer.py] => statistics_transport_samples: 128
2026-08-10 07:02:20,479 [trainer.py] => statistics_epsilon: 0.0001
2026-08-10 07:02:20,479 [trainer.py] => output_root: /content/drive/MyDrive/RSIAT_runs
2026-08-10 07:02:23,921 [data_manager.py] => [68, 56, 78, 8, 23, 84, 90, 65, 74, 76, 40, 89, 3, 92, 55, 9, 26, 80, 43, 38, 58, 70, 77, 1, 85, 19, 17, 50, 28, 53, 13, 81, 45, 82, 6, 59, 83, 16, 15, 44, 91, 41, 72, 60, 79, 52, 20, 10, 31, 54, 37, 95, 14, 71, 96, 98, 97, 2, 64, 66, 42, 22, 35, 86, 24, 34, 87, 21, 99, 0, 88, 27, 18, 94, 11, 12, 47, 25, 30, 46, 62, 69, 36, 61, 7, 63, 75, 5, 32, 4, 51, 48, 73, 93, 39, 67, 29, 49, 57, 33]
2026-08-10 07:02:27,066 [_builder.py] => Loading pretrained weights from Hugging Face hub (timm/vit_base_patch16_224.augreg_in21k)
2026-08-10 07:02:32,907 [_hub.py] => [timm/vit_base_patch16_224.augreg_in21k] Safe alternative available for 'pytorch_model.bin' (as 'model.safetensors'). Loading weights using safetensors.
2026-08-10 07:02:43,682 [base.py] => Loaded checkpoint /content/drive/MyDrive/RSIAT_runs/ckpt/umt_weak_moment_topk/cifar224/10_10/seed_1993/task_4.pkl; completed task=4, known_classes=50, total_classes=50
2026-08-10 07:02:43,689 [trainer.py] => Resuming experiment from task 5
2026-08-10 07:02:43,690 [trainer.py] => All params: 87026688
2026-08-10 07:02:43,691 [trainer.py] => Trainable params: 1228032
2026-08-10 07:02:43,693 [RSIAT_adapter.py] => Learning on 50-60
2026-08-10 07:02:43,720 [toolkit.py] => All params: 87158082
2026-08-10 07:02:43,720 [toolkit.py] => Trainable params: 1359426
2026-08-10 08:31:45,550 [RSIAT_adapter.py] => Task 5, Epoch 30/30 => Loss 0.621, Loss_c 0.593, Losses_rt 0.028, Train_accy 84.02, Test_accy 93.72, active_sep 0.1566, complexity 0.0100, mean 0.0066, point 0.0224, separation 0.0096, topk_sim 0.2860, variance 0.0659
2026-08-10 08:32:54,935 [base.py] => CA Task 5 => Epoch 1/10 Loss 0.013, Test_accy -
2026-08-10 08:32:55,347 [base.py] => CA Task 5 => Epoch 2/10 Loss 0.009, Test_accy -
2026-08-10 08:32:55,757 [base.py] => CA Task 5 => Epoch 3/10 Loss 0.008, Test_accy -
2026-08-10 08:32:56,155 [base.py] => CA Task 5 => Epoch 4/10 Loss 0.008, Test_accy -
2026-08-10 08:32:56,579 [base.py] => CA Task 5 => Epoch 5/10 Loss 0.007, Test_accy -
2026-08-10 08:32:56,999 [base.py] => CA Task 5 => Epoch 6/10 Loss 0.006, Test_accy -
2026-08-10 08:32:57,428 [base.py] => CA Task 5 => Epoch 7/10 Loss 0.005, Test_accy -
2026-08-10 08:32:57,838 [base.py] => CA Task 5 => Epoch 8/10 Loss 0.006, Test_accy -
2026-08-10 08:32:58,252 [base.py] => CA Task 5 => Epoch 9/10 Loss 0.007, Test_accy -
2026-08-10 08:34:12,648 [base.py] => CA Task 5 => Epoch 10/10 Loss 0.006, Test_accy 93.650
2026-08-10 08:35:25,582 [trainer.py] => CNN: {'total': 93.65, '00-09': 92.7, '10-19': 92.0, '20-29': 95.6, '30-39': 92.8, '40-49': 93.0, '50-59': 95.8, 'old': 93.22, 'new': 95.8}
2026-08-10 08:35:27,016 [base.py] => Saved checkpoint: /content/drive/MyDrive/RSIAT_runs/ckpt/umt_weak_moment_topk/cifar224/10_10/seed_1993/task_5.pkl
2026-08-10 08:35:27,083 [trainer.py] => Removed superseded checkpoint: /content/drive/MyDrive/RSIAT_runs/ckpt/umt_weak_moment_topk/cifar224/10_10/seed_1993/task_4.pkl
2026-08-10 08:35:27,083 [trainer.py] => CNN top1 curve: [99.0, 97.3, 96.4, 95.6, 94.56, 93.65]
2026-08-10 08:35:27,083 [trainer.py] => CNN top5 curve: [100.0, 99.55, 99.53, 99.45, 99.48, 99.47]
2026-08-10 08:35:27,084 [trainer.py] => Average Accuracy (CNN): 96.085
2026-08-10 08:35:27,087 [trainer.py] => All params: 87034368
2026-08-10 08:35:27,088 [trainer.py] => Trainable params: 1235712
2026-08-10 08:35:27,092 [RSIAT_adapter.py] => Learning on 60-70
2026-08-10 08:35:27,124 [toolkit.py] => All params: 87165762
2026-08-10 08:35:27,125 [toolkit.py] => Trainable params: 1367106
2026-08-10 10:04:48,571 [RSIAT_adapter.py] => Task 6, Epoch 30/30 => Loss 0.462, Loss_c 0.445, Losses_rt 0.016, Train_accy 87.72, Test_accy 93.31, active_sep 0.0899, complexity 0.0100, mean 0.0039, point 0.0136, separation 0.0048, topk_sim 0.2635, variance 0.0384
2026-08-10 10:05:56,457 [base.py] => CA Task 6 => Epoch 1/10 Loss 0.010, Test_accy -
2026-08-10 10:05:56,986 [base.py] => CA Task 6 => Epoch 2/10 Loss 0.007, Test_accy -
2026-08-10 10:05:57,513 [base.py] => CA Task 6 => Epoch 3/10 Loss 0.006, Test_accy -
2026-08-10 10:05:58,052 [base.py] => CA Task 6 => Epoch 4/10 Loss 0.006, Test_accy -
2026-08-10 10:05:58,578 [base.py] => CA Task 6 => Epoch 5/10 Loss 0.005, Test_accy -
2026-08-10 10:05:59,110 [base.py] => CA Task 6 => Epoch 6/10 Loss 0.005, Test_accy -
2026-08-10 10:05:59,753 [base.py] => CA Task 6 => Epoch 7/10 Loss 0.005, Test_accy -
2026-08-10 10:06:00,383 [base.py] => CA Task 6 => Epoch 8/10 Loss 0.006, Test_accy -
2026-08-10 10:06:01,066 [base.py] => CA Task 6 => Epoch 9/10 Loss 0.005, Test_accy -
2026-08-10 10:07:27,506 [base.py] => CA Task 6 => Epoch 10/10 Loss 0.005, Test_accy 93.630
2026-08-10 10:08:52,943 [trainer.py] => CNN: {'total': 93.63, '00-09': 91.9, '10-19': 91.6, '20-29': 95.9, '30-39': 92.9, '40-49': 94.0, '50-59': 91.8, '60-69': 97.3, 'old': 93.02, 'new': 97.3}
2026-08-10 10:08:56,564 [base.py] => Saved checkpoint: /content/drive/MyDrive/RSIAT_runs/ckpt/umt_weak_moment_topk/cifar224/10_10/seed_1993/task_6.pkl
2026-08-10 10:08:56,595 [trainer.py] => Removed superseded checkpoint: /content/drive/MyDrive/RSIAT_runs/ckpt/umt_weak_moment_topk/cifar224/10_10/seed_1993/task_5.pkl
2026-08-10 10:08:56,596 [trainer.py] => CNN top1 curve: [99.0, 97.3, 96.4, 95.6, 94.56, 93.65, 93.63]
2026-08-10 10:08:56,596 [trainer.py] => CNN top5 curve: [100.0, 99.55, 99.53, 99.45, 99.48, 99.47, 99.47]
2026-08-10 10:08:56,597 [trainer.py] => Average Accuracy (CNN): 95.73428571428572
2026-08-10 10:08:56,599 [trainer.py] => All params: 87042048
2026-08-10 10:08:56,601 [trainer.py] => Trainable params: 1243392
2026-08-10 10:08:56,608 [RSIAT_adapter.py] => Learning on 70-80
2026-08-10 10:08:56,647 [toolkit.py] => All params: 87173442
2026-08-10 10:08:56,647 [toolkit.py] => Trainable params: 1374786
2026-08-10 11:38:33,948 [RSIAT_adapter.py] => Task 7, Epoch 30/30 => Loss 0.559, Loss_c 0.535, Losses_rt 0.024, Train_accy 75.12, Test_accy 91.50, active_sep 0.1569, complexity 0.0100, mean 0.0054, point 0.0177, separation 0.0136, topk_sim 0.2855, variance 0.0501
2026-08-10 11:39:42,395 [base.py] => CA Task 7 => Epoch 1/10 Loss 0.029, Test_accy -
2026-08-10 11:39:43,007 [base.py] => CA Task 7 => Epoch 2/10 Loss 0.024, Test_accy -
2026-08-10 11:39:43,643 [base.py] => CA Task 7 => Epoch 3/10 Loss 0.017, Test_accy -
2026-08-10 11:39:44,279 [base.py] => CA Task 7 => Epoch 4/10 Loss 0.017, Test_accy -
2026-08-10 11:39:44,892 [base.py] => CA Task 7 => Epoch 5/10 Loss 0.016, Test_accy -
2026-08-10 11:39:45,585 [base.py] => CA Task 7 => Epoch 6/10 Loss 0.015, Test_accy -
2026-08-10 11:39:46,350 [base.py] => CA Task 7 => Epoch 7/10 Loss 0.015, Test_accy -
2026-08-10 11:39:47,171 [base.py] => CA Task 7 => Epoch 8/10 Loss 0.015, Test_accy -
2026-08-10 11:39:47,911 [base.py] => CA Task 7 => Epoch 9/10 Loss 0.014, Test_accy -
2026-08-10 11:41:26,079 [base.py] => CA Task 7 => Epoch 10/10 Loss 0.014, Test_accy 92.080
2026-08-10 11:43:03,480 [trainer.py] => CNN: {'total': 92.08, '00-09': 91.5, '10-19': 91.6, '20-29': 95.7, '30-39': 92.4, '40-49': 90.2, '50-59': 87.8, '60-69': 93.9, '70-79': 93.5, 'old': 91.87, 'new': 93.5}
2026-08-10 11:43:07,421 [base.py] => Saved checkpoint: /content/drive/MyDrive/RSIAT_runs/ckpt/umt_weak_moment_topk/cifar224/10_10/seed_1993/task_7.pkl
2026-08-10 11:43:07,424 [trainer.py] => Removed superseded checkpoint: /content/drive/MyDrive/RSIAT_runs/ckpt/umt_weak_moment_topk/cifar224/10_10/seed_1993/task_6.pkl
2026-08-10 11:43:07,426 [trainer.py] => CNN top1 curve: [99.0, 97.3, 96.4, 95.6, 94.56, 93.65, 93.63, 92.08]
2026-08-10 11:43:07,426 [trainer.py] => CNN top5 curve: [100.0, 99.55, 99.53, 99.45, 99.48, 99.47, 99.47, 99.49]
2026-08-10 11:43:07,426 [trainer.py] => Average Accuracy (CNN): 95.2775
2026-08-10 11:43:07,427 [trainer.py] => All params: 87049728
2026-08-10 11:43:07,430 [trainer.py] => Trainable params: 1251072
2026-08-10 11:43:07,433 [RSIAT_adapter.py] => Learning on 80-90
2026-08-10 11:43:07,468 [toolkit.py] => All params: 87181122
2026-08-10 11:43:07,469 [toolkit.py] => Trainable params: 1382466
2026-08-12 00:50:34,742 [trainer.py] => config: /content/umt_full.json
2026-08-12 00:50:35,217 [trainer.py] => prefix: umt_weak_moment_topk
2026-08-12 00:50:35,217 [trainer.py] => dataset: cifar224
2026-08-12 00:50:35,217 [trainer.py] => resume: True
2026-08-12 00:50:35,218 [trainer.py] => isolate_runs: True
2026-08-12 00:50:35,218 [trainer.py] => keep_last_checkpoint: True
2026-08-12 00:50:35,218 [trainer.py] => compact_diagonal_checkpoint: True
2026-08-12 00:50:35,218 [trainer.py] => shuffle: True
2026-08-12 00:50:35,218 [trainer.py] => ssca: False
2026-08-12 00:50:35,218 [trainer.py] => ca: True
2026-08-12 00:50:35,219 [trainer.py] => init_cls: 10
2026-08-12 00:50:35,219 [trainer.py] => increment: 10
2026-08-12 00:50:35,219 [trainer.py] => model_name: umt_adapter
2026-08-12 00:50:35,219 [trainer.py] => convnet_type: pretrained_vit_b16_224_in21k_adapter
2026-08-12 00:50:35,219 [trainer.py] => device: [device(type='cuda', index=0)]
2026-08-12 00:50:35,220 [trainer.py] => seed: 1993
2026-08-12 00:50:35,220 [trainer.py] => init_epochs: 10
2026-08-12 00:50:35,220 [trainer.py] => warmup_epoch: 7
2026-08-12 00:50:35,220 [trainer.py] => inc_epochs: 30
2026-08-12 00:50:35,220 [trainer.py] => ca_epochs: 10
2026-08-12 00:50:35,220 [trainer.py] => eval_interval: 0
2026-08-12 00:50:35,221 [trainer.py] => ca_eval_interval: 0
2026-08-12 00:50:35,221 [trainer.py] => init_lr: 0.018461273665041644
2026-08-12 00:50:35,221 [trainer.py] => batch_size: 64
2026-08-12 00:50:35,221 [trainer.py] => weight_decay: 0.0001714081878951529
2026-08-12 00:50:35,221 [trainer.py] => min_lr: 0
2026-08-12 00:50:35,221 [trainer.py] => ffn_num: 64
2026-08-12 00:50:35,222 [trainer.py] => optimizer: sgd
2026-08-12 00:50:35,222 [trainer.py] => scale: 40.0
2026-08-12 00:50:35,222 [trainer.py] => margin: 0.1
2026-08-12 00:50:35,222 [trainer.py] => alpha: 0.5
2026-08-12 00:50:35,222 [trainer.py] => rs_margin: 0.3
2026-08-12 00:50:35,222 [trainer.py] => lambda_rs: 0.2
2026-08-12 00:50:35,222 [trainer.py] => beta: 1.0
2026-08-12 00:50:35,223 [trainer.py] => gamma: 0.4
2026-08-12 00:50:35,223 [trainer.py] => projector_type: weakly_nonlinear
2026-08-12 00:50:35,223 [trainer.py] => projector_rank: 16
2026-08-12 00:50:35,223 [trainer.py] => projector_hidden_dim: 64
2026-08-12 00:50:35,223 [trainer.py] => projector_dropout: 0.0
2026-08-12 00:50:35,223 [trainer.py] => projector_reset_each_task: True
2026-08-12 00:50:35,223 [trainer.py] => linear_gate_init: 0.5
2026-08-12 00:50:35,224 [trainer.py] => nonlinear_gate_init: 0.1
2026-08-12 00:50:35,224 [trainer.py] => projector_lr: 0.001
2026-08-12 00:50:35,224 [trainer.py] => projector_weight_decay: 0.0001
2026-08-12 00:50:35,224 [trainer.py] => ae_code_dims: 256
2026-08-12 00:50:35,224 [trainer.py] => ae_init_lr: 0.0005611742230603744
2026-08-12 00:50:35,224 [trainer.py] => ae_weight_decay: 0.0029339295871570244
2026-08-12 00:50:35,224 [trainer.py] => point_weight: 1.0
2026-08-12 00:50:35,225 [trainer.py] => mean_weight: 0.1
2026-08-12 00:50:35,225 [trainer.py] => variance_weight: 0.01
2026-08-12 00:50:35,225 [trainer.py] => complexity_weight: 0.001
2026-08-12 00:50:35,225 [trainer.py] => moment_classwise: True
2026-08-12 00:50:35,225 [trainer.py] => separation_weight: 0.4
2026-08-12 00:50:35,225 [trainer.py] => separation_topk: 10
2026-08-12 00:50:35,225 [trainer.py] => separation_threshold_min: 0.1
2026-08-12 00:50:35,226 [trainer.py] => separation_threshold_max: 0.5
2026-08-12 00:50:35,226 [trainer.py] => prototype_transport: True
2026-08-12 00:50:35,226 [trainer.py] => statistics_transport: diagonal_mc
2026-08-12 00:50:35,226 [trainer.py] => statistics_transport_samples: 128
2026-08-12 00:50:35,226 [trainer.py] => statistics_epsilon: 0.0001
2026-08-12 00:50:35,226 [trainer.py] => output_root: /content/drive/MyDrive/RSIAT_runs
2026-08-12 00:50:38,721 [data_manager.py] => [68, 56, 78, 8, 23, 84, 90, 65, 74, 76, 40, 89, 3, 92, 55, 9, 26, 80, 43, 38, 58, 70, 77, 1, 85, 19, 17, 50, 28, 53, 13, 81, 45, 82, 6, 59, 83, 16, 15, 44, 91, 41, 72, 60, 79, 52, 20, 10, 31, 54, 37, 95, 14, 71, 96, 98, 97, 2, 64, 66, 42, 22, 35, 86, 24, 34, 87, 21, 99, 0, 88, 27, 18, 94, 11, 12, 47, 25, 30, 46, 62, 69, 36, 61, 7, 63, 75, 5, 32, 4, 51, 48, 73, 93, 39, 67, 29, 49, 57, 33]
2026-08-12 00:50:42,049 [_builder.py] => Loading pretrained weights from Hugging Face hub (timm/vit_base_patch16_224.augreg_in21k)
2026-08-12 00:50:53,200 [_hub.py] => [timm/vit_base_patch16_224.augreg_in21k] Safe alternative available for 'pytorch_model.bin' (as 'model.safetensors'). Loading weights using safetensors.
2026-08-12 00:51:06,990 [base.py] => Loaded checkpoint /content/drive/MyDrive/RSIAT_runs/ckpt/umt_weak_moment_topk/cifar224/10_10/seed_1993/task_7.pkl; completed task=7, known_classes=80, total_classes=80
2026-08-12 00:51:07,011 [trainer.py] => Resuming experiment from task 8
2026-08-12 00:51:07,012 [trainer.py] => All params: 87049728
2026-08-12 00:51:07,013 [trainer.py] => Trainable params: 1251072
2026-08-12 00:51:07,016 [RSIAT_adapter.py] => Learning on 80-90
2026-08-12 00:51:07,071 [toolkit.py] => All params: 87181122
2026-08-12 00:51:07,071 [toolkit.py] => Trainable params: 1382466
2026-08-12 02:42:07,552 [RSIAT_adapter.py] => Task 8, Epoch 30/30 => Loss 0.549, Loss_c 0.523, Losses_rt 0.025, Train_accy 79.98, Test_accy 91.20, active_sep 0.1723, complexity 0.0100, mean 0.0072, point 0.0206, separation 0.0090, topk_sim 0.2987, variance 0.0500
2026-08-12 02:43:30,857 [base.py] => CA Task 8 => Epoch 1/10 Loss 0.015, Test_accy -
2026-08-12 02:43:31,837 [base.py] => CA Task 8 => Epoch 2/10 Loss 0.009, Test_accy -
2026-08-12 02:43:32,590 [base.py] => CA Task 8 => Epoch 3/10 Loss 0.009, Test_accy -
2026-08-12 02:43:33,367 [base.py] => CA Task 8 => Epoch 4/10 Loss 0.009, Test_accy -
2026-08-12 02:43:34,151 [base.py] => CA Task 8 => Epoch 5/10 Loss 0.008, Test_accy -
2026-08-12 02:43:34,917 [base.py] => CA Task 8 => Epoch 6/10 Loss 0.007, Test_accy -
2026-08-12 02:43:35,655 [base.py] => CA Task 8 => Epoch 7/10 Loss 0.007, Test_accy -
2026-08-12 02:43:36,396 [base.py] => CA Task 8 => Epoch 8/10 Loss 0.006, Test_accy -
2026-08-12 02:43:37,141 [base.py] => CA Task 8 => Epoch 9/10 Loss 0.006, Test_accy -
2026-08-12 02:45:51,760 [base.py] => CA Task 8 => Epoch 10/10 Loss 0.006, Test_accy 91.690
2026-08-12 02:48:05,805 [trainer.py] => CNN: {'total': 91.69, '00-09': 90.8, '10-19': 89.6, '20-29': 94.7, '30-39': 92.6, '40-49': 89.4, '50-59': 89.0, '60-69': 92.9, '70-79': 90.3, '80-89': 95.9, 'old': 91.16, 'new': 95.9}
2026-08-12 02:48:10,976 [base.py] => Saved checkpoint: /content/drive/MyDrive/RSIAT_runs/ckpt/umt_weak_moment_topk/cifar224/10_10/seed_1993/task_8.pkl
2026-08-12 02:48:11,041 [trainer.py] => Removed superseded checkpoint: /content/drive/MyDrive/RSIAT_runs/ckpt/umt_weak_moment_topk/cifar224/10_10/seed_1993/task_7.pkl
2026-08-12 02:48:11,041 [trainer.py] => CNN top1 curve: [99.0, 97.3, 96.4, 95.6, 94.56, 93.65, 93.63, 92.08, 91.69]
2026-08-12 02:48:11,042 [trainer.py] => CNN top5 curve: [100.0, 99.55, 99.53, 99.45, 99.48, 99.47, 99.47, 99.49, 99.22]
2026-08-12 02:48:11,042 [trainer.py] => Average Accuracy (CNN): 94.87888888888888
2026-08-12 02:48:11,044 [trainer.py] => All params: 87057408
2026-08-12 02:48:11,045 [trainer.py] => Trainable params: 1258752
2026-08-12 02:48:11,048 [RSIAT_adapter.py] => Learning on 90-100
2026-08-12 02:48:11,089 [toolkit.py] => All params: 87188802
2026-08-12 02:48:11,090 [toolkit.py] => Trainable params: 1390146
2026-08-12 04:39:59,211 [RSIAT_adapter.py] => Task 9, Epoch 30/30 => Loss 0.582, Loss_c 0.557, Losses_rt 0.025, Train_accy 79.46, Test_accy 91.20, active_sep 0.1342, complexity 0.0100, mean 0.0063, point 0.0204, separation 0.0082, topk_sim 0.2834, variance 0.0576
2026-08-12 04:41:23,171 [base.py] => CA Task 9 => Epoch 1/10 Loss 0.012, Test_accy -
2026-08-12 04:41:24,130 [base.py] => CA Task 9 => Epoch 2/10 Loss 0.008, Test_accy -
2026-08-12 04:41:25,013 [base.py] => CA Task 9 => Epoch 3/10 Loss 0.006, Test_accy -
2026-08-12 04:41:25,890 [base.py] => CA Task 9 => Epoch 4/10 Loss 0.006, Test_accy -
2026-08-12 04:41:26,772 [base.py] => CA Task 9 => Epoch 5/10 Loss 0.005, Test_accy -
2026-08-12 04:41:27,684 [base.py] => CA Task 9 => Epoch 6/10 Loss 0.005, Test_accy -
2026-08-12 04:41:28,560 [base.py] => CA Task 9 => Epoch 7/10 Loss 0.005, Test_accy -
2026-08-12 04:41:29,451 [base.py] => CA Task 9 => Epoch 8/10 Loss 0.005, Test_accy -
2026-08-12 04:41:30,315 [base.py] => CA Task 9 => Epoch 9/10 Loss 0.005, Test_accy -
2026-08-12 04:44:00,836 [base.py] => CA Task 9 => Epoch 10/10 Loss 0.005, Test_accy 91.410
2026-08-12 04:46:30,985 [trainer.py] => CNN: {'total': 91.41, '00-09': 89.8, '10-19': 90.6, '20-29': 94.9, '30-39': 92.0, '40-49': 88.6, '50-59': 87.1, '60-69': 92.5, '70-79': 89.2, '80-89': 95.0, '90-99': 94.4, 'old': 91.08, 'new': 94.4}
2026-08-12 04:46:36,662 [base.py] => Saved checkpoint: /content/drive/MyDrive/RSIAT_runs/ckpt/umt_weak_moment_topk/cifar224/10_10/seed_1993/task_9.pkl
2026-08-12 04:46:36,686 [trainer.py] => Removed superseded checkpoint: /content/drive/MyDrive/RSIAT_runs/ckpt/umt_weak_moment_topk/cifar224/10_10/seed_1993/task_8.pkl
2026-08-12 04:46:36,688 [trainer.py] => CNN top1 curve: [99.0, 97.3, 96.4, 95.6, 94.56, 93.65, 93.63, 92.08, 91.69, 91.41]
2026-08-12 04:46:36,688 [trainer.py] => CNN top5 curve: [100.0, 99.55, 99.53, 99.45, 99.48, 99.47, 99.47, 99.49, 99.22, 99.19]
2026-08-12 04:46:36,688 [trainer.py] => Average Accuracy (CNN): 94.532
2026-08-12 04:46:36,692 [trainer.py] => Average Seed Accuracy (CNN): 94.532
